Microchip MPLAB XC8 Compiler V1.41 ()

Linker command line:

-W-3 --edf=C:\Program Files (x86)\Microchip\xc8\v1.41\dat\en_msgs.txt -cs \
  -h+dist/default/production\i2c_slave_position.X.production.sym \
  --cmf=dist/default/production\i2c_slave_position.X.production.cmf -z \
  -Q16F1829 -oC:\Users\shiny\AppData\Local\Temp\sfbc.2 \
  -Mdist/default/production/i2c_slave_position.X.production.map -E1 \
  -ver=XC8 -ASTACK=02120h-023efh -pstack=STACK -ACODE=00h-07FFhx4 \
  -ASTRCODE=00h-01FFFh -ASTRING=00h-0FFhx32 -ACONST=00h-0FFhx32 \
  -AENTRY=00h-0FFhx32 -ACOMMON=070h-07Fh -ABANK0=020h-06Fh \
  -ABANK1=0A0h-0EFh -ABANK2=0120h-016Fh -ABANK3=01A0h-01EFh \
  -ABANK4=0220h-026Fh -ABANK5=02A0h-02EFh -ABANK6=0320h-036Fh \
  -ABANK7=03A0h-03EFh -ABANK8=0420h-046Fh -ABANK9=04A0h-04EFh \
  -ABANK10=0520h-056Fh -ABANK11=05A0h-05EFh -ABANK12=0620h-064Fh \
  -ABIGRAM=02000h-023EFh \
  -ARAM=020h-06Fh,0A0h-0EFh,0120h-016Fh,01A0h-01EFh,0220h-026Fh,02A0h-02EFh,0320h-036Fh,03A0h-03EFh,0420h-046Fh,04A0h-04EFh,0520h-056Fh,05A0h-05EFh,0620h-064Fh \
  -AABS1=020h-07Fh,0A0h-0EFh,0120h-016Fh,01A0h-01EFh,0220h-026Fh,02A0h-02EFh,0320h-036Fh,03A0h-03EFh,0420h-046Fh,04A0h-04EFh,0520h-056Fh,05A0h-05EFh,0620h-064Fh \
  -ASFR0=00h-01Fh -ASFR1=080h-09Fh -ASFR2=0100h-011Fh -ASFR3=0180h-019Fh \
  -ASFR4=0200h-021Fh -ASFR5=0280h-029Fh -ASFR6=0300h-031Fh \
  -ASFR7=0380h-039Fh -ASFR8=0400h-041Fh -ASFR9=0480h-049Fh \
  -ASFR10=0500h-051Fh -ASFR11=0580h-059Fh -ASFR12=0600h-061Fh \
  -ASFR13=0680h-06EFh -ASFR14=0700h-076Fh -ASFR15=0780h-07EFh \
  -ASFR16=0800h-086Fh -ASFR17=0880h-08EFh -ASFR18=0900h-096Fh \
  -ASFR19=0980h-09EFh -ASFR20=0A00h-0A6Fh -ASFR21=0A80h-0AEFh \
  -ASFR22=0B00h-0B6Fh -ASFR23=0B80h-0BEFh -ASFR24=0C00h-0C6Fh \
  -ASFR25=0C80h-0CEFh -ASFR26=0D00h-0D6Fh -ASFR27=0D80h-0DEFh \
  -ASFR28=0E00h-0E6Fh -ASFR29=0E80h-0EEFh -ASFR30=0F00h-0F6Fh \
  -ASFR31=0F80h-0FEFh -preset_vec=00h,intentry=04h,init,end_init \
  -ppowerup=CODE -pcinit=CODE -pfunctab=CODE -ACONFIG=08007h-08008h \
  -pconfig=CONFIG -DCONFIG=2 -AIDLOC=08000h-08003h -pidloc=IDLOC -DIDLOC=2 \
  -AEEDATA=00h-0FFh/0F000h -peeprom_data=EEDATA -DEEDATA=2 -DCODE=2 \
  -DSTRCODE=2 -DSTRING=2 -DCONST=2 -DENTRY=2 -k \
  C:\Users\shiny\AppData\Local\Temp\sfbc.obj \
  dist/default/production\i2c_slave_position.X.production.obj 

Object code version is 3.11

Machine type is 16F1829



                Name                               Link     Load   Length Selector   Space Scale
C:\Users\shiny\AppData\Local\Temp\sfbc.obj
                end_init                             30       30        2        8       0
                reset_vec                             0        0        2        0       0
                config                             8007     8007        2    1000E       0
dist/default/production\i2c_slave_position.X.production.obj
                cinit                                32       32       42        8       0
                intentry                              4        4       2C        8       0
                text58                              E97      E97       1B     1D2E       0
                text57                              EB2      EB2       1B     1D64       0
                text56                              D7E      D7E        4     1AFC       0
                text55                              D69      D69        3     1AD2       0
                text54                              749      749       3C      938       0
                text53                              D6C      D6C        3     1AD8       0
                text52                              D82      D82        4     1B04       0
                text51                              DFA      DFA        A     1BF4       0
                text50                              D6F      D6F        3     1ADE       0
                text49                                3        3        1        6       0
                text48                              EE9      EE9       1D     1DD2       0
                text47                              DD6      DD6        9     1BAC       0
                text46                              DB1      DB1        7     1B62       0
                text45                              D86      D86        4     1B0C       0
                text44                              D72      D72        3     1AE4       0
                swtext1                             800      800        A     1000       0
                text43                              49C      49C       C4      938       0
                text42                              FAC      FAC       27     1F58       0
                text40                              DC6      DC6        8     1B8C       0
                text39                              E7D      E7D       1A     1CFA       0
                text38                              D75      D75        3     1AEA       0
                text37                              F44      F44       21     1E88       0
                text36                              D9A      D9A        5     1B34       0
                text35                              F06      F06       1F     1E0C       0
                text34                              E0E      E0E        D     1C1C       0
                text33                              678      678       48      938       0
                text32                              F25      F25       1F     1E4A       0
                text31                              7FF      7FF        1      938       0
                text30                              F65      F65       23     1ECA       0
                text29                              DDF      DDF        9     1BBE       0
                text28                              DB8      DB8        7     1B70       0
                text27                              D8A      D8A        4     1B14       0
                text26                              D78      D78        3     1AF0       0
                text25                              E37      E37        F     1C6E       0
                text24                              D8E      D8E        4     1B1C       0
                text23                              ECD      ECD       1C     1D9A       0
                text22                              E46      E46        F     1C8C       0
                text21                              607      607       71      938       0
                text20                              DE8      DE8        9     1BD0       0
                text19                              DBF      DBF        7     1B7E       0
                text18                              7EE      7EE       10      938       0
                text17                              D7B      D7B        3     1AF6       0
                text16                              E64      E64       19     1CC8       0
                text15                              785      785       35      938       0
                text14                              FD3      FD3       2D     1FA6       0
                text13                              F88      F88       24     1F10       0
                text12                              D9F      D9F        6     1B3E       0
                text11                               74       74      1D5        8       0
                text10                              6C0      6C0       47      938       0
                text9                               E55      E55        F     1CAA       0
                text8                               E1B      E1B        E     1C36       0
                text7                               560      560       A7      938       0
                text6                               E04      E04        A     1C08       0
                text5                               707      707       42      938       0
                text4                               249      249      189        8       0
                text3                               DF1      DF1        9     1BE2       0
                text2                               E29      E29        E     1C52       0
                text1                               D92      D92        4     1B24       0
                maintext                            7BA      7BA       34      938       0
                cstackBANK0                          20       20       32       20       1
                cstackCOMMON                         70       70        A       70       1
                clrtext                             DA5      DA5        6     1B4A       0
                inittext                            DAB      DAB        6     1B56       0
                bssBANK3                            1A0      1A0       30      1A0       1
                bssBANK2                            120      120       30      120       1
                dataBANK1                            E8       E8        8       A0       1
                bssBANK1                             A0       A0       40       A0       1
                dataBANK0                            6C       6C        4       20       1
                bssBANK0                             52       52       1A       20       1
                dataCOMMON                           7D       7D        1       70       1
                bssCOMMON                            7A       7A        3       70       1
                nvBANK1                              E0       E0        8       A0       1
                stringtext                          3D2      3D2       CA      7A4       0
                idataBANK1                          DCE      DCE        8     1B9C       0
                idataBANK0                          D96      D96        4     1B2C       0
                idataCOMMON                         7FE      7FE        1      938       0

TOTAL           Name                               Link     Load   Length     Space
        CLASS   STACK          

        CLASS   CODE           
                end_init                             30       30        2         0
                cinit                                32       32       42         0
                intentry                              4        4       2C         0
                reset_vec                             0        0        2         0
                text58                              E97      E97       1B         0
                text57                              EB2      EB2       1B         0
                text56                              D7E      D7E        4         0
                text55                              D69      D69        3         0
                text54                              749      749       3C         0
                text53                              D6C      D6C        3         0
                text52                              D82      D82        4         0
                text51                              DFA      DFA        A         0
                text50                              D6F      D6F        3         0
                text49                                3        3        1         0
                text48                              EE9      EE9       1D         0
                text47                              DD6      DD6        9         0
                text46                              DB1      DB1        7         0
                text45                              D86      D86        4         0
                text44                              D72      D72        3         0
                text43                              49C      49C       C4         0
                text42                              FAC      FAC       27         0
                text40                              DC6      DC6        8         0
                text39                              E7D      E7D       1A         0
                text38                              D75      D75        3         0
                text37                              F44      F44       21         0
                text36                              D9A      D9A        5         0
                text35                              F06      F06       1F         0
                text34                              E0E      E0E        D         0
                text33                              678      678       48         0
                text32                              F25      F25       1F         0
                text31                              7FF      7FF        1         0
                text30                              F65      F65       23         0
                text29                              DDF      DDF        9         0
                text28                              DB8      DB8        7         0
                text27                              D8A      D8A        4         0
                text26                              D78      D78        3         0
                text25                              E37      E37        F         0
                text24                              D8E      D8E        4         0
                text23                              ECD      ECD       1C         0
                text22                              E46      E46        F         0
                text21                              607      607       71         0
                text20                              DE8      DE8        9         0
                text19                              DBF      DBF        7         0
                text18                              7EE      7EE       10         0
                text17                              D7B      D7B        3         0
                text16                              E64      E64       19         0
                text15                              785      785       35         0
                text14                              FD3      FD3       2D         0
                text13                              F88      F88       24         0
                text12                              D9F      D9F        6         0
                text11                               74       74      1D5         0
                text10                              6C0      6C0       47         0
                text9                               E55      E55        F         0
                text8                               E1B      E1B        E         0
                text7                               560      560       A7         0
                text6                               E04      E04        A         0
                text5                               707      707       42         0
                text4                               249      249      189         0
                text3                               DF1      DF1        9         0
                text2                               E29      E29        E         0
                text1                               D92      D92        4         0
                maintext                            7BA      7BA       34         0
                clrtext                             DA5      DA5        6         0
                inittext                            DAB      DAB        6         0
                idataBANK1                          DCE      DCE        8         0
                idataBANK0                          D96      D96        4         0
                idataCOMMON                         7FE      7FE        1         0

        CLASS   STRCODE        
                stringtext                          3D2      3D2       CA         0

        CLASS   STRING         

        CLASS   CONST          
                swtext1                             800      800        A         0

        CLASS   ENTRY          

        CLASS   COMMON         
                cstackCOMMON                         70       70        A         1
                dataCOMMON                           7D       7D        1         1
                bssCOMMON                            7A       7A        3         1

        CLASS   BANK0          
                cstackBANK0                          20       20       32         1
                dataBANK0                            6C       6C        4         1
                bssBANK0                             52       52       1A         1

        CLASS   BANK1          
                dataBANK1                            E8       E8        8         1
                bssBANK1                             A0       A0       40         1
                nvBANK1                              E0       E0        8         1

        CLASS   BANK2          
                bssBANK2                            120      120       30         1

        CLASS   BANK3          
                bssBANK3                            1A0      1A0       30         1

        CLASS   BANK4          

        CLASS   BANK5          

        CLASS   BANK6          

        CLASS   BANK7          

        CLASS   BANK8          

        CLASS   BANK9          

        CLASS   BANK10         

        CLASS   BANK11         

        CLASS   BANK12         

        CLASS   BIGRAM         

        CLASS   RAM            

        CLASS   ABS1           
                abs_s1                               7E       7E        2         1

        CLASS   SFR0           

        CLASS   SFR1           

        CLASS   SFR2           

        CLASS   SFR3           

        CLASS   SFR4           

        CLASS   SFR5           

        CLASS   SFR6           

        CLASS   SFR7           

        CLASS   SFR8           

        CLASS   SFR9           

        CLASS   SFR10          

        CLASS   SFR11          

        CLASS   SFR12          

        CLASS   SFR13          

        CLASS   SFR14          

        CLASS   SFR15          

        CLASS   SFR16          

        CLASS   SFR17          

        CLASS   SFR18          

        CLASS   SFR19          

        CLASS   SFR20          

        CLASS   SFR21          

        CLASS   SFR22          

        CLASS   SFR23          

        CLASS   SFR24          

        CLASS   SFR25          

        CLASS   SFR26          

        CLASS   SFR27          

        CLASS   SFR28          

        CLASS   SFR29          

        CLASS   SFR30          

        CLASS   SFR31          

        CLASS   CONFIG         
                config                             8007     8007        2         0

        CLASS   IDLOC          

        CLASS   EEDATA         

        CLASS   BANK31         

        CLASS   BANK30         

        CLASS   BANK29         

        CLASS   BANK28         

        CLASS   BANK27         

        CLASS   BANK26         

        CLASS   BANK25         

        CLASS   BANK24         

        CLASS   BANK23         

        CLASS   BANK22         

        CLASS   BANK21         

        CLASS   BANK20         

        CLASS   BANK19         

        CLASS   BANK18         

        CLASS   BANK17         

        CLASS   BANK16         

        CLASS   BANK15         

        CLASS   BANK14         

        CLASS   BANK13         



SEGMENTS        Name                           Load    Length   Top    Selector   Space  Class     Delta

                reset_vec                      000000  000002  000002         0       0  CODE        2
                text49                         000003  000001  000004         6       0  CODE        2
                intentry                       000004  0003CE  0003D2         8       0  CODE        2
                cstackBANK0                    000020  000050  000070        20       1  BANK0       1
                cstackCOMMON                   000070  00000E  00007E        70       1  COMMON      1
                bssBANK1                       0000A0  000050  0000F0        A0       1  BANK1       1
                bssBANK2                       000120  000030  000150       120       1  BANK2       1
                bssBANK3                       0001A0  000030  0001D0       1A0       1  BANK3       1
                stringtext                     0003D2  0000CA  00049C       7A4       0  STRCODE     2
                text43                         00049C  000364  000800       938       0  CODE        2
                swtext1                        000800  00000A  00080A      1000       0  CONST       2
                text55                         000D69  000003  000D6C      1AD2       0  CODE        2
                text53                         000D6C  000003  000D6F      1AD8       0  CODE        2
                text50                         000D6F  000003  000D72      1ADE       0  CODE        2
                text44                         000D72  000003  000D75      1AE4       0  CODE        2
                text38                         000D75  000003  000D78      1AEA       0  CODE        2
                text26                         000D78  000003  000D7B      1AF0       0  CODE        2
                text17                         000D7B  000003  000D7E      1AF6       0  CODE        2
                text56                         000D7E  000004  000D82      1AFC       0  CODE        2
                text52                         000D82  000004  000D86      1B04       0  CODE        2
                text45                         000D86  000004  000D8A      1B0C       0  CODE        2
                text27                         000D8A  000004  000D8E      1B14       0  CODE        2
                text24                         000D8E  000004  000D92      1B1C       0  CODE        2
                text1                          000D92  000004  000D96      1B24       0  CODE        2
                idataBANK0                     000D96  000004  000D9A      1B2C       0  CODE        2
                text36                         000D9A  000005  000D9F      1B34       0  CODE        2
                text12                         000D9F  000006  000DA5      1B3E       0  CODE        2
                clrtext                        000DA5  000006  000DAB      1B4A       0  CODE        2
                inittext                       000DAB  000006  000DB1      1B56       0  CODE        2
                text46                         000DB1  000007  000DB8      1B62       0  CODE        2
                text28                         000DB8  000007  000DBF      1B70       0  CODE        2
                text19                         000DBF  000007  000DC6      1B7E       0  CODE        2
                text40                         000DC6  000008  000DCE      1B8C       0  CODE        2
                idataBANK1                     000DCE  000008  000DD6      1B9C       0  CODE        2
                text47                         000DD6  000009  000DDF      1BAC       0  CODE        2
                text29                         000DDF  000009  000DE8      1BBE       0  CODE        2
                text20                         000DE8  000009  000DF1      1BD0       0  CODE        2
                text3                          000DF1  000009  000DFA      1BE2       0  CODE        2
                text51                         000DFA  00000A  000E04      1BF4       0  CODE        2
                text6                          000E04  00000A  000E0E      1C08       0  CODE        2
                text34                         000E0E  00000D  000E1B      1C1C       0  CODE        2
                text8                          000E1B  00000E  000E29      1C36       0  CODE        2
                text2                          000E29  00000E  000E37      1C52       0  CODE        2
                text25                         000E37  00000F  000E46      1C6E       0  CODE        2
                text22                         000E46  00000F  000E55      1C8C       0  CODE        2
                text9                          000E55  00000F  000E64      1CAA       0  CODE        2
                text16                         000E64  000019  000E7D      1CC8       0  CODE        2
                text39                         000E7D  00001A  000E97      1CFA       0  CODE        2
                text58                         000E97  00001B  000EB2      1D2E       0  CODE        2
                text57                         000EB2  00001B  000ECD      1D64       0  CODE        2
                text23                         000ECD  00001C  000EE9      1D9A       0  CODE        2
                text48                         000EE9  00001D  000F06      1DD2       0  CODE        2
                text35                         000F06  00001F  000F25      1E0C       0  CODE        2
                text32                         000F25  00001F  000F44      1E4A       0  CODE        2
                text37                         000F44  000021  000F65      1E88       0  CODE        2
                text30                         000F65  000023  000F88      1ECA       0  CODE        2
                text13                         000F88  000024  000FAC      1F10       0  CODE        2
                text42                         000FAC  000027  000FD3      1F58       0  CODE        2
                text14                         000FD3  00002D  001000      1FA6       0  CODE        2
                config                         008007  000002  008009     1000E       0  CONFIG      2


UNUSED ADDRESS RANGES

        Name                Unused          Largest block    Delta
        BANK10           00520-0056F              50           1
        BANK11           005A0-005EF              50           1
        BANK12           00620-0064F              30           1
        BANK2            00150-0016F              20           1
        BANK3            001D0-001EF              20           1
        BANK4            00220-0026F              50           1
        BANK5            002A0-002EF              50           1
        BANK6            00320-0036F              50           1
        BANK7            003A0-003EF              50           1
        BANK8            00420-0046F              50           1
        BANK9            004A0-004EF              50           1
        BIGRAM           02000-023EF             3F0           1
        CODE             00002-00002               1           2
                         0080A-00D68             55F
                         01000-01FFF             800
        CONST            00002-00002               1           2
                         0080A-00D68             100
                         01000-01FFF             100
        EEDATA           0F000-0F0FF             100           2
        ENTRY            00002-00002               1           2
                         0080A-00D68             100
                         01000-01FFF             100
        IDLOC            08000-08003               4           2
        RAM              00150-0016F              20           1
                         001D0-001EF              20
                         00220-0026F              50
                         002A0-002EF              50
                         00320-0036F              50
                         003A0-003EF              50
                         00420-0046F              50
                         004A0-004EF              50
                         00520-0056F              50
                         005A0-005EF              50
                         00620-0064F              30
        SFR0             00000-0001F              20           1
        SFR1             00080-0009F              20           1
        SFR10            00500-0051F              20           1
        SFR11            00580-0059F              20           1
        SFR12            00600-0061F              20           1
        SFR13            00680-006EF              70           1
        SFR14            00700-0076F              70           1
        SFR15            00780-007EF              70           1
        SFR16            00800-0086F              70           1
        SFR17            00880-008EF              70           1
        SFR18            00900-0096F              70           1
        SFR19            00980-009EF              70           1
        SFR2             00100-0011F              20           1
        SFR20            00A00-00A6F              70           1
        SFR21            00A80-00AEF              70           1
        SFR22            00B00-00B6F              70           1
        SFR23            00B80-00BEF              70           1
        SFR24            00C00-00C6F              70           1
        SFR25            00C80-00CEF              70           1
        SFR26            00D00-00D6F              70           1
        SFR27            00D80-00DEF              70           1
        SFR28            00E00-00E6F              70           1
        SFR29            00E80-00EEF              70           1
        SFR3             00180-0019F              20           1
        SFR30            00F00-00F6F              70           1
        SFR31            00F80-00FEF              70           1
        SFR4             00200-0021F              20           1
        SFR5             00280-0029F              20           1
        SFR6             00300-0031F              20           1
        SFR7             00380-0039F              20           1
        SFR8             00400-0041F              20           1
        SFR9             00480-0049F              20           1
        STACK            02120-023EF             2D0           1
        STRCODE          00002-00002               1           2
                         0080A-00D68             55F
                         01000-01FFF            1000
        STRING           00002-00002               1           2
                         0080A-00D68             100
                         01000-01FFF             100

                                  Symbol Table

?_ADC_GetConversionResult                   cstackBANK0  00020
?___lwdiv                                   cstackBANK0  00020
?___lwmod                                   cstackBANK0  00028
?___wmul                                    cstackBANK0  00020
?_abs                                       cstackBANK0  00020
?_atoi                                      cstackBANK0  00026
?_printf                                    cstackBANK0  0002E
?_strncmp                                   cstackBANK0  00020
ADC_SelectChannel@channel                   cstackBANK0  00021
DATAEE_ReadByte@bAdd                        cstackBANK0  00020
DATAEE_WriteByte@GIEBitValue                cstackBANK0  00022
DATAEE_WriteByte@bAdd                       cstackBANK0  00021
DATAEE_WriteByte@bData                      cstackBANK0  00020
EUSART_Read@readValue                       cstackBANK0  00021
EUSART_Write@txData                         cstackBANK0  00021
I2C1_ISR@i2c_data                           cstackCOMMON 00078
I2C1_StatusCallback@ext_buf                 bssBANK3     001A0
I2C1_StatusCallback@ext_cnt                 bssBANK0     00063
I2C1_StatusCallback@ext_len                 bssBANK0     00064
I2C1_StatusCallback@i2c_bus_state           cstackCOMMON 00075
I2C1_StatusCallback@next                    bssBANK0     00065
I2C1_StatusCallback@pdata                   cstackCOMMON 00076
I2C1_StatusCallback@slaveWriteType          bssBANK0     00066
PROTOCOL_EXT@char_buf                       cstackBANK0  00020
PROTOCOL_I2C_SEN@pdata                      cstackCOMMON 00071
PROTOCOL_I2C_Send_uint8_t@length            cstackBANK0  00046
PROTOCOL_I2C_Send_uint8_t@pbuffer           cstackBANK0  00042
PROTOCOL_I2C_Set_TLV@length                 cstackBANK0  00020
PROTOCOL_I2C_Set_TLV@pbuffer                cstackBANK0  00021
PROTOCOL_I2C_Set_TLV@status                 cstackBANK0  00024
PROTOCOL_I2C_Set_TLV@type                   cstackBANK0  00023
PROTOCOL_Initialize@device_id               cstackBANK0  00021
PROTOCOL_Initialize@inv_handler             cstackBANK0  00026
PROTOCOL_Initialize@scaler                  cstackBANK0  00028
PROTOCOL_Initialize@set_handler             cstackBANK0  00025
PROTOCOL_Initialize@start_handler           cstackBANK0  00023
PROTOCOL_Initialize@stop_handler            cstackBANK0  00024
PROTOCOL_Loop@c                             cstackBANK0  00050
PROTOCOL_Loop@device_address                cstackBANK0  00051
PROTOCOL_SET@value_                         cstackBANK0  00021
PROTOCOL_Send_uint8_t@pbuf                  bssBANK1     000DF
PROTOCOL_Set_Func@loop_func                 cstackBANK0  00020
PROTOCOL_Write_Device_Address@device_id_i2c cstackBANK0  00024
_ADCON0                                     (abs)        0009D
_ADCON0bits                                 (abs)        0009D
_ADCON1                                     (abs)        0009E
_ADC_GetConversionResult                    text20       00DE8
_ADC_Initialize                             text40       00DC6
_ADC_IsConversionDone                       text19       00DBF
_ADC_SelectChannel                          text18       007EE
_ADC_StartConversion                        text17       00D7B
_ADRESH                                     (abs)        0009C
_ADRESL                                     (abs)        0009B
_ANSELA                                     (abs)        0018C
_ANSELB                                     (abs)        0018D
_ANSELC                                     (abs)        0018E
_APFCON0                                    (abs)        0011D
_APFCON1                                    (abs)        0011E
_BACKPLANE_SLAVE_ADDRESS                    dataBANK0    0006E
_BAUDCON                                    (abs)        0019F
_DATAEE_ReadByte                            text34       00E0E
_DATAEE_WriteByte                           text30       00F65
_EEADRH                                     (abs)        00192
_EEADRL                                     (abs)        00191
_EECON1bits                                 (abs)        00195
_EECON2                                     (abs)        00196
_EEDATH                                     (abs)        00194
_EEDATL                                     (abs)        00193
_EUSART_Initialize                          text39       00E7D
_EUSART_Read                                text32       00F25
_EUSART_Receive_ISR                         text58       00E97
_EUSART_Transmit_ISR                        text57       00EB2
_EUSART_Write                               text13       00F88
_I2C1_ISR                                   text42       00FAC
_I2C1_Initialize                            text37       00F44
_I2C1_StatusCallback                        text43       0049C
_I2C_slaveWriteData                         dataCOMMON   0007D
_INTCONbits                                 (abs)        0000B
_INTERRUPT_InterruptManager                 intentry     00004
_LATA                                       (abs)        0010C
_LATB                                       (abs)        0010D
_LATC                                       (abs)        0010E
_LATCbits                                   (abs)        0010E
_OPTION_REG                                 (abs)        00095
_OPTION_REGbits                             (abs)        00095
_OSCCON                                     (abs)        00099
_OSCILLATOR_Initialize                      text36       00D9A
_OSCTUNE                                    (abs)        00098
_PIE1bits                                   (abs)        00091
_PIN_MANAGER_Initialize                     text35       00F06
_PIR1bits                                   (abs)        00011
_PROTOCOL_Backplane_Slave_Enabled           text56       00D7E
_PROTOCOL_EXT                               text31       007FF
_PROTOCOL_Extension_Handler                 bssBANK1     000BA
_PROTOCOL_I2C_GET                           text55       00D69
_PROTOCOL_I2C_SEN                           text54       00749
_PROTOCOL_I2C_Send_uint8_t                  text10       006C0
_PROTOCOL_I2C_Set_TLV                       text16       00E64
_PROTOCOL_I2C_WHO                           text53       00D6C
_PROTOCOL_INV                               text52       00D82
_PROTOCOL_Initialize                        text33       00678
_PROTOCOL_Inv_Handler                       bssBANK0     00052
_PROTOCOL_Loop                              text4        00249
_PROTOCOL_Loop_Func                         bssBANK1     000BC
_PROTOCOL_RST                               text51       00DFA
_PROTOCOL_Read_Device_Address               text38       00D75
_PROTOCOL_Read_Lock                         text50       00D6F
_PROTOCOL_SAV                               text29       00DDF
_PROTOCOL_SET                               text28       00DB8
_PROTOCOL_STA                               text27       00D8A
_PROTOCOL_STP                               text26       00D78
_PROTOCOL_Set_Func                          text3        00DF1
_PROTOCOL_Set_Handler                       nvBANK1      000E2
_PROTOCOL_Start_Handler                     nvBANK1      000E6
_PROTOCOL_Stop_Handler                      nvBANK1      000E4
_PROTOCOL_Tick_Handler                      bssBANK1     000B8
_PROTOCOL_Write_Device_Address              text25       00E37
_RCREG                                      (abs)        00199
_RCSTA                                      (abs)        0019D
_RCSTAbits                                  (abs)        0019D
_SPBRGH                                     (abs)        0019C
_SPBRGL                                     (abs)        0019B
_SSP1ADD                                    (abs)        00212
_SSP1BUF                                    (abs)        00211
_SSP1CON1                                   (abs)        00215
_SSP1CON1bits                               (abs)        00215
_SSP1CON2                                   (abs)        00216
_SSP1CON2bits                               (abs)        00216
_SSP1CON3                                   (abs)        00217
_SSP1MSK                                    (abs)        00213
_SSP1STAT                                   (abs)        00214
_SSP1STATbits                               (abs)        00214
_TMR0                                       (abs)        00015
_TMR0IF                                     (abs)        0005A
_TMR0_HasOverflowOccured                    text24       00D8E
_TMR0_Initialize                            text2        00E29
_TRISA                                      (abs)        0008C
_TRISB                                      (abs)        0008D
_TRISC                                      (abs)        0008E
_TXREG                                      (abs)        0019A
_TXSTA                                      (abs)        0019E
_WDTCON                                     (abs)        00097
_WDT_Initialize                             text1        00D92
_WPUA                                       (abs)        0020C
_WPUB                                       (abs)        0020D
_WPUC                                       (abs)        0020E
__CFG_BOREN$ON                              (abs)        00000
__CFG_BORV$LO                               (abs)        00000
__CFG_CLKOUTEN$OFF                          (abs)        00000
__CFG_CP$OFF                                (abs)        00000
__CFG_CPD$OFF                               (abs)        00000
__CFG_FCMEN$ON                              (abs)        00000
__CFG_FOSC$INTOSC                           (abs)        00000
__CFG_IESO$ON                               (abs)        00000
__CFG_LVP$ON                                (abs)        00000
__CFG_MCLRE$ON                              (abs)        00000
__CFG_PLLEN$ON                              (abs)        00000
__CFG_PWRTE$OFF                             (abs)        00000
__CFG_STVREN$ON                             (abs)        00000
__CFG_WDTE$OFF                              (abs)        00000
__CFG_WRT$OFF                               (abs)        00000
__Habs1                                     abs1         00000
__Hbank0                                    bank0        00000
__Hbank1                                    bank1        00000
__Hbank10                                   bank10       00000
__Hbank11                                   bank11       00000
__Hbank12                                   bank12       00000
__Hbank13                                   bank13       00000
__Hbank14                                   bank14       00000
__Hbank15                                   bank15       00000
__Hbank16                                   bank16       00000
__Hbank17                                   bank17       00000
__Hbank18                                   bank18       00000
__Hbank19                                   bank19       00000
__Hbank2                                    bank2        00000
__Hbank20                                   bank20       00000
__Hbank21                                   bank21       00000
__Hbank22                                   bank22       00000
__Hbank23                                   bank23       00000
__Hbank24                                   bank24       00000
__Hbank25                                   bank25       00000
__Hbank26                                   bank26       00000
__Hbank27                                   bank27       00000
__Hbank28                                   bank28       00000
__Hbank29                                   bank29       00000
__Hbank3                                    bank3        00000
__Hbank30                                   bank30       00000
__Hbank31                                   bank31       00000
__Hbank4                                    bank4        00000
__Hbank5                                    bank5        00000
__Hbank6                                    bank6        00000
__Hbank7                                    bank7        00000
__Hbank8                                    bank8        00000
__Hbank9                                    bank9        00000
__Hbigram                                   bigram       00000
__HbssBANK0                                 bssBANK0     00000
__HbssBANK1                                 bssBANK1     00000
__HbssBANK2                                 bssBANK2     00000
__HbssBANK3                                 bssBANK3     00000
__HbssCOMMON                                bssCOMMON    00000
__Hcinit                                    cinit        00074
__Hclrtext                                  clrtext      00000
__Hcode                                     code         00000
__Hcommon                                   common       00000
__Hconfig                                   config       08009
__HcstackBANK0                              cstackBANK0  00000
__HcstackCOMMON                             cstackCOMMON 00000
__HdataBANK0                                dataBANK0    00000
__HdataBANK1                                dataBANK1    00000
__HdataCOMMON                               dataCOMMON   00000
__Heeprom_data                              eeprom_data  00000
__Hend_init                                 end_init     00032
__Hfunctab                                  functab      00000
__HidataBANK0                               idataBANK0   00000
__HidataBANK1                               idataBANK1   00000
__HidataCOMMON                              idataCOMMON  00000
__Hidloc                                    idloc        00000
__Hinit                                     init         00030
__Hinittext                                 inittext     00000
__Hintentry                                 intentry     00030
__Hmaintext                                 maintext     00000
__HnvBANK1                                  nvBANK1      00000
__Hpowerup                                  powerup      00000
__Hram                                      ram          00000
__Hreset_vec                                reset_vec    00002
__Hsfr0                                     sfr0         00000
__Hsfr1                                     sfr1         00000
__Hsfr10                                    sfr10        00000
__Hsfr11                                    sfr11        00000
__Hsfr12                                    sfr12        00000
__Hsfr13                                    sfr13        00000
__Hsfr14                                    sfr14        00000
__Hsfr15                                    sfr15        00000
__Hsfr16                                    sfr16        00000
__Hsfr17                                    sfr17        00000
__Hsfr18                                    sfr18        00000
__Hsfr19                                    sfr19        00000
__Hsfr2                                     sfr2         00000
__Hsfr20                                    sfr20        00000
__Hsfr21                                    sfr21        00000
__Hsfr22                                    sfr22        00000
__Hsfr23                                    sfr23        00000
__Hsfr24                                    sfr24        00000
__Hsfr25                                    sfr25        00000
__Hsfr26                                    sfr26        00000
__Hsfr27                                    sfr27        00000
__Hsfr28                                    sfr28        00000
__Hsfr29                                    sfr29        00000
__Hsfr3                                     sfr3         00000
__Hsfr30                                    sfr30        00000
__Hsfr31                                    sfr31        00000
__Hsfr4                                     sfr4         00000
__Hsfr5                                     sfr5         00000
__Hsfr6                                     sfr6         00000
__Hsfr7                                     sfr7         00000
__Hsfr8                                     sfr8         00000
__Hsfr9                                     sfr9         00000
__Hspace_0                                  (abs)        08009
__Hspace_1                                  (abs)        001D0
__Hspace_2                                  (abs)        00000
__Hspace_3                                  (abs)        00000
__Hstack                                    stack        00000
__Hstrings                                  strings      00000
__Hstringtext                               stringtext   00000
__Htext                                     text         00000
__Labs1                                     abs1         00000
__Lbank0                                    bank0        00000
__Lbank1                                    bank1        00000
__Lbank10                                   bank10       00000
__Lbank11                                   bank11       00000
__Lbank12                                   bank12       00000
__Lbank13                                   bank13       00000
__Lbank14                                   bank14       00000
__Lbank15                                   bank15       00000
__Lbank16                                   bank16       00000
__Lbank17                                   bank17       00000
__Lbank18                                   bank18       00000
__Lbank19                                   bank19       00000
__Lbank2                                    bank2        00000
__Lbank20                                   bank20       00000
__Lbank21                                   bank21       00000
__Lbank22                                   bank22       00000
__Lbank23                                   bank23       00000
__Lbank24                                   bank24       00000
__Lbank25                                   bank25       00000
__Lbank26                                   bank26       00000
__Lbank27                                   bank27       00000
__Lbank28                                   bank28       00000
__Lbank29                                   bank29       00000
__Lbank3                                    bank3        00000
__Lbank30                                   bank30       00000
__Lbank31                                   bank31       00000
__Lbank4                                    bank4        00000
__Lbank5                                    bank5        00000
__Lbank6                                    bank6        00000
__Lbank7                                    bank7        00000
__Lbank8                                    bank8        00000
__Lbank9                                    bank9        00000
__Lbigram                                   bigram       00000
__LbssBANK0                                 bssBANK0     00000
__LbssBANK1                                 bssBANK1     00000
__LbssBANK2                                 bssBANK2     00000
__LbssBANK3                                 bssBANK3     00000
__LbssCOMMON                                bssCOMMON    00000
__Lcinit                                    cinit        00032
__Lclrtext                                  clrtext      00000
__Lcode                                     code         00000
__Lcommon                                   common       00000
__Lconfig                                   config       08007
__LcstackBANK0                              cstackBANK0  00000
__LcstackCOMMON                             cstackCOMMON 00000
__LdataBANK0                                dataBANK0    00000
__LdataBANK1                                dataBANK1    00000
__LdataCOMMON                               dataCOMMON   00000
__Leeprom_data                              eeprom_data  00000
__Lend_init                                 end_init     00030
__Lfunctab                                  functab      00000
__LidataBANK0                               idataBANK0   00000
__LidataBANK1                               idataBANK1   00000
__LidataCOMMON                              idataCOMMON  00000
__Lidloc                                    idloc        00000
__Linit                                     init         00030
__Linittext                                 inittext     00000
__Lintentry                                 intentry     00004
__Lmaintext                                 maintext     00000
__LnvBANK1                                  nvBANK1      00000
__Lpowerup                                  powerup      00000
__Lram                                      ram          00000
__Lreset_vec                                reset_vec    00000
__Lsfr0                                     sfr0         00000
__Lsfr1                                     sfr1         00000
__Lsfr10                                    sfr10        00000
__Lsfr11                                    sfr11        00000
__Lsfr12                                    sfr12        00000
__Lsfr13                                    sfr13        00000
__Lsfr14                                    sfr14        00000
__Lsfr15                                    sfr15        00000
__Lsfr16                                    sfr16        00000
__Lsfr17                                    sfr17        00000
__Lsfr18                                    sfr18        00000
__Lsfr19                                    sfr19        00000
__Lsfr2                                     sfr2         00000
__Lsfr20                                    sfr20        00000
__Lsfr21                                    sfr21        00000
__Lsfr22                                    sfr22        00000
__Lsfr23                                    sfr23        00000
__Lsfr24                                    sfr24        00000
__Lsfr25                                    sfr25        00000
__Lsfr26                                    sfr26        00000
__Lsfr27                                    sfr27        00000
__Lsfr28                                    sfr28        00000
__Lsfr29                                    sfr29        00000
__Lsfr3                                     sfr3         00000
__Lsfr30                                    sfr30        00000
__Lsfr31                                    sfr31        00000
__Lsfr4                                     sfr4         00000
__Lsfr5                                     sfr5         00000
__Lsfr6                                     sfr6         00000
__Lsfr7                                     sfr7         00000
__Lsfr8                                     sfr8         00000
__Lsfr9                                     sfr9         00000
__Lspace_0                                  (abs)        00000
__Lspace_1                                  (abs)        00000
__Lspace_2                                  (abs)        00000
__Lspace_3                                  (abs)        00000
__Lstack                                    stack        00000
__Lstrings                                  strings      00000
__Lstringtext                               stringtext   00000
__Ltext                                     text         00000
__S0                                        (abs)        08009
__S1                                        (abs)        001D0
__S2                                        (abs)        00000
__S3                                        (abs)        00000
___int_sp                                   stack        00000
___latbits                                  (abs)        00002
___lwdiv                                    text15       00785
___lwdiv@counter                            cstackBANK0  00027
___lwdiv@dividend                           cstackBANK0  00022
___lwdiv@divisor                            cstackBANK0  00020
___lwdiv@quotient                           cstackBANK0  00025
___lwmod                                    text14       00FD3
___lwmod@counter                            cstackBANK0  0002D
___lwmod@dividend                           cstackBANK0  0002A
___lwmod@divisor                            cstackBANK0  00028
___sp                                       stack        00000
___wmul                                     text23       00ECD
___wmul@multiplicand                        cstackBANK0  00022
___wmul@multiplier                          cstackBANK0  00020
___wmul@product                             cstackBANK0  00024
__end_of_ADC_GetConversionResult            text20       00DF1
__end_of_ADC_Initialize                     text40       00DCE
__end_of_ADC_IsConversionDone               text19       00DC6
__end_of_ADC_SelectChannel                  text18       007FE
__end_of_ADC_StartConversion                text17       00D7E
__end_of_DATAEE_ReadByte                    text34       00E1B
__end_of_DATAEE_WriteByte                   text30       00F88
__end_of_EUSART_Initialize                  text39       00E97
__end_of_EUSART_Read                        text32       00F44
__end_of_EUSART_Receive_ISR                 text58       00EB2
__end_of_EUSART_Transmit_ISR                text57       00ECD
__end_of_EUSART_Write                       text13       00FAC
__end_of_I2C1_ISR                           text42       00FD3
__end_of_I2C1_Initialize                    text37       00F65
__end_of_I2C1_StatusCallback                text43       00560
__end_of_INTERRUPT_InterruptManager         intentry     00030
__end_of_OSCILLATOR_Initialize              text36       00D9F
__end_of_PIN_MANAGER_Initialize             text35       00F25
__end_of_PROTOCOL_Backplane_Slave_Enabled   text56       00D82
__end_of_PROTOCOL_EXT                       text31       00800
__end_of_PROTOCOL_I2C_GET                   text55       00D6C
__end_of_PROTOCOL_I2C_SEN                   text54       00785
__end_of_PROTOCOL_I2C_Send_uint8_t          text10       00707
__end_of_PROTOCOL_I2C_Set_TLV               text16       00E7D
__end_of_PROTOCOL_I2C_WHO                   text53       00D6F
__end_of_PROTOCOL_INV                       text52       00D86
__end_of_PROTOCOL_Initialize                text33       006C0
__end_of_PROTOCOL_Loop                      text4        003D2
__end_of_PROTOCOL_RST                       text51       00E04
__end_of_PROTOCOL_Read_Device_Address       text38       00D78
__end_of_PROTOCOL_Read_Lock                 text50       00D72
__end_of_PROTOCOL_SAV                       text29       00DE8
__end_of_PROTOCOL_SET                       text28       00DBF
__end_of_PROTOCOL_STA                       text27       00D8E
__end_of_PROTOCOL_STP                       text26       00D7B
__end_of_PROTOCOL_Set_Func                  text3        00DFA
__end_of_PROTOCOL_Write_Device_Address      text25       00E46
__end_of_TMR0_HasOverflowOccured            text24       00D92
__end_of_TMR0_Initialize                    text2        00E37
__end_of_WDT_Initialize                     text1        00D96
__end_of___lwdiv                            text15       007BA
__end_of___lwmod                            text14       01000
__end_of___wmul                             text23       00EE9
__end_of__initialization                    cinit        00070
__end_of_abs                                text9        00E64
__end_of_atoi                               text21       00678
__end_of_dpowers                            stringtext   003DC
__end_of_isdigit                            text22       00E55
__end_of_led_blink                          text8        00E29
__end_of_loop_func                          text7        00607
__end_of_main                               maintext     007EE
__end_of_printf                             text11       00249
__end_of_putch                              text12       00DA5
__end_of_set_handler                        text6        00E0E
__end_of_strncmp                            text5        00749
__end_ofi1_DATAEE_WriteByte                 text48       00F06
__end_ofi1_PROTOCOL_EXT                     text49       00004
__end_ofi1_PROTOCOL_SAV                     text47       00DDF
__end_ofi1_PROTOCOL_SET                     text46       00DB8
__end_ofi1_PROTOCOL_STA                     text45       00D8A
__end_ofi1_PROTOCOL_STP                     text44       00D75
__initialization                            cinit        00032
__pbssBANK0                                 bssBANK0     00052
__pbssBANK1                                 bssBANK1     000A0
__pbssBANK2                                 bssBANK2     00120
__pbssBANK3                                 bssBANK3     001A0
__pbssCOMMON                                bssCOMMON    0007A
__pcstackBANK0                              cstackBANK0  00020
__pcstackCOMMON                             cstackCOMMON 00070
__pdataBANK0                                dataBANK0    0006C
__pdataBANK1                                dataBANK1    000E8
__pdataCOMMON                               dataCOMMON   0007D
__pidataBANK0                               idataBANK0   00D96
__pidataBANK1                               idataBANK1   00DCE
__pidataCOMMON                              idataCOMMON  007FE
__pintentry                                 intentry     00004
__pmaintext                                 maintext     007BA
__pnvBANK1                                  nvBANK1      000E0
__pstringtext                               stringtext   003D2
__pswtext1                                  swtext1      00800
__ptext1                                    text1        00D92
__ptext10                                   text10       006C0
__ptext11                                   text11       00074
__ptext12                                   text12       00D9F
__ptext13                                   text13       00F88
__ptext14                                   text14       00FD3
__ptext15                                   text15       00785
__ptext16                                   text16       00E64
__ptext17                                   text17       00D7B
__ptext18                                   text18       007EE
__ptext19                                   text19       00DBF
__ptext2                                    text2        00E29
__ptext20                                   text20       00DE8
__ptext21                                   text21       00607
__ptext22                                   text22       00E46
__ptext23                                   text23       00ECD
__ptext24                                   text24       00D8E
__ptext25                                   text25       00E37
__ptext26                                   text26       00D78
__ptext27                                   text27       00D8A
__ptext28                                   text28       00DB8
__ptext29                                   text29       00DDF
__ptext3                                    text3        00DF1
__ptext30                                   text30       00F65
__ptext31                                   text31       007FF
__ptext32                                   text32       00F25
__ptext33                                   text33       00678
__ptext34                                   text34       00E0E
__ptext35                                   text35       00F06
__ptext36                                   text36       00D9A
__ptext37                                   text37       00F44
__ptext38                                   text38       00D75
__ptext39                                   text39       00E7D
__ptext4                                    text4        00249
__ptext40                                   text40       00DC6
__ptext42                                   text42       00FAC
__ptext43                                   text43       0049C
__ptext44                                   text44       00D72
__ptext45                                   text45       00D86
__ptext46                                   text46       00DB1
__ptext47                                   text47       00DD6
__ptext48                                   text48       00EE9
__ptext49                                   text49       00003
__ptext5                                    text5        00707
__ptext50                                   text50       00D6F
__ptext51                                   text51       00DFA
__ptext52                                   text52       00D82
__ptext53                                   text53       00D6C
__ptext54                                   text54       00749
__ptext55                                   text55       00D69
__ptext56                                   text56       00D7E
__ptext57                                   text57       00EB2
__ptext58                                   text58       00E97
__ptext6                                    text6        00E04
__ptext7                                    text7        00560
__ptext8                                    text8        00E1B
__ptext9                                    text9        00E55
__size_of_ADC_GetConversionResult           (abs)        00000
__size_of_ADC_Initialize                    (abs)        00000
__size_of_ADC_IsConversionDone              (abs)        00000
__size_of_ADC_SelectChannel                 (abs)        00000
__size_of_ADC_StartConversion               (abs)        00000
__size_of_DATAEE_ReadByte                   (abs)        00000
__size_of_DATAEE_WriteByte                  (abs)        00000
__size_of_EUSART_Initialize                 (abs)        00000
__size_of_EUSART_Read                       (abs)        00000
__size_of_EUSART_Receive_ISR                (abs)        00000
__size_of_EUSART_Transmit_ISR               (abs)        00000
__size_of_EUSART_Write                      (abs)        00000
__size_of_I2C1_ISR                          (abs)        00000
__size_of_I2C1_Initialize                   (abs)        00000
__size_of_I2C1_StatusCallback               (abs)        00000
__size_of_INTERRUPT_InterruptManager        (abs)        00000
__size_of_OSCILLATOR_Initialize             (abs)        00000
__size_of_PIN_MANAGER_Initialize            (abs)        00000
__size_of_PROTOCOL_Backplane_Slave_Enabled  (abs)        00000
__size_of_PROTOCOL_EXT                      (abs)        00000
__size_of_PROTOCOL_I2C_GET                  (abs)        00000
__size_of_PROTOCOL_I2C_SEN                  (abs)        00000
__size_of_PROTOCOL_I2C_Send_uint8_t         (abs)        00000
__size_of_PROTOCOL_I2C_Set_TLV              (abs)        00000
__size_of_PROTOCOL_I2C_WHO                  (abs)        00000
__size_of_PROTOCOL_INV                      (abs)        00000
__size_of_PROTOCOL_Initialize               (abs)        00000
__size_of_PROTOCOL_Loop                     (abs)        00000
__size_of_PROTOCOL_RST                      (abs)        00000
__size_of_PROTOCOL_Read_Device_Address      (abs)        00000
__size_of_PROTOCOL_Read_Lock                (abs)        00000
__size_of_PROTOCOL_SAV                      (abs)        00000
__size_of_PROTOCOL_SET                      (abs)        00000
__size_of_PROTOCOL_STA                      (abs)        00000
__size_of_PROTOCOL_STP                      (abs)        00000
__size_of_PROTOCOL_Set_Func                 (abs)        00000
__size_of_PROTOCOL_Write_Device_Address     (abs)        00000
__size_of_TMR0_HasOverflowOccured           (abs)        00000
__size_of_TMR0_Initialize                   (abs)        00000
__size_of_WDT_Initialize                    (abs)        00000
__size_of___lwdiv                           (abs)        00000
__size_of___lwmod                           (abs)        00000
__size_of___wmul                            (abs)        00000
__size_of_abs                               (abs)        00000
__size_of_atoi                              (abs)        00000
__size_of_isdigit                           (abs)        00000
__size_of_led_blink                         (abs)        00000
__size_of_loop_func                         (abs)        00000
__size_of_main                              (abs)        00000
__size_of_printf                            (abs)        00000
__size_of_putch                             (abs)        00000
__size_of_set_handler                       (abs)        00000
__size_of_strncmp                           (abs)        00000
__size_ofi1_DATAEE_WriteByte                (abs)        00000
__size_ofi1_PROTOCOL_EXT                    (abs)        00000
__size_ofi1_PROTOCOL_SAV                    (abs)        00000
__size_ofi1_PROTOCOL_SET                    (abs)        00000
__size_ofi1_PROTOCOL_STA                    (abs)        00000
__size_ofi1_PROTOCOL_STP                    (abs)        00000
_abs                                        text9        00E55
_ain                                        dataBANK0    0006D
_analog_in                                  dataBANK1    000E8
_atoi                                       text21       00607
_backplane_slave_enabled                    bssBANK0     00055
_buf                                        bssBANK2     00120
_cnt                                        bssBANK0     0005D
_count                                      bssBANK1     000B0
_device_id_                                 nvBANK1      000E0
_dpowers                                    stringtext   003D2
_eusartRxBuffer                             bssBANK1     000A0
_eusartRxCount                              bssBANK0     00060
_eusartRxHead                               bssBANK0     00062
_eusartRxTail                               bssBANK0     00061
_eusartTxBuffer                             bssBANK1     000A8
_eusartTxBufferRemaining                    bssCOMMON    0007A
_eusartTxHead                               bssCOMMON    0007C
_eusartTxTail                               bssCOMMON    0007B
_i                                          bssBANK0     00054
_invoked                                    bssBANK0     00059
_isdigit                                    text22       00E46
_isdigit$1266                               cstackBANK0  00020
_led_blink                                  text8        00E1B
_locked                                     bssBANK0     0005B
_loop_func                                  text7        00560
_main                                       maintext     007BA
_position                                   bssBANK1     000D1
_printf                                     text11       00074
_putch                                      text12       00D9F
_readbuf                                    bssBANK0     00067
_running                                    bssBANK0     0005A
_sec_cnt                                    bssBANK0     00058
_sendbuf                                    bssBANK1     000C1
_set_handler                                text6        00E04
_slave_address                              bssBANK0     0005E
_strncmp                                    text5        00707
_timer0ReloadVal                            bssBANK0     0005F
_tmr_cnt                                    bssBANK0     00057
_tmr_overflow                               bssBANK0     00056
_tmr_scaler                                 dataBANK0    0006C
_type_no_data                               dataBANK0    0006F
_value                                      bssBANK0     0005C
abs@a                                       cstackBANK0  00020
atoi@a                                      cstackBANK0  0002B
atoi@s                                      cstackBANK0  0002D
atoi@sign                                   cstackBANK0  0002A
btemp                                       (abs)        0007E
clear_ram0                                  clrtext      00DA5
end_of_initialization                       cinit        00070
i1DATAEE_WriteByte@GIEBitValue              cstackCOMMON 00072
i1DATAEE_WriteByte@bAdd                     cstackCOMMON 00071
i1DATAEE_WriteByte@bData                    cstackCOMMON 00070
i1PROTOCOL_SET@value_                       cstackCOMMON 00071
i1_DATAEE_WriteByte                         text48       00EE9
i1_PROTOCOL_EXT                             text49       00003
i1_PROTOCOL_SAV                             text47       00DD6
i1_PROTOCOL_SET                             text46       00DB1
i1_PROTOCOL_STA                             text45       00D86
i1_PROTOCOL_STP                             text44       00D72
init_ram                                    inittext     00DAB
int$flags                                   (abs)        0007E
intlevel0                                   functab      00000
intlevel1                                   functab      00000
intlevel2                                   functab      00000
intlevel3                                   functab      00000
intlevel4                                   functab      00000
intlevel5                                   functab      00000
isdigit@c                                   cstackBANK0  00021
loop_func@i                                 cstackBANK0  0004D
loop_func@out                               cstackBANK0  00048
loop_func@transition_detected               cstackBANK0  0004A
loop_func@v                                 cstackBANK0  0004B
printf@ap                                   cstackBANK0  00039
printf@c                                    cstackBANK0  00041
printf@cp                                   cstackBANK0  00037
printf@f                                    cstackBANK0  0002E
printf@flag                                 cstackBANK0  0003E
printf@len                                  cstackBANK0  0003C
printf@prec                                 cstackBANK0  00036
printf@val                                  cstackBANK0  0003A
printf@width                                cstackBANK0  0003F
putch@txData                                cstackBANK0  00022
reset_vec                                   reset_vec    00000
set_handler@value                           cstackBANK0  00020
stackhi                                     (abs)        023EF
stacklo                                     (abs)        02120
start                                       init         00030
start_initialization                        cinit        00032
strncmp@len                                 cstackBANK0  00023
strncmp@s1                                  cstackBANK0  00020
strncmp@s2                                  cstackBANK0  00022
wtemp0                                      (abs)        0007E


FUNCTION INFORMATION:

 *************** function _main *****************
 Defined at:
		line 102 in file "main.c"
 Parameters:    Size  Location     Type
		None
 Auto vars:     Size  Location     Type
		None
 Return value:  Size  Location     Type
                  1    wreg      void 
 Registers used:
		wreg, fsr0l, fsr0h, fsr1l, fsr1h, status,2, status,0, pclath, cstack
 Tracked objects:
		On entry : 
		On exit  : 
		Unchanged: 
 Data sizes:     COMMON   BANK0   BANK1   BANK2   BANK3   BANK4   BANK5   BANK6   BANK7   BANK8   BANK9  BANK10  BANK11  BANK12
      Params:         0       0       0       0       0       0       0       0       0       0       0       0       0       0
      Locals:         0       0       0       0       0       0       0       0       0       0       0       0       0       0
      Temps:          0       0       0       0       0       0       0       0       0       0       0       0       0       0
      Totals:         0       0       0       0       0       0       0       0       0       0       0       0       0       0
Total ram usage:        0 bytes
 Hardware stack levels required when called:   11
 This function calls:
		_ADC_Initialize
		_EUSART_Initialize
		_I2C1_Initialize
		_OSCILLATOR_Initialize
		_PIN_MANAGER_Initialize
		_PROTOCOL_Initialize
		_PROTOCOL_Loop
		_PROTOCOL_Set_Func
		_TMR0_Initialize
		_WDT_Initialize
 This function is called by:
		Startup code after reset
 This function uses a non-reentrant model


 *************** function _WDT_Initialize *****************
 Defined at:
		line 89 in file "mcc_generated_files/mcc.c"
 Parameters:    Size  Location     Type
		None
 Auto vars:     Size  Location     Type
		None
 Return value:  Size  Location     Type
                  1    wreg      void 
 Registers used:
		wreg
 Tracked objects:
		On entry : 
		On exit  : 
		Unchanged: 
 Data sizes:     COMMON   BANK0   BANK1   BANK2   BANK3   BANK4   BANK5   BANK6   BANK7   BANK8   BANK9  BANK10  BANK11  BANK12
      Params:         0       0       0       0       0       0       0       0       0       0       0       0       0       0
      Locals:         0       0       0       0       0       0       0       0       0       0       0       0       0       0
      Temps:          0       0       0       0       0       0       0       0       0       0       0       0       0       0
      Totals:         0       0       0       0       0       0       0       0       0       0       0       0       0       0
Total ram usage:        0 bytes
 Hardware stack levels used:    1
 Hardware stack levels required when called:    5
 This function calls:
		Nothing
 This function is called by:
		_main
		_SYSTEM_Initialize
 This function uses a non-reentrant model


 *************** function _TMR0_Initialize *****************
 Defined at:
		line 62 in file "mcc_generated_files/tmr0.c"
 Parameters:    Size  Location     Type
		None
 Auto vars:     Size  Location     Type
		None
 Return value:  Size  Location     Type
                  1    wreg      void 
 Registers used:
		wreg, status,2
 Tracked objects:
		On entry : 
		On exit  : 
		Unchanged: 
 Data sizes:     COMMON   BANK0   BANK1   BANK2   BANK3   BANK4   BANK5   BANK6   BANK7   BANK8   BANK9  BANK10  BANK11  BANK12
      Params:         0       0       0       0       0       0       0       0       0       0       0       0       0       0
      Locals:         0       0       0       0       0       0       0       0       0       0       0       0       0       0
      Temps:          0       1       0       0       0       0       0       0       0       0       0       0       0       0
      Totals:         0       1       0       0       0       0       0       0       0       0       0       0       0       0
Total ram usage:        1 bytes
 Hardware stack levels used:    1
 Hardware stack levels required when called:    5
 This function calls:
		Nothing
 This function is called by:
		_main
		_SYSTEM_Initialize
 This function uses a non-reentrant model


 *************** function _PROTOCOL_Set_Func *****************
 Defined at:
		line 77 in file "protocol.c"
 Parameters:    Size  Location     Type
  loop_func       2    0[BANK0 ] PTR void 
		 -> loop_func(1), 
 Auto vars:     Size  Location     Type
		None
 Return value:  Size  Location     Type
                  1    wreg      void 
 Registers used:
		wreg
 Tracked objects:
		On entry : 
		On exit  : 
		Unchanged: 
 Data sizes:     COMMON   BANK0   BANK1   BANK2   BANK3   BANK4   BANK5   BANK6   BANK7   BANK8   BANK9  BANK10  BANK11  BANK12
      Params:         0       2       0       0       0       0       0       0       0       0       0       0       0       0
      Locals:         0       0       0       0       0       0       0       0       0       0       0       0       0       0
      Temps:          0       0       0       0       0       0       0       0       0       0       0       0       0       0
      Totals:         0       2       0       0       0       0       0       0       0       0       0       0       0       0
Total ram usage:        2 bytes
 Hardware stack levels used:    1
 Hardware stack levels required when called:    5
 This function calls:
		Nothing
 This function is called by:
		_main
 This function uses a non-reentrant model


 *************** function _PROTOCOL_Loop *****************
 Defined at:
		line 136 in file "protocol.c"
 Parameters:    Size  Location     Type
		None
 Auto vars:     Size  Location     Type
  device_addre    1   49[BANK0 ] unsigned char 
  c               1   48[BANK0 ] unsigned char 
 Return value:  Size  Location     Type
                  1    wreg      void 
 Registers used:
		wreg, fsr0l, fsr0h, fsr1l, fsr1h, status,2, status,0, pclath, cstack
 Tracked objects:
		On entry : 
		On exit  : 
		Unchanged: 
 Data sizes:     COMMON   BANK0   BANK1   BANK2   BANK3   BANK4   BANK5   BANK6   BANK7   BANK8   BANK9  BANK10  BANK11  BANK12
      Params:         0       0       0       0       0       0       0       0       0       0       0       0       0       0
      Locals:         0       2       0       0       0       0       0       0       0       0       0       0       0       0
      Temps:          0       2       0       0       0       0       0       0       0       0       0       0       0       0
      Totals:         0       4       0       0       0       0       0       0       0       0       0       0       0       0
Total ram usage:        4 bytes
 Hardware stack levels used:    1
 Hardware stack levels required when called:   10
 This function calls:
		Absolute function
		_EUSART_Read
		_PROTOCOL_EXT
		_PROTOCOL_Read_Device_Address
		_PROTOCOL_SAV
		_PROTOCOL_SET
		_PROTOCOL_STA
		_PROTOCOL_STP
		_PROTOCOL_Write_Device_Address
		_TMR0_HasOverflowOccured
		_atoi
		_loop_func
		_printf
		_set_handler
		_strncmp
 This function is called by:
		_main
 This function uses a non-reentrant model


[...]
      Params:         0       0       0       0       0       0       0       0       0       0       0       0       0       0
      Locals:         0       0       0       0       0       0       0       0       0       0       0       0       0       0
      Temps:          1       0       0       0       0       0       0       0       0       0       0       0       0       0
      Totals:         1       0       0       0       0       0       0       0       0       0       0       0       0       0
Total ram usage:        1 bytes
 Hardware stack levels used:    1
 Hardware stack levels required when called:    1
 This function calls:
		i1_DATAEE_WriteByte
 This function is called by:
		_I2C1_StatusCallback
 This function uses a non-reentrant model


 *************** function i1_DATAEE_WriteByte *****************
 Defined at:
		line 180 in file "mcc_generated_files/memory.c"
 Parameters:    Size  Location     Type
  bAdd            1    wreg     unsigned char 
  bData           1    0[COMMON] unsigned char 
 Auto vars:     Size  Location     Type
  bAdd            1    1[COMMON] unsigned char 
  DATAEE_Write    1    2[COMMON] unsigned char 
 Return value:  Size  Location     Type
                  1    wreg      void 
 Registers used:
		wreg, status,2, status,0
 Tracked objects:
		On entry : 
		On exit  : 
		Unchanged: 
 Data sizes:     COMMON   BANK0   BANK1   BANK2   BANK3   BANK4   BANK5   BANK6   BANK7   BANK8   BANK9  BANK10  BANK11  BANK12
      Params:         1       0       0       0       0       0       0       0       0       0       0       0       0       0
      Locals:         2       0       0       0       0       0       0       0       0       0       0       0       0       0
      Temps:          0       0       0       0       0       0       0       0       0       0       0       0       0       0
      Totals:         3       0       0       0       0       0       0       0       0       0       0       0       0       0
Total ram usage:        3 bytes
 Hardware stack levels used:    1
 This function calls:
		Nothing
 This function is called by:
		i1_PROTOCOL_SAV
 This function uses a non-reentrant model


 *************** function i1_PROTOCOL_EXT *****************
 Defined at:
		line 121 in file "protocol.c"
 Parameters:    Size  Location     Type
  char_buf        1    wreg     PTR unsigned char 
		 -> buf(48), I2C1_StatusCallback@ext_buf(48), 
 Auto vars:     Size  Location     Type
  char_buf        1  (no storage) PTR unsigned char 
		 -> buf(48), I2C1_StatusCallback@ext_buf(48), 
 Return value:  Size  Location     Type
                  1    wreg      void 
 Registers used:
		wreg, status,2, status,0
 Tracked objects:
		On entry : 
		On exit  : 
		Unchanged: 
 Data sizes:     COMMON   BANK0   BANK1   BANK2   BANK3   BANK4   BANK5   BANK6   BANK7   BANK8   BANK9  BANK10  BANK11  BANK12
      Params:         0       0       0       0       0       0       0       0       0       0       0       0       0       0
      Locals:         0       0       0       0       0       0       0       0       0       0       0       0       0       0
      Temps:          0       0       0       0       0       0       0       0       0       0       0       0       0       0
      Totals:         0       0       0       0       0       0       0       0       0       0       0       0       0       0
Total ram usage:        0 bytes
 Hardware stack levels used:    1
 This function calls:
		Nothing
 This function is called by:
		_I2C1_StatusCallback
 This function uses a non-reentrant model


 *************** function _PROTOCOL_Read_Lock *****************
 Defined at:
		line 129 in file "protocol.c"
 Parameters:    Size  Location     Type
		None
 Auto vars:     Size  Location     Type
		None
 Return value:  Size  Location     Type
                  1    wreg      unsigned char 
 Registers used:
		wreg
 Tracked objects:
		On entry : 
		On exit  : 
		Unchanged: 
 Data sizes:     COMMON   BANK0   BANK1   BANK2   BANK3   BANK4   BANK5   BANK6   BANK7   BANK8   BANK9  BANK10  BANK11  BANK12
      Params:         0       0       0       0       0       0       0       0       0       0       0       0       0       0
      Locals:         0       0       0       0       0       0       0       0       0       0       0       0       0       0
      Temps:          0       0       0       0       0       0       0       0       0       0       0       0       0       0
      Totals:         0       0       0       0       0       0       0       0       0       0       0       0       0       0
Total ram usage:        0 bytes
 Hardware stack levels used:    1
 This function calls:
		Nothing
 This function is called by:
		_I2C1_StatusCallback
 This function uses a non-reentrant model


 *************** function _PROTOCOL_RST *****************
 Defined at:
		line 285 in file "protocol.c"
 Parameters:    Size  Location     Type
		None
 Auto vars:     Size  Location     Type
		None
 Return value:  Size  Location     Type
                  1    wreg      void 
 Registers used:
		wreg, status,2, status,0
 Tracked objects:
		On entry : 
		On exit  : 
		Unchanged: 
 Data sizes:     COMMON   BANK0   BANK1   BANK2   BANK3   BANK4   BANK5   BANK6   BANK7   BANK8   BANK9  BANK10  BANK11  BANK12
      Params:         0       0       0       0       0       0       0       0       0       0       0       0       0       0
      Locals:         0       0       0       0       0       0       0       0       0       0       0       0       0       0
      Temps:          1       0       0       0       0       0       0       0       0       0       0       0       0       0
      Totals:         1       0       0       0       0       0       0       0       0       0       0       0       0       0
Total ram usage:        1 bytes
 Hardware stack levels used:    1
 This function calls:
		Nothing
 This function is called by:
		_I2C1_StatusCallback
 This function uses a non-reentrant model


 *************** function _PROTOCOL_INV *****************
 Defined at:
		line 108 in file "protocol.c"
 Parameters:    Size  Location     Type
		None
 Auto vars:     Size  Location     Type
		None
 Return value:  Size  Location     Type
                  1    wreg      void 
 Registers used:
		None
 Tracked objects:
		On entry : 
		On exit  : 
		Unchanged: 
 Data sizes:     COMMON   BANK0   BANK1   BANK2   BANK3   BANK4   BANK5   BANK6   BANK7   BANK8   BANK9  BANK10  BANK11  BANK12
      Params:         0       0       0       0       0       0       0       0       0       0       0       0       0       0
      Locals:         0       0       0       0       0       0       0       0       0       0       0       0       0       0
      Temps:          0       0       0       0       0       0       0       0       0       0       0       0       0       0
      Totals:         0       0       0       0       0       0       0       0       0       0       0       0       0       0
Total ram usage:        0 bytes
 Hardware stack levels used:    1
 This function calls:
		Nothing
 This function is called by:
		_I2C1_StatusCallback
 This function uses a non-reentrant model


 *************** function _PROTOCOL_I2C_WHO *****************
 Defined at:
		line 205 in file "protocol.c"
 Parameters:    Size  Location     Type
		None
 Auto vars:     Size  Location     Type
		None
 Return value:  Size  Location     Type
                  1    wreg      unsigned char 
 Registers used:
		wreg
 Tracked objects:
		On entry : 
		On exit  : 
		Unchanged: 
 Data sizes:     COMMON   BANK0   BANK1   BANK2   BANK3   BANK4   BANK5   BANK6   BANK7   BANK8   BANK9  BANK10  BANK11  BANK12
      Params:         0       0       0       0       0       0       0       0       0       0       0       0       0       0
      Locals:         0       0       0       0       0       0       0       0       0       0       0       0       0       0
      Temps:          0       0       0       0       0       0       0       0       0       0       0       0       0       0
      Totals:         0       0       0       0       0       0       0       0       0       0       0       0       0       0
Total ram usage:        0 bytes
 Hardware stack levels used:    1
 This function calls:
		Nothing
 This function is called by:
		_I2C1_StatusCallback
 This function uses a non-reentrant model


 *************** function _PROTOCOL_I2C_SEN *****************
 Defined at:
		line 404 in file "protocol.c"
 Parameters:    Size  Location     Type
		None
 Auto vars:     Size  Location     Type
  pdata           1    1[COMMON] PTR unsigned char 
		 -> type_no_data(1), PROTOCOL_Send_uint8_t@pbuf(1), sendbuf(16), readbuf.length(1), 
		 -> readbuf.type(1), readbuf(5), position(6), 
 Return value:  Size  Location     Type
                  1    wreg      PTR unsigned char 
 Registers used:
		wreg, fsr0l, fsr0h, status,2, status,0
 Tracked objects:
		On entry : 
		On exit  : 
		Unchanged: 
 Data sizes:     COMMON   BANK0   BANK1   BANK2   BANK3   BANK4   BANK5   BANK6   BANK7   BANK8   BANK9  BANK10  BANK11  BANK12
      Params:         0       0       0       0       0       0       0       0       0       0       0       0       0       0
      Locals:         1       0       0       0       0       0       0       0       0       0       0       0       0       0
      Temps:          1       0       0       0       0       0       0       0       0       0       0       0       0       0
      Totals:         2       0       0       0       0       0       0       0       0       0       0       0       0       0
Total ram usage:        2 bytes
 Hardware stack levels used:    1
 This function calls:
		Nothing
 This function is called by:
		_I2C1_StatusCallback
 This function uses a non-reentrant model


 *************** function _PROTOCOL_I2C_GET *****************
 Defined at:
		line 209 in file "protocol.c"
 Parameters:    Size  Location     Type
		None
 Auto vars:     Size  Location     Type
		None
 Return value:  Size  Location     Type
                  1    wreg      unsigned char 
 Registers used:
		wreg
 Tracked objects:
		On entry : 
		On exit  : 
		Unchanged: 
 Data sizes:     COMMON   BANK0   BANK1   BANK2   BANK3   BANK4   BANK5   BANK6   BANK7   BANK8   BANK9  BANK10  BANK11  BANK12
      Params:         0       0       0       0       0       0       0       0       0       0       0       0       0       0
      Locals:         0       0       0       0       0       0       0       0       0       0       0       0       0       0
      Temps:          0       0       0       0       0       0       0       0       0       0       0       0       0       0
      Totals:         0       0       0       0       0       0       0       0       0       0       0       0       0       0
Total ram usage:        0 bytes
 Hardware stack levels used:    1
 This function calls:
		Nothing
 This function is called by:
		_I2C1_StatusCallback
 This function uses a non-reentrant model


 *************** function _PROTOCOL_Backplane_Slave_Enabled *****************
 Defined at:
		line 201 in file "protocol.c"
 Parameters:    Size  Location     Type
		None
 Auto vars:     Size  Location     Type
		None
 Return value:  Size  Location     Type
                  1    wreg      void 
 Registers used:
		None
 Tracked objects:
		On entry : 
		On exit  : 
		Unchanged: 
 Data sizes:     COMMON   BANK0   BANK1   BANK2   BANK3   BANK4   BANK5   BANK6   BANK7   BANK8   BANK9  BANK10  BANK11  BANK12
      Params:         0       0       0       0       0       0       0       0       0       0       0       0       0       0
      Locals:         0       0       0       0       0       0       0       0       0       0       0       0       0       0
      Temps:          0       0       0       0       0       0       0       0       0       0       0       0       0       0
      Totals:         0       0       0       0       0       0       0       0       0       0       0       0       0       0
Total ram usage:        0 bytes
 Hardware stack levels used:    1
 This function calls:
		Nothing
 This function is called by:
		_I2C1_StatusCallback
 This function uses a non-reentrant model


 *************** function _EUSART_Transmit_ISR *****************
 Defined at:
		line 165 in file "mcc_generated_files/eusart.c"
 Parameters:    Size  Location     Type
		None
 Auto vars:     Size  Location     Type
		None
 Return value:  Size  Location     Type
                  1    wreg      void 
 Registers used:
		wreg, fsr1l, fsr1h, status,2, status,0
 Tracked objects:
		On entry : 
		On exit  : 
		Unchanged: 
 Data sizes:     COMMON   BANK0   BANK1   BANK2   BANK3   BANK4   BANK5   BANK6   BANK7   BANK8   BANK9  BANK10  BANK11  BANK12
      Params:         0       0       0       0       0       0       0       0       0       0       0       0       0       0
      Locals:         0       0       0       0       0       0       0       0       0       0       0       0       0       0
      Temps:          1       0       0       0       0       0       0       0       0       0       0       0       0       0
      Totals:         1       0       0       0       0       0       0       0       0       0       0       0       0       0
Total ram usage:        1 bytes
 Hardware stack levels used:    1
 This function calls:
		Nothing
 This function is called by:
		_INTERRUPT_InterruptManager
 This function uses a non-reentrant model


 *************** function _EUSART_Receive_ISR *****************
 Defined at:
		line 184 in file "mcc_generated_files/eusart.c"
 Parameters:    Size  Location     Type
		None
 Auto vars:     Size  Location     Type
		None
 Return value:  Size  Location     Type
                  1    wreg      void 
 Registers used:
		wreg, fsr1l, fsr1h, status,2, status,0
 Tracked objects:
		On entry : 
		On exit  : 
		Unchanged: 
 Data sizes:     COMMON   BANK0   BANK1   BANK2   BANK3   BANK4   BANK5   BANK6   BANK7   BANK8   BANK9  BANK10  BANK11  BANK12
      Params:         0       0       0       0       0       0       0       0       0       0       0       0       0       0
      Locals:         0       0       0       0       0       0       0       0       0       0       0       0       0       0
      Temps:          1       0       0       0       0       0       0       0       0       0       0       0       0       0
      Totals:         1       0       0       0       0       0       0       0       0       0       0       0       0       0
Total ram usage:        1 bytes
 Hardware stack levels used:    1
 This function calls:
		Nothing
 This function is called by:
		_INTERRUPT_InterruptManager
 This function uses a non-reentrant model



MODULE INFORMATION

Module		Function		Class		Link	Load	Size
C:\Program Files (x86)\Microchip\xc8\v1.41\sources\common\lwdiv.c
		___lwdiv       		CODE           	0785	0000	54

C:\Program Files (x86)\Microchip\xc8\v1.41\sources\common\lwdiv.c estimated size: 54

C:\Program Files (x86)\Microchip\xc8\v1.41\sources\common\doprnt.c
		_printf        		CODE           	0074	0000	470

C:\Program Files (x86)\Microchip\xc8\v1.41\sources\common\doprnt.c estimated size: 470

C:\Program Files (x86)\Microchip\xc8\v1.41\sources\common\Umul16.c
		___wmul        		CODE           	0ECD	0000	29

C:\Program Files (x86)\Microchip\xc8\v1.41\sources\common\Umul16.c estimated size: 29

C:\Program Files (x86)\Microchip\xc8\v1.41\sources\common\isdigit.c
		_isdigit       		CODE           	0E46	0000	16

C:\Program Files (x86)\Microchip\xc8\v1.41\sources\common\isdigit.c estimated size: 16

mcc_generated_files/interrupt_manager.c
		_INTERRUPT_InterruptManager		CODE           	0004	0000	45

mcc_generated_files/interrupt_manager.c estimated size: 45

mcc_generated_files/tmr0.c
		_TMR0_HasOverflowOccured		CODE           	0D8E	0000	5
		_TMR0_Initialize		CODE           	0E29	0000	15

mcc_generated_files/tmr0.c estimated size: 20

mcc_generated_files/i2c1.c
		_I2C1_StatusCallback		CODE           	049C	0000	197
		_I2C1_ISR      		CODE           	0FAC	0000	40
		_I2C1_Initialize		CODE           	0F44	0000	34

mcc_generated_files/i2c1.c estimated size: 271

mcc_generated_files/pin_manager.c
		_PIN_MANAGER_Initialize		CODE           	0F06	0000	32

mcc_generated_files/pin_manager.c estimated size: 32

mcc_generated_files/adc.c
		_ADC_Initialize		CODE           	0DC6	0000	9
		_ADC_IsConversionDone		CODE           	0DBF	0000	8
		_ADC_GetConversionResult		CODE           	0DE8	0000	10
		_ADC_StartConversion		CODE           	0D7B	0000	4
		_ADC_SelectChannel		CODE           	07EE	0000	17

mcc_generated_files/adc.c estimated size: 48

protocol.c
		_PROTOCOL_I2C_SEN		CODE           	0749	0000	61
		_PROTOCOL_I2C_GET		CODE           	0D69	0000	4
		_PROTOCOL_I2C_WHO		CODE           	0D6C	0000	4
		_PROTOCOL_Backplane_Slave_Enabled		CODE           	0D7E	0000	5
		_PROTOCOL_Read_Device_Address		CODE           	0D75	0000	4
		_PROTOCOL_STA  		CODE           	0D8A	0000	5
		_PROTOCOL_SAV  		CODE           	0DDF	0000	10
		_PROTOCOL_SET  		CODE           	0DB8	0000	8
		_PROTOCOL_STP  		CODE           	0D78	0000	4
		_PROTOCOL_INV  		CODE           	0D82	0000	5
		_PROTOCOL_EXT  		CODE           	07FF	0000	2
		_PROTOCOL_RST  		CODE           	0DFA	0000	11
		_PROTOCOL_Loop 		CODE           	0249	0000	394
		_PROTOCOL_Set_Func		CODE           	0DF1	0000	10
		_PROTOCOL_Initialize		CODE           	0678	0000	73
		_PROTOCOL_Read_Lock		CODE           	0D6F	0000	4
		_PROTOCOL_Write_Device_Address		CODE           	0E37	0000	16
		_PROTOCOL_I2C_Set_TLV		CODE           	0E64	0000	26
		_PROTOCOL_I2C_Send_uint8_t		CODE           	06C0	0000	72

protocol.c estimated size: 718

shared
		i1_DATAEE_WriteByte		CODE           	0EE9	0000	30
		i1_PROTOCOL_STA		CODE           	0D86	0000	5
		i1_PROTOCOL_SAV		CODE           	0DD6	0000	10
		i1_PROTOCOL_SET		CODE           	0DB1	0000	8
		i1_PROTOCOL_STP		CODE           	0D72	0000	4
		i1_PROTOCOL_EXT		CODE           	0003	0000	2
		_dpowers       		STRCODE        	03D2	0000	11
		__initialization		CODE           	0032	0000	63

shared estimated size: 133

C:\Program Files (x86)\Microchip\xc8\v1.41\sources\common\lwmod.c
		___lwmod       		CODE           	0FD3	0000	46

C:\Program Files (x86)\Microchip\xc8\v1.41\sources\common\lwmod.c estimated size: 46

C:\Program Files (x86)\Microchip\xc8\v1.41\sources\common\atoi.c
		_atoi          		CODE           	0607	0000	114

C:\Program Files (x86)\Microchip\xc8\v1.41\sources\common\atoi.c estimated size: 114

mcc_generated_files/mcc.c
		_WDT_Initialize		CODE           	0D92	0000	5
		_OSCILLATOR_Initialize		CODE           	0D9A	0000	6

mcc_generated_files/mcc.c estimated size: 11

C:\Program Files (x86)\Microchip\xc8\v1.41\sources\common\abs.c
		_abs           		CODE           	0E55	0000	16

C:\Program Files (x86)\Microchip\xc8\v1.41\sources\common\abs.c estimated size: 16

mcc_generated_files/memory.c
		_DATAEE_WriteByte		CODE           	0F65	0000	36
		_DATAEE_ReadByte		CODE           	0E0E	0000	14

mcc_generated_files/memory.c estimated size: 50

C:\Program Files (x86)\Microchip\xc8\v1.41\sources\common\strncmp.c
		_strncmp       		CODE           	0707	0000	67

C:\Program Files (x86)\Microchip\xc8\v1.41\sources\common\strncmp.c estimated size: 67

mcc_generated_files/eusart.c
		_putch         		CODE           	0D9F	0000	7
		_EUSART_Read   		CODE           	0F25	0000	32
		_EUSART_Write  		CODE           	0F88	0000	37
		_EUSART_Transmit_ISR		CODE           	0EB2	0000	28
		_EUSART_Initialize		CODE           	0E7D	0000	27
		_EUSART_Receive_ISR		CODE           	0E97	0000	28

mcc_generated_files/eusart.c estimated size: 159

main.c
		_led_blink     		CODE           	0E1B	0000	15
		_main          		CODE           	07BA	0000	53
		_set_handler   		CODE           	0E04	0000	11
		_loop_func     		CODE           	0560	0000	168

main.c estimated size: 247

