Microchip MPLAB XC8 Compiler V1.41 ()

Linker command line:

-W-3 --edf=C:\Program Files (x86)\Microchip\xc8\v1.41\dat\en_msgs.txt -cs \
  -h+dist/default/production\i2c_master.X.production.sym \
  --cmf=dist/default/production\i2c_master.X.production.cmf -z -Q16F1829 \
  -oC:\Users\shiny\AppData\Local\Temp\s8ak.2 \
  -Mdist/default/production/i2c_master.X.production.map -E1 -ver=XC8 \
  -ASTACK=02220h-0232fh -pstack=STACK -ACODE=00h-07FFhx4 \
  -ASTRCODE=00h-01FFFh -ASTRING=00h-0FFhx32 -ACONST=00h-0FFhx32 \
  -AENTRY=00h-0FFhx32 -ACOMMON=070h-07Fh -ABANK0=020h-06Fh \
  -ABANK1=0A0h-0EFh -ABANK2=0120h-016Fh -ABANK3=01A0h-01EFh \
  -ABANK4=0220h-026Fh -ABANK5=02A0h-02EFh -ABANK6=0320h-036Fh \
  -ABANK7=03A0h-03EFh -ABANK8=0420h-046Fh -ABANK9=04A0h-04EFh \
  -ABANK10=0520h-056Fh -ABANK11=05A0h-05EFh -ABANK12=0620h-064Fh \
  -ABIGRAM=02000h-023EFh \
  -ARAM=020h-06Fh,0A0h-0EFh,0120h-016Fh,01A0h-01EFh,0220h-026Fh,02A0h-02EFh,0320h-036Fh,03A0h-03EFh,0420h-046Fh,04A0h-04EFh,0520h-056Fh,05A0h-05EFh,0620h-064Fh \
  -AABS1=020h-07Fh,0A0h-0EFh,0120h-016Fh,01A0h-01EFh,0220h-026Fh,02A0h-02EFh,0320h-036Fh,03A0h-03EFh,0420h-046Fh,04A0h-04EFh,0520h-056Fh,05A0h-05EFh,0620h-064Fh \
  -ASFR0=00h-01Fh -ASFR1=080h-09Fh -ASFR2=0100h-011Fh -ASFR3=0180h-019Fh \
  -ASFR4=0200h-021Fh -ASFR5=0280h-029Fh -ASFR6=0300h-031Fh \
  -ASFR7=0380h-039Fh -ASFR8=0400h-041Fh -ASFR9=0480h-049Fh \
  -ASFR10=0500h-051Fh -ASFR11=0580h-059Fh -ASFR12=0600h-061Fh \
  -ASFR13=0680h-06EFh -ASFR14=0700h-076Fh -ASFR15=0780h-07EFh \
  -ASFR16=0800h-086Fh -ASFR17=0880h-08EFh -ASFR18=0900h-096Fh \
  -ASFR19=0980h-09EFh -ASFR20=0A00h-0A6Fh -ASFR21=0A80h-0AEFh \
  -ASFR22=0B00h-0B6Fh -ASFR23=0B80h-0BEFh -ASFR24=0C00h-0C6Fh \
  -ASFR25=0C80h-0CEFh -ASFR26=0D00h-0D6Fh -ASFR27=0D80h-0DEFh \
  -ASFR28=0E00h-0E6Fh -ASFR29=0E80h-0EEFh -ASFR30=0F00h-0F6Fh \
  -ASFR31=0F80h-0FEFh -preset_vec=00h,intentry=04h,init,end_init \
  -ppowerup=CODE -pcinit=CODE -pfunctab=CODE -ACONFIG=08007h-08008h \
  -pconfig=CONFIG -DCONFIG=2 -AIDLOC=08000h-08003h -pidloc=IDLOC -DIDLOC=2 \
  -AEEDATA=00h-0FFh/0F000h -peeprom_data=EEDATA -DEEDATA=2 -DCODE=2 \
  -DSTRCODE=2 -DSTRING=2 -DCONST=2 -DENTRY=2 -k \
  C:\Users\shiny\AppData\Local\Temp\s8ak.obj \
  dist/default/production\i2c_master.X.production.obj 

Object code version is 3.11

Machine type is 16F1829



                Name                               Link     Load   Length Selector   Space Scale
C:\Users\shiny\AppData\Local\Temp\s8ak.obj
                end_init                             3C       3C        2        8       0
                reset_vec                             0        0        2        0       0
                config                             8007     8007        2    1000E       0
dist/default/production\i2c_master.X.production.obj
                cinit                                3E       3E       72        8       0
                intentry                              4        4       38        8       0
                text68                             1322     1322       1C     2644       0
                text67                             133E     133E       1C     267C       0
                text66                              801      801        1     1002       0
                text65                             1276     1276       11     24EC       0
                text64                             12D3     12D3       1A     25A6       0
                swtext1                            11B0     11B0       18     2360       0
                text63                              B49      B49      157     1692       0
                text61                             123B     123B        D     2476       0
                text60                              893      893       52     1126       0
                text59                             13B1     13B1       20     2762       0
                text58                             13D1     13D1       23     27A2       0
                text57                             135A     135A       1C     26B4       0
                text56                             1248     1248        F     2490       0
                text55                              9E3      9E3       71     13C6       0
                text54                              8E5      8E5       52     11CA       0
                text53                             1567     1567       2F     2ACE       0
                text52                             1644     1644       46     2C88       0
                text51                             1257     1257        F     24AE       0
                text50                             1287     1287       12     250E       0
                text49                             1596     1596       35     2B2C       0
                text48                             150D     150D       2D     2A1A       0
                text47                             1417     1417       25     282E       0
                text46                             11F3     11F3        6     23E6       0
                text45                              519      519      1D5        8       0
                text44                               B0       B0      279        8       0
                text43                             14E1     14E1       2C     29C2       0
                text42                              98C      98C       57     1318       0
                text41                             143C     143C       28     2878       0
                text40                             13F4     13F4       23     27E8       0
                text39                             148C     148C       2A     2918       0
                text38                              937      937       55     126E       0
                text37                             14B6     14B6       2B     296C       0
                text36                              6EE      6EE       B4        8       0
                text35                             1603     1603       41     2C06       0
                text34                              7A2      7A2       5A        8       0
                text33                             168A     168A       48     2D14       0
                text32                             1307     1307       1B     260E       0
                text31                             171A     171A       4B     2E34       0
                text30                              802      802       42     1004       0
                text29                              E3E      E3E      1C2     1C7C       0
                text28                             12AB     12AB       13     2556       0
                text27                             11E2     11E2        3     23C4       0
                text26                             121A     121A        A     2434       0
                text25                             1200     1200        8     2400       0
                text24                             11EB     11EB        4     23D6       0
                text23                             11E5     11E5        3     23CA       0
                text22                             1266     1266       10     24CC       0
                text21                             11EF     11EF        4     23DE       0
                text20                              844      844       4F     1088       0
                text19                              ACE      ACE       7B     159C       0
                text18                             17B2     17B2       4E     2F64       0
                text17                             1765     1765       4D     2ECA       0
                text16                             15CB     15CB       38     2B96       0
                text15                             12BE     12BE       15     257C       0
                text14                             1464     1464       28     28C8       0
                text13                              329      329      1F0        8       0
                text12                             16D2     16D2       48     2DA4       0
                text11                              CA0      CA0      19E     1940       0
                text10                             1208     1208        9     2410       0
                text9                              1211     1211        9     2422       0
                text8                              12ED     12ED       1A     25DA       0
                text7                              1376     1376       1C     26EC       0
                text6                              11F9     11F9        7     23F2       0
                text5                              1392     1392       1F     2724       0
                text4                              1224     1224        B     2448       0
                text3                               7FC      7FC        4        8       0
                text2                              1299     1299       12     2532       0
                text1                               A54      A54       7A     14A8       0
                maintext                           153A     153A       2D     2A74       0
                cstackBANK0                          20       20       4B       20       1
                cstackCOMMON                         77       77        7       70       1
                cstackBANK1                          A0       A0       39       A0       1
                clrtext                            122F     122F        C     245E       0
                bssBANK6                            320      320       40      320       1
                bssBANK5                            2A0      2A0       40      2A0       1
                bssBANK4                            220      220       40      220       1
                bssBANK3                            1A0      1A0       2C      1A0       1
                dataBANK2                           162      162        3      120       1
                bssBANK2                            120      120       42      120       1
                dataBANK1                            ED       ED        2       A0       1
                bssBANK1                             D9       D9       14       A0       1
                bssBANK0                             6B       6B        4       20       1
                bssCOMMON                            70       70        7       70       1
                stringtext                         1000     1000      1B0     2000       0
                idataBANK2                         11E8     11E8        3     23D0       0
                idataBANK1                            2        2        2        0       0

TOTAL           Name                               Link     Load   Length     Space
        CLASS   STACK          

        CLASS   CODE           
                end_init                             3C       3C        2         0
                cinit                                3E       3E       72         0
                intentry                              4        4       38         0
                reset_vec                             0        0        2         0
                text68                             1322     1322       1C         0
                text67                             133E     133E       1C         0
                text66                              801      801        1         0
                text65                             1276     1276       11         0
                text64                             12D3     12D3       1A         0
                text63                              B49      B49      157         0
                text61                             123B     123B        D         0
                text60                              893      893       52         0
                text59                             13B1     13B1       20         0
                text58                             13D1     13D1       23         0
                text57                             135A     135A       1C         0
                text56                             1248     1248        F         0
                text55                              9E3      9E3       71         0
                text54                              8E5      8E5       52         0
                text53                             1567     1567       2F         0
                text52                             1644     1644       46         0
                text51                             1257     1257        F         0
                text50                             1287     1287       12         0
                text49                             1596     1596       35         0
                text48                             150D     150D       2D         0
                text47                             1417     1417       25         0
                text46                             11F3     11F3        6         0
                text45                              519      519      1D5         0
                text44                               B0       B0      279         0
                text43                             14E1     14E1       2C         0
                text42                              98C      98C       57         0
                text41                             143C     143C       28         0
                text40                             13F4     13F4       23         0
                text39                             148C     148C       2A         0
                text38                              937      937       55         0
                text37                             14B6     14B6       2B         0
                text36                              6EE      6EE       B4         0
                text35                             1603     1603       41         0
                text34                              7A2      7A2       5A         0
                text33                             168A     168A       48         0
                text32                             1307     1307       1B         0
                text31                             171A     171A       4B         0
                text30                              802      802       42         0
                text29                              E3E      E3E      1C2         0
                text28                             12AB     12AB       13         0
                text27                             11E2     11E2        3         0
                text26                             121A     121A        A         0
                text25                             1200     1200        8         0
                text24                             11EB     11EB        4         0
                text23                             11E5     11E5        3         0
                text22                             1266     1266       10         0
                text21                             11EF     11EF        4         0
                text20                              844      844       4F         0
                text19                              ACE      ACE       7B         0
                text18                             17B2     17B2       4E         0
                text17                             1765     1765       4D         0
                text16                             15CB     15CB       38         0
                text15                             12BE     12BE       15         0
                text14                             1464     1464       28         0
                text13                              329      329      1F0         0
                text12                             16D2     16D2       48         0
                text11                              CA0      CA0      19E         0
                text10                             1208     1208        9         0
                text9                              1211     1211        9         0
                text8                              12ED     12ED       1A         0
                text7                              1376     1376       1C         0
                text6                              11F9     11F9        7         0
                text5                              1392     1392       1F         0
                text4                              1224     1224        B         0
                text3                               7FC      7FC        4         0
                text2                              1299     1299       12         0
                text1                               A54      A54       7A         0
                maintext                           153A     153A       2D         0
                clrtext                            122F     122F        C         0
                idataBANK2                         11E8     11E8        3         0
                idataBANK1                            2        2        2         0

        CLASS   STRCODE        
                stringtext                         1000     1000      1B0         0

        CLASS   STRING         

        CLASS   CONST          
                swtext1                            11B0     11B0       18         0

        CLASS   ENTRY          

        CLASS   COMMON         
                cstackCOMMON                         77       77        7         1
                bssCOMMON                            70       70        7         1

        CLASS   BANK0          
                cstackBANK0                          20       20       4B         1
                bssBANK0                             6B       6B        4         1

        CLASS   BANK1          
                cstackBANK1                          A0       A0       39         1
                dataBANK1                            ED       ED        2         1
                bssBANK1                             D9       D9       14         1

        CLASS   BANK2          
                dataBANK2                           162      162        3         1
                bssBANK2                            120      120       42         1

        CLASS   BANK3          
                bssBANK3                            1A0      1A0       2C         1

        CLASS   BANK4          
                bssBANK4                            220      220       40         1

        CLASS   BANK5          
                bssBANK5                            2A0      2A0       40         1

        CLASS   BANK6          
                bssBANK6                            320      320       40         1

        CLASS   BANK7          

        CLASS   BANK8          

        CLASS   BANK9          

        CLASS   BANK10         

        CLASS   BANK11         

        CLASS   BANK12         

        CLASS   BIGRAM         

        CLASS   RAM            

        CLASS   ABS1           
                abs_s1                               7E       7E        2         1
                abs_s1                              530      530       40         1
                abs_s1                              5A0      5A0       50         1
                abs_s1                              620      620       30         1
                abs_s1                             2330     2330        0         1

        CLASS   SFR0           

        CLASS   SFR1           

        CLASS   SFR2           

        CLASS   SFR3           

        CLASS   SFR4           

        CLASS   SFR5           

        CLASS   SFR6           

        CLASS   SFR7           

        CLASS   SFR8           

        CLASS   SFR9           

        CLASS   SFR10          

        CLASS   SFR11          

        CLASS   SFR12          

        CLASS   SFR13          

        CLASS   SFR14          

        CLASS   SFR15          

        CLASS   SFR16          

        CLASS   SFR17          

        CLASS   SFR18          

        CLASS   SFR19          

        CLASS   SFR20          

        CLASS   SFR21          

        CLASS   SFR22          

        CLASS   SFR23          

        CLASS   SFR24          

        CLASS   SFR25          

        CLASS   SFR26          

        CLASS   SFR27          

        CLASS   SFR28          

        CLASS   SFR29          

        CLASS   SFR30          

        CLASS   SFR31          

        CLASS   CONFIG         
                config                             8007     8007        2         0

        CLASS   IDLOC          

        CLASS   EEDATA         

        CLASS   BANK31         

        CLASS   BANK30         

        CLASS   BANK29         

        CLASS   BANK28         

        CLASS   BANK27         

        CLASS   BANK26         

        CLASS   BANK25         

        CLASS   BANK24         

        CLASS   BANK23         

        CLASS   BANK22         

        CLASS   BANK21         

        CLASS   BANK20         

        CLASS   BANK19         

        CLASS   BANK18         

        CLASS   BANK17         

        CLASS   BANK16         

        CLASS   BANK15         

        CLASS   BANK14         

        CLASS   BANK13         



SEGMENTS        Name                           Load    Length   Top    Selector   Space  Class     Delta

                reset_vec                      000000  000004  000004         0       0  CODE        2
                intentry                       000004  0007FC  000800         8       0  CODE        2
                cstackBANK0                    000020  00004F  00006F        20       1  BANK0       1
                bssCOMMON                      000070  00000E  00007E        70       1  COMMON      1
                cstackBANK1                    0000A0  00004F  0000EF        A0       1  BANK1       1
                bssBANK2                       000120  000045  000165       120       1  BANK2       1
                bssBANK3                       0001A0  00002C  0001CC       1A0       1  BANK3       1
                bssBANK4                       000220  000040  000260       220       1  BANK4       1
                bssBANK5                       0002A0  000040  0002E0       2A0       1  BANK5       1
                bssBANK6                       000320  000040  000360       320       1  BANK6       1
                text66                         000801  000001  000802      1002       0  CODE        2
                text30                         000802  000042  000844      1004       0  CODE        2
                text20                         000844  00004F  000893      1088       0  CODE        2
                text60                         000893  000052  0008E5      1126       0  CODE        2
                text54                         0008E5  000052  000937      11CA       0  CODE        2
                text38                         000937  000055  00098C      126E       0  CODE        2
                text42                         00098C  000057  0009E3      1318       0  CODE        2
                text55                         0009E3  000071  000A54      13C6       0  CODE        2
                text1                          000A54  00007A  000ACE      14A8       0  CODE        2
                text19                         000ACE  00007B  000B49      159C       0  CODE        2
                text63                         000B49  000157  000CA0      1692       0  CODE        2
                text11                         000CA0  00019E  000E3E      1940       0  CODE        2
                text29                         000E3E  0001C2  001000      1C7C       0  CODE        2
                stringtext                     001000  0001B0  0011B0      2000       0  STRCODE     2
                swtext1                        0011B0  000018  0011C8      2360       0  CONST       2
                text27                         0011E2  000003  0011E5      23C4       0  CODE        2
                text23                         0011E5  000003  0011E8      23CA       0  CODE        2
                idataBANK2                     0011E8  000003  0011EB      23D0       0  CODE        2
                text24                         0011EB  000004  0011EF      23D6       0  CODE        2
                text21                         0011EF  000004  0011F3      23DE       0  CODE        2
                text46                         0011F3  000006  0011F9      23E6       0  CODE        2
                text6                          0011F9  000007  001200      23F2       0  CODE        2
                text25                         001200  000008  001208      2400       0  CODE        2
                text10                         001208  000009  001211      2410       0  CODE        2
                text9                          001211  000009  00121A      2422       0  CODE        2
                text26                         00121A  00000A  001224      2434       0  CODE        2
                text4                          001224  00000B  00122F      2448       0  CODE        2
                clrtext                        00122F  00000C  00123B      245E       0  CODE        2
                text61                         00123B  00000D  001248      2476       0  CODE        2
                text56                         001248  00000F  001257      2490       0  CODE        2
                text51                         001257  00000F  001266      24AE       0  CODE        2
                text22                         001266  000010  001276      24CC       0  CODE        2
                text65                         001276  000011  001287      24EC       0  CODE        2
                text50                         001287  000012  001299      250E       0  CODE        2
                text2                          001299  000012  0012AB      2532       0  CODE        2
                text28                         0012AB  000013  0012BE      2556       0  CODE        2
                text15                         0012BE  000015  0012D3      257C       0  CODE        2
                text64                         0012D3  00001A  0012ED      25A6       0  CODE        2
                text8                          0012ED  00001A  001307      25DA       0  CODE        2
                text32                         001307  00001B  001322      260E       0  CODE        2
                text68                         001322  00001C  00133E      2644       0  CODE        2
                text67                         00133E  00001C  00135A      267C       0  CODE        2
                text57                         00135A  00001C  001376      26B4       0  CODE        2
                text7                          001376  00001C  001392      26EC       0  CODE        2
                text5                          001392  00001F  0013B1      2724       0  CODE        2
                text59                         0013B1  000020  0013D1      2762       0  CODE        2
                text58                         0013D1  000023  0013F4      27A2       0  CODE        2
                text40                         0013F4  000023  001417      27E8       0  CODE        2
                text47                         001417  000025  00143C      282E       0  CODE        2
                text41                         00143C  000028  001464      2878       0  CODE        2
                text14                         001464  000028  00148C      28C8       0  CODE        2
                text39                         00148C  00002A  0014B6      2918       0  CODE        2
                text37                         0014B6  00002B  0014E1      296C       0  CODE        2
                text43                         0014E1  00002C  00150D      29C2       0  CODE        2
                text48                         00150D  00002D  00153A      2A1A       0  CODE        2
                maintext                       00153A  00002D  001567      2A74       0  CODE        2
                text53                         001567  00002F  001596      2ACE       0  CODE        2
                text49                         001596  000035  0015CB      2B2C       0  CODE        2
                text16                         0015CB  000038  001603      2B96       0  CODE        2
                text35                         001603  000041  001644      2C06       0  CODE        2
                text52                         001644  000046  00168A      2C88       0  CODE        2
                text33                         00168A  000048  0016D2      2D14       0  CODE        2
                text12                         0016D2  000048  00171A      2DA4       0  CODE        2
                text31                         00171A  00004B  001765      2E34       0  CODE        2
                text17                         001765  00004D  0017B2      2ECA       0  CODE        2
                text18                         0017B2  00004E  001800      2F64       0  CODE        2
                config                         008007  000002  008009     1000E       0  CONFIG      2


UNUSED ADDRESS RANGES

        Name                Unused          Largest block    Delta
        BANK0            0006F-0006F               1           1
        BANK1            000EF-000EF               1           1
        BANK10           00520-0052F              10           1
        BANK2            00165-0016F               B           1
        BANK3            001CC-001EF              24           1
        BANK4            00260-0026F              10           1
        BANK5            002E0-002EF              10           1
        BANK6            00360-0036F              10           1
        BANK7            003A0-003EF              50           1
        BANK8            00420-0046F              50           1
        BANK9            004A0-004EF              50           1
        BIGRAM           02000-023EF             3F0           1
        CODE             00800-00800               1           2
                         011C8-011E1              1A
                         01800-01FFF             800
        CONST            00800-00800               1           2
                         011C8-011E1              1A
                         01800-01FFF             100
        EEDATA           0F000-0F0FF             100           2
        ENTRY            00800-00800               1           2
                         011C8-011E1              1A
                         01800-01FFF             100
        IDLOC            08000-08003               4           2
        RAM              0006F-0006F               1           1
                         000EF-000EF               1
                         00165-0016F               B
                         001CC-001EF              24
                         00260-0026F              10
                         002E0-002EF              10
                         00360-0036F              10
                         003A0-003EF              50
                         00420-0046F              50
                         004A0-004EF              50
                         00520-0052F              10
        SFR0             00000-0001F              20           1
        SFR1             00080-0009F              20           1
        SFR10            00500-0051F              20           1
        SFR11            00580-0059F              20           1
        SFR12            00600-0061F              20           1
        SFR13            00680-006EF              70           1
        SFR14            00700-0076F              70           1
        SFR15            00780-007EF              70           1
        SFR16            00800-0086F              70           1
        SFR17            00880-008EF              70           1
        SFR18            00900-0096F              70           1
        SFR19            00980-009EF              70           1
        SFR2             00100-0011F              20           1
        SFR20            00A00-00A6F              70           1
        SFR21            00A80-00AEF              70           1
        SFR22            00B00-00B6F              70           1
        SFR23            00B80-00BEF              70           1
        SFR24            00C00-00C6F              70           1
        SFR25            00C80-00CEF              70           1
        SFR26            00D00-00D6F              70           1
        SFR27            00D80-00DEF              70           1
        SFR28            00E00-00E6F              70           1
        SFR29            00E80-00EEF              70           1
        SFR3             00180-0019F              20           1
        SFR30            00F00-00F6F              70           1
        SFR31            00F80-00FEF              70           1
        SFR4             00200-0021F              20           1
        SFR5             00280-0029F              20           1
        SFR6             00300-0031F              20           1
        SFR7             00380-0039F              20           1
        SFR8             00400-0041F              20           1
        SFR9             00480-0049F              20           1
        STACK            02220-0232F             110           1
        STRCODE          00800-00800               1           2
                         011C8-011E1              1A
                         01800-01FFF             800
        STRING           00800-00800               1           2
                         011C8-011E1              1A
                         01800-01FFF             100

                                  Symbol Table

?___awdiv                                        cstackBANK0  00020
?___awmod                                        cstackBANK0  00020
?___lwdiv                                        cstackBANK0  00020
?___lwmod                                        cstackBANK0  00028
?___wmul                                         cstackBANK0  00020
?_abs                                            cstackBANK0  00027
?_atoi                                           cstackBANK0  00026
?_concat                                         cstackBANK0  00020
?_printf                                         cstackBANK0  0002E
?_strncmp                                        cstackBANK0  00020
DATAEE_ReadByte@bAdd                             cstackBANK0  00020
DATAEE_WriteByte@GIEBitValue                     cstackBANK0  00022
DATAEE_WriteByte@bAdd                            cstackBANK0  00021
DATAEE_WriteByte@bData                           cstackBANK0  00020
EUSART_Read@readValue                            cstackBANK0  00021
EUSART_Write@txData                              cstackBANK0  00021
I2C1_ISR@i2c_10bit_address_restart               bssBANK1     000E7
I2C1_ISR@i2c_address                             bssBANK0     0006D
I2C1_ISR@i2c_bytes_left                          bssBANK1     000E8
I2C1_ISR@pi2c_buf_ptr                            bssBANK2     00138
I2C1_MasterRead@address                          cstackBANK0  0002B
I2C1_MasterRead@length                           cstackBANK0  0002A
I2C1_MasterRead@pdata                            cstackBANK0  00028
I2C1_MasterRead@pflag                            cstackBANK0  0002D
I2C1_MasterRead@trBlock                          bssBANK2     0014C
I2C1_MasterReadTRBBuild@address                  cstackBANK0  00023
I2C1_MasterReadTRBBuild@length                   cstackBANK0  00022
I2C1_MasterReadTRBBuild@pdata                    cstackBANK0  00020
I2C1_MasterReadTRBBuild@ptrb                     cstackBANK0  00027
I2C1_MasterTRBInsert@count                       cstackBANK0  00023
I2C1_MasterTRBInsert@pflag                       cstackBANK0  00021
I2C1_MasterTRBInsert@ptrb_list                   cstackBANK0  00020
I2C1_MasterWrite@address                         cstackBANK0  00028
I2C1_MasterWrite@length                          cstackBANK0  00027
I2C1_MasterWrite@pdata                           cstackBANK0  0002D
I2C1_MasterWrite@pflag                           cstackBANK0  0002A
I2C1_MasterWrite@trBlock                         bssBANK2     00151
I2C1_MasterWriteTRBBuild@address                 cstackBANK0  00022
I2C1_MasterWriteTRBBuild@length                  cstackBANK0  00021
I2C1_MasterWriteTRBBuild@pdata                   cstackBANK0  00020
I2C1_MasterWriteTRBBuild@ptrb                    cstackBANK0  00026
I2C1_Stop@completion_code                        cstackCOMMON 00078
PROTOCOL_EXT@char_buf                            cstackBANK0  00066
PROTOCOL_Initialize@device_id                    cstackBANK0  00021
PROTOCOL_Initialize@inv_handler                  cstackBANK0  00026
PROTOCOL_Initialize@scaler                       cstackBANK0  00028
PROTOCOL_Initialize@set_handler                  cstackBANK0  00025
PROTOCOL_Initialize@start_handler                cstackBANK0  00023
PROTOCOL_Initialize@stop_handler                 cstackBANK0  00024
PROTOCOL_Loop@c                                  cstackBANK0  00069
PROTOCOL_Loop@device_address                     cstackBANK0  0006A
PROTOCOL_Print_TLV@dev_addr                      cstackBANK0  0004A
PROTOCOL_Print_TLV@length                        cstackBANK0  00045
PROTOCOL_Print_TLV@pbuffer                       cstackBANK0  00046
PROTOCOL_Print_TLV@type                          cstackBANK0  00044
PROTOCOL_Print_TLV@v                             cstackBANK0  0004B
PROTOCOL_SET@value_                              cstackBANK0  00021
PROTOCOL_Set_Extension_Handler@extension_handler cstackBANK0  00020
PROTOCOL_Set_Tick_Handler@tick_handler           cstackBANK0  00020
PROTOCOL_Write_Device_Address@device_id_i2c      cstackBANK0  00024
_ANSELA                                          (abs)        0018C
_ANSELB                                          (abs)        0018D
_ANSELC                                          (abs)        0018E
_APFCON0                                         (abs)        0011D
_APFCON1                                         (abs)        0011E
_BACKPLANE_SLAVE_ADDRESS                         dataBANK1    000EE
_BAUDCON                                         (abs)        0019F
_DATAEE_ReadByte                                 text61       0123B
_DATAEE_WriteByte                                text58       013D1
_EEADRH                                          (abs)        00192
_EEADRL                                          (abs)        00191
_EECON1bits                                      (abs)        00195
_EECON2                                          (abs)        00196
_EEDATH                                          (abs)        00194
_EEDATL                                          (abs)        00193
_EUSART_Initialize                               text8        012ED
_EUSART_Read                                     text59       013B1
_EUSART_Receive_ISR                              text68       01322
_EUSART_Transmit_ISR                             text67       0133E
_EUSART_Write                                    text47       01417
_I2C1_BusCollisionISR                            text66       00801
_I2C1_FunctionComplete                           text65       01276
_I2C1_ISR                                        text63       00B49
_I2C1_Initialize                                 text7        01376
_I2C1_MasterRead                                 text41       0143C
_I2C1_MasterReadTRBBuild                         text43       014E1
_I2C1_MasterTRBInsert                            text42       0098C
_I2C1_MasterWrite                                text39       0148C
_I2C1_MasterWriteTRBBuild                        text40       013F4
_I2C1_Stop                                       text64       012D3
_INTCONbits                                      (abs)        0000B
_INTERRUPT_InterruptManager                      intentry     00004
_LATA                                            (abs)        0010C
_LATB                                            (abs)        0010D
_LATC                                            (abs)        0010E
_LATCbits                                        (abs)        0010E
_MAX_Y                                           stringtext   0100A
_OPTION_REG                                      (abs)        00095
_OPTION_REGbits                                  (abs)        00095
_OSCCON                                          (abs)        00099
_OSCILLATOR_Initialize                           text6        011F9
_OSCTUNE                                         (abs)        00098
_PIE1bits                                        (abs)        00091
_PIE2bits                                        (abs)        00092
_PIN_MANAGER_Initialize                          text5        01392
_PIR1bits                                        (abs)        00011
_PIR2bits                                        (abs)        00012
_PLLR                                            (abs)        004D6
_PROTOCOL_EXT                                    text28       012AB
_PROTOCOL_Extension_Handler                      bssBANK2     0012C
_PROTOCOL_Initialize                             text60       00893
_PROTOCOL_Inv_Handler                            bssBANK2     0012A
_PROTOCOL_Loop                                   text11       00CA0
_PROTOCOL_Loop_Func                              bssBANK2     0012E
_PROTOCOL_Print_TLV                              text44       000B0
_PROTOCOL_Read_Device_Address                    text27       011E2
_PROTOCOL_SAV                                    text26       0121A
_PROTOCOL_SET                                    text25       01200
_PROTOCOL_STA                                    text24       011EB
_PROTOCOL_STP                                    text23       011E5
_PROTOCOL_Set_Extension_Handler                  text10       01208
_PROTOCOL_Set_Handler                            bssBANK2     00130
_PROTOCOL_Set_Tick_Handler                       text9        01211
_PROTOCOL_Start_Handler                          bssBANK2     00134
_PROTOCOL_Stop_Handler                           bssBANK2     00132
_PROTOCOL_Tick_Handler                           bssBANK2     00128
_PROTOCOL_Write_Device_Address                   text22       01266
_RCREG                                           (abs)        00199
_RCSTA                                           (abs)        0019D
_RCSTAbits                                       (abs)        0019D
_SPBRGH                                          (abs)        0019C
_SPBRGL                                          (abs)        0019B
_SSP1ADD                                         (abs)        00212
_SSP1BUF                                         (abs)        00211
_SSP1CON1                                        (abs)        00215
_SSP1CON1bits                                    (abs)        00215
_SSP1CON2bits                                    (abs)        00216
_SSP1CON3                                        (abs)        00217
_SSP1STAT                                        (abs)        00214
_SYSTEM_Initialize                               text2        01299
_TMR0                                            (abs)        00015
_TMR0IF                                          (abs)        0005A
_TMR0_HasOverflowOccured                         text21       011EF
_TMR0_Initialize                                 text4        01224
_TRISA                                           (abs)        0008C
_TRISB                                           (abs)        0008D
_TRISC                                           (abs)        0008E
_TXREG                                           (abs)        0019A
_TXSTA                                           (abs)        0019E
_WDTCON                                          (abs)        00097
_WDT_Initialize                                  text3        007FC
_WPUA                                            (abs)        0020C
_WPUB                                            (abs)        0020D
_WPUC                                            (abs)        0020E
__CFG_BOREN$ON                                   (abs)        00000
__CFG_BORV$LO                                    (abs)        00000
__CFG_CLKOUTEN$OFF                               (abs)        00000
__CFG_CP$OFF                                     (abs)        00000
__CFG_CPD$OFF                                    (abs)        00000
__CFG_FCMEN$ON                                   (abs)        00000
__CFG_FOSC$INTOSC                                (abs)        00000
__CFG_IESO$ON                                    (abs)        00000
__CFG_LVP$ON                                     (abs)        00000
__CFG_MCLRE$ON                                   (abs)        00000
__CFG_PLLEN$ON                                   (abs)        00000
__CFG_PWRTE$OFF                                  (abs)        00000
__CFG_STVREN$ON                                  (abs)        00000
__CFG_WDTE$OFF                                   (abs)        00000
__CFG_WRT$OFF                                    (abs)        00000
__Habs1                                          abs1         00000
__Hbank0                                         bank0        00000
__Hbank1                                         bank1        00000
__Hbank10                                        bank10       00000
__Hbank11                                        bank11       00000
__Hbank12                                        bank12       00000
__Hbank13                                        bank13       00000
__Hbank14                                        bank14       00000
__Hbank15                                        bank15       00000
__Hbank16                                        bank16       00000
__Hbank17                                        bank17       00000
__Hbank18                                        bank18       00000
__Hbank19                                        bank19       00000
__Hbank2                                         bank2        00000
__Hbank20                                        bank20       00000
__Hbank21                                        bank21       00000
__Hbank22                                        bank22       00000
__Hbank23                                        bank23       00000
__Hbank24                                        bank24       00000
__Hbank25                                        bank25       00000
__Hbank26                                        bank26       00000
__Hbank27                                        bank27       00000
__Hbank28                                        bank28       00000
__Hbank29                                        bank29       00000
__Hbank3                                         bank3        00000
__Hbank30                                        bank30       00000
__Hbank31                                        bank31       00000
__Hbank4                                         bank4        00000
__Hbank5                                         bank5        00000
__Hbank6                                         bank6        00000
__Hbank7                                         bank7        00000
__Hbank8                                         bank8        00000
__Hbank9                                         bank9        00000
__Hbigram                                        bigram       00000
__HbssBANK0                                      bssBANK0     00000
__HbssBANK1                                      bssBANK1     00000
__HbssBANK2                                      bssBANK2     00000
__HbssBANK3                                      bssBANK3     00000
__HbssBANK4                                      bssBANK4     00000
__HbssBANK5                                      bssBANK5     00000
__HbssBANK6                                      bssBANK6     00000
__HbssCOMMON                                     bssCOMMON    00000
__Hcinit                                         cinit        000B0
__Hclrtext                                       clrtext      00000
__Hcode                                          code         00000
__Hcommon                                        common       00000
__Hconfig                                        config       08009
__HcstackBANK0                                   cstackBANK0  00000
__HcstackBANK1                                   cstackBANK1  00000
__HcstackCOMMON                                  cstackCOMMON 00000
__HdataBANK1                                     dataBANK1    00000
__HdataBANK2                                     dataBANK2    00000
__Heeprom_data                                   eeprom_data  00000
__Hend_init                                      end_init     0003E
__Hfunctab                                       functab      00000
__HidataBANK1                                    idataBANK1   00000
__HidataBANK2                                    idataBANK2   00000
__Hidloc                                         idloc        00000
__Hinit                                          init         0003C
__Hintentry                                      intentry     0003C
__Hmaintext                                      maintext     00000
__Hpowerup                                       powerup      00000
__Hram                                           ram          00000
__Hreset_vec                                     reset_vec    00002
__Hsfr0                                          sfr0         00000
__Hsfr1                                          sfr1         00000
__Hsfr10                                         sfr10        00000
__Hsfr11                                         sfr11        00000
__Hsfr12                                         sfr12        00000
__Hsfr13                                         sfr13        00000
__Hsfr14                                         sfr14        00000
__Hsfr15                                         sfr15        00000
__Hsfr16                                         sfr16        00000
__Hsfr17                                         sfr17        00000
__Hsfr18                                         sfr18        00000
__Hsfr19                                         sfr19        00000
__Hsfr2                                          sfr2         00000
__Hsfr20                                         sfr20        00000
__Hsfr21                                         sfr21        00000
__Hsfr22                                         sfr22        00000
__Hsfr23                                         sfr23        00000
__Hsfr24                                         sfr24        00000
__Hsfr25                                         sfr25        00000
__Hsfr26                                         sfr26        00000
__Hsfr27                                         sfr27        00000
__Hsfr28                                         sfr28        00000
__Hsfr29                                         sfr29        00000
__Hsfr3                                          sfr3         00000
__Hsfr30                                         sfr30        00000
__Hsfr31                                         sfr31        00000
__Hsfr4                                          sfr4         00000
__Hsfr5                                          sfr5         00000
__Hsfr6                                          sfr6         00000
__Hsfr7                                          sfr7         00000
__Hsfr8                                          sfr8         00000
__Hsfr9                                          sfr9         00000
__Hspace_0                                       (abs)        08009
__Hspace_1                                       (abs)        00360
__Hspace_2                                       (abs)        00000
__Hspace_3                                       (abs)        00000
__Hstack                                         stack        00000
__Hstrings                                       strings      00000
__Hstringtext                                    stringtext   00000
__Htext                                          text         00000
__Labs1                                          abs1         00000
__Lbank0                                         bank0        00000
__Lbank1                                         bank1        00000
__Lbank10                                        bank10       00000
__Lbank11                                        bank11       00000
__Lbank12                                        bank12       00000
__Lbank13                                        bank13       00000
__Lbank14                                        bank14       00000
__Lbank15                                        bank15       00000
__Lbank16                                        bank16       00000
__Lbank17                                        bank17       00000
__Lbank18                                        bank18       00000
__Lbank19                                        bank19       00000
__Lbank2                                         bank2        00000
__Lbank20                                        bank20       00000
__Lbank21                                        bank21       00000
__Lbank22                                        bank22       00000
__Lbank23                                        bank23       00000
__Lbank24                                        bank24       00000
__Lbank25                                        bank25       00000
__Lbank26                                        bank26       00000
__Lbank27                                        bank27       00000
__Lbank28                                        bank28       00000
__Lbank29                                        bank29       00000
__Lbank3                                         bank3        00000
__Lbank30                                        bank30       00000
__Lbank31                                        bank31       00000
__Lbank4                                         bank4        00000
__Lbank5                                         bank5        00000
__Lbank6                                         bank6        00000
__Lbank7                                         bank7        00000
__Lbank8                                         bank8        00000
__Lbank9                                         bank9        00000
__Lbigram                                        bigram       00000
__LbssBANK0                                      bssBANK0     00000
__LbssBANK1                                      bssBANK1     00000
__LbssBANK2                                      bssBANK2     00000
__LbssBANK3                                      bssBANK3     00000
__LbssBANK4                                      bssBANK4     00000
__LbssBANK5                                      bssBANK5     00000
__LbssBANK6                                      bssBANK6     00000
__LbssCOMMON                                     bssCOMMON    00000
__Lcinit                                         cinit        0003E
__Lclrtext                                       clrtext      00000
__Lcode                                          code         00000
__Lcommon                                        common       00000
__Lconfig                                        config       08007
__LcstackBANK0                                   cstackBANK0  00000
__LcstackBANK1                                   cstackBANK1  00000
__LcstackCOMMON                                  cstackCOMMON 00000
__LdataBANK1                                     dataBANK1    00000
__LdataBANK2                                     dataBANK2    00000
__Leeprom_data                                   eeprom_data  00000
__Lend_init                                      end_init     0003C
__Lfunctab                                       functab      00000
__LidataBANK1                                    idataBANK1   00000
__LidataBANK2                                    idataBANK2   00000
__Lidloc                                         idloc        00000
__Linit                                          init         0003C
__Lintentry                                      intentry     00004
__Lmaintext                                      maintext     00000
__Lpowerup                                       powerup      00000
__Lram                                           ram          00000
__Lreset_vec                                     reset_vec    00000
__Lsfr0                                          sfr0         00000
__Lsfr1                                          sfr1         00000
__Lsfr10                                         sfr10        00000
__Lsfr11                                         sfr11        00000
__Lsfr12                                         sfr12        00000
__Lsfr13                                         sfr13        00000
__Lsfr14                                         sfr14        00000
__Lsfr15                                         sfr15        00000
__Lsfr16                                         sfr16        00000
__Lsfr17                                         sfr17        00000
__Lsfr18                                         sfr18        00000
__Lsfr19                                         sfr19        00000
__Lsfr2                                          sfr2         00000
__Lsfr20                                         sfr20        00000
__Lsfr21                                         sfr21        00000
__Lsfr22                                         sfr22        00000
__Lsfr23                                         sfr23        00000
__Lsfr24                                         sfr24        00000
__Lsfr25                                         sfr25        00000
__Lsfr26                                         sfr26        00000
__Lsfr27                                         sfr27        00000
__Lsfr28                                         sfr28        00000
__Lsfr29                                         sfr29        00000
__Lsfr3                                          sfr3         00000
__Lsfr30                                         sfr30        00000
__Lsfr31                                         sfr31        00000
__Lsfr4                                          sfr4         00000
__Lsfr5                                          sfr5         00000
__Lsfr6                                          sfr6         00000
__Lsfr7                                          sfr7         00000
__Lsfr8                                          sfr8         00000
__Lsfr9                                          sfr9         00000
__Lspace_0                                       (abs)        00000
__Lspace_1                                       (abs)        00000
__Lspace_2                                       (abs)        00000
__Lspace_3                                       (abs)        00000
__Lstack                                         stack        00000
__Lstrings                                       strings      00000
__Lstringtext                                    stringtext   00000
__Ltext                                          text         00000
__S0                                             (abs)        08009
__S1                                             (abs)        00360
__S2                                             (abs)        00000
__S3                                             (abs)        00000
___awdiv                                         text54       008E5
___awdiv@counter                                 cstackBANK0  00025
___awdiv@dividend                                cstackBANK0  00022
___awdiv@divisor                                 cstackBANK0  00020
___awdiv@quotient                                cstackBANK0  00027
___awdiv@sign                                    cstackBANK0  00026
___awmod                                         text52       01644
___awmod@counter                                 cstackBANK0  00025
___awmod@dividend                                cstackBANK0  00022
___awmod@divisor                                 cstackBANK0  00020
___awmod@sign                                    cstackBANK0  00026
___int_sp                                        stack        00000
___latbits                                       (abs)        00002
___lwdiv                                         text49       01596
___lwdiv@counter                                 cstackBANK0  00025
___lwdiv@dividend                                cstackBANK0  00022
___lwdiv@divisor                                 cstackBANK0  00020
___lwdiv@quotient                                cstackBANK0  00026
___lwmod                                         text48       0150D
___lwmod@counter                                 cstackBANK0  0002D
___lwmod@dividend                                cstackBANK0  0002A
___lwmod@divisor                                 cstackBANK0  00028
___sp                                            stack        00000
___wmul                                          text57       0135A
___wmul@multiplicand                             cstackBANK0  00022
___wmul@multiplier                               cstackBANK0  00020
___wmul@product                                  cstackBANK0  00024
__end_of_DATAEE_ReadByte                         text61       01248
__end_of_DATAEE_WriteByte                        text58       013F4
__end_of_EUSART_Initialize                       text8        01307
__end_of_EUSART_Read                             text59       013D1
__end_of_EUSART_Receive_ISR                      text68       0133E
__end_of_EUSART_Transmit_ISR                     text67       0135A
__end_of_EUSART_Write                            text47       0143C
__end_of_I2C1_BusCollisionISR                    text66       00802
__end_of_I2C1_FunctionComplete                   text65       01287
__end_of_I2C1_ISR                                text63       00CA0
__end_of_I2C1_Initialize                         text7        01392
__end_of_I2C1_MasterRead                         text41       01464
__end_of_I2C1_MasterReadTRBBuild                 text43       0150D
__end_of_I2C1_MasterTRBInsert                    text42       009E3
__end_of_I2C1_MasterWrite                        text39       014B6
__end_of_I2C1_MasterWriteTRBBuild                text40       01417
__end_of_I2C1_Stop                               text64       012ED
__end_of_INTERRUPT_InterruptManager              intentry     0003C
__end_of_MAX_Y                                   stringtext   0100B
__end_of_OSCILLATOR_Initialize                   text6        01200
__end_of_PIN_MANAGER_Initialize                  text5        013B1
__end_of_PROTOCOL_EXT                            text28       012BE
__end_of_PROTOCOL_Initialize                     text60       008E5
__end_of_PROTOCOL_Loop                           text11       00E3E
__end_of_PROTOCOL_Print_TLV                      text44       00329
__end_of_PROTOCOL_Read_Device_Address            text27       011E5
__end_of_PROTOCOL_SAV                            text26       01224
__end_of_PROTOCOL_SET                            text25       01208
__end_of_PROTOCOL_STA                            text24       011EF
__end_of_PROTOCOL_STP                            text23       011E8
__end_of_PROTOCOL_Set_Extension_Handler          text10       01211
__end_of_PROTOCOL_Set_Tick_Handler               text9        0121A
__end_of_PROTOCOL_Write_Device_Address           text22       01276
__end_of_SYSTEM_Initialize                       text2        012AB
__end_of_TMR0_HasOverflowOccured                 text21       011F3
__end_of_TMR0_Initialize                         text4        0122F
__end_of_WDT_Initialize                          text3        00800
__end_of___awdiv                                 text54       00937
__end_of___awmod                                 text52       0168A
__end_of___lwdiv                                 text49       015CB
__end_of___lwmod                                 text48       0153A
__end_of___wmul                                  text57       01376
__end_of__initialization                         cinit        000AC
__end_of_abs                                     text51       01266
__end_of_add_dev                                 text18       01800
__end_of_atoi                                    text55       00A54
__end_of_check_plg                               text15       012D3
__end_of_command_handler                         text29       01000
__end_of_concat                                  text50       01299
__end_of_del_dev                                 text17       017B2
__end_of_detected                                text53       01596
__end_of_dev_map_iterator                        text34       007FC
__end_of_dpowers                                 stringtext   0100A
__end_of_exec_remote_cmd                         text13       00519
__end_of_fetch                                   text20       00893
__end_of_i2c1_read                               text38       0098C
__end_of_i2c1_write                              text14       0148C
__end_of_i2c1_write_no_data                      text37       014E1
__end_of_init                                    text1        00ACE
__end_of_inv_handler                             text19       00B49
__end_of_isdigit                                 text56       01257
__end_of_main                                    maintext     01567
__end_of_one_shot_sen                            text35       01644
__end_of_print_dev_map                           text33       016D2
__end_of_printf                                  text45       006EE
__end_of_put_cmd                                 text31       01765
__end_of_putch                                   text46       011F9
__end_of_scan_dev                                text16       01603
__end_of_sen                                     text36       007A2
__end_of_strcpy                                  text32       01322
__end_of_strncmp                                 text30       00844
__end_of_tick_handler                            text12       0171A
__initialization                                 cinit        0003E
__pbssBANK0                                      bssBANK0     0006B
__pbssBANK1                                      bssBANK1     000D9
__pbssBANK2                                      bssBANK2     00120
__pbssBANK3                                      bssBANK3     001A0
__pbssBANK4                                      bssBANK4     00220
__pbssBANK5                                      bssBANK5     002A0
__pbssBANK6                                      bssBANK6     00320
__pbssBIGRAM                                     (abs)        02330
__pbssCOMMON                                     bssCOMMON    00070
__pcstackBANK0                                   cstackBANK0  00020
__pcstackBANK1                                   cstackBANK1  000A0
__pcstackCOMMON                                  cstackCOMMON 00077
__pdataBANK1                                     dataBANK1    000ED
__pdataBANK2                                     dataBANK2    00162
__pidataBANK1                                    idataBANK1   00002
__pidataBANK2                                    idataBANK2   011E8
__pintentry                                      intentry     00004
__pmaintext                                      maintext     0153A
__pstringtext                                    stringtext   01000
__pswtext1                                       swtext1      011B0
__ptext1                                         text1        00A54
__ptext10                                        text10       01208
__ptext11                                        text11       00CA0
__ptext12                                        text12       016D2
__ptext13                                        text13       00329
__ptext14                                        text14       01464
__ptext15                                        text15       012BE
__ptext16                                        text16       015CB
__ptext17                                        text17       01765
__ptext18                                        text18       017B2
__ptext19                                        text19       00ACE
__ptext2                                         text2        01299
__ptext20                                        text20       00844
__ptext21                                        text21       011EF
__ptext22                                        text22       01266
__ptext23                                        text23       011E5
__ptext24                                        text24       011EB
__ptext25                                        text25       01200
__ptext26                                        text26       0121A
__ptext27                                        text27       011E2
__ptext28                                        text28       012AB
__ptext29                                        text29       00E3E
__ptext3                                         text3        007FC
__ptext30                                        text30       00802
__ptext31                                        text31       0171A
__ptext32                                        text32       01307
__ptext33                                        text33       0168A
__ptext34                                        text34       007A2
__ptext35                                        text35       01603
__ptext36                                        text36       006EE
__ptext37                                        text37       014B6
__ptext38                                        text38       00937
__ptext39                                        text39       0148C
__ptext4                                         text4        01224
__ptext40                                        text40       013F4
__ptext41                                        text41       0143C
__ptext42                                        text42       0098C
__ptext43                                        text43       014E1
__ptext44                                        text44       000B0
__ptext45                                        text45       00519
__ptext46                                        text46       011F3
__ptext47                                        text47       01417
__ptext48                                        text48       0150D
__ptext49                                        text49       01596
__ptext5                                         text5        01392
__ptext50                                        text50       01287
__ptext51                                        text51       01257
__ptext52                                        text52       01644
__ptext53                                        text53       01567
__ptext54                                        text54       008E5
__ptext55                                        text55       009E3
__ptext56                                        text56       01248
__ptext57                                        text57       0135A
__ptext58                                        text58       013D1
__ptext59                                        text59       013B1
__ptext6                                         text6        011F9
__ptext60                                        text60       00893
__ptext61                                        text61       0123B
__ptext63                                        text63       00B49
__ptext64                                        text64       012D3
__ptext65                                        text65       01276
__ptext66                                        text66       00801
__ptext67                                        text67       0133E
__ptext68                                        text68       01322
__ptext7                                         text7        01376
__ptext8                                         text8        012ED
__ptext9                                         text9        01211
__size_of_DATAEE_ReadByte                        (abs)        00000
__size_of_DATAEE_WriteByte                       (abs)        00000
__size_of_EUSART_Initialize                      (abs)        00000
__size_of_EUSART_Read                            (abs)        00000
__size_of_EUSART_Receive_ISR                     (abs)        00000
__size_of_EUSART_Transmit_ISR                    (abs)        00000
__size_of_EUSART_Write                           (abs)        00000
__size_of_I2C1_BusCollisionISR                   (abs)        00000
__size_of_I2C1_FunctionComplete                  (abs)        00000
__size_of_I2C1_ISR                               (abs)        00000
__size_of_I2C1_Initialize                        (abs)        00000
__size_of_I2C1_MasterRead                        (abs)        00000
__size_of_I2C1_MasterReadTRBBuild                (abs)        00000
__size_of_I2C1_MasterTRBInsert                   (abs)        00000
__size_of_I2C1_MasterWrite                       (abs)        00000
__size_of_I2C1_MasterWriteTRBBuild               (abs)        00000
__size_of_I2C1_Stop                              (abs)        00000
__size_of_INTERRUPT_InterruptManager             (abs)        00000
__size_of_OSCILLATOR_Initialize                  (abs)        00000
__size_of_PIN_MANAGER_Initialize                 (abs)        00000
__size_of_PROTOCOL_EXT                           (abs)        00000
__size_of_PROTOCOL_Initialize                    (abs)        00000
__size_of_PROTOCOL_Loop                          (abs)        00000
__size_of_PROTOCOL_Print_TLV                     (abs)        00000
__size_of_PROTOCOL_Read_Device_Address           (abs)        00000
__size_of_PROTOCOL_SAV                           (abs)        00000
__size_of_PROTOCOL_SET                           (abs)        00000
__size_of_PROTOCOL_STA                           (abs)        00000
__size_of_PROTOCOL_STP                           (abs)        00000
__size_of_PROTOCOL_Set_Extension_Handler         (abs)        00000
__size_of_PROTOCOL_Set_Tick_Handler              (abs)        00000
__size_of_PROTOCOL_Write_Device_Address          (abs)        00000
__size_of_SYSTEM_Initialize                      (abs)        00000
__size_of_TMR0_HasOverflowOccured                (abs)        00000
__size_of_TMR0_Initialize                        (abs)        00000
__size_of_WDT_Initialize                         (abs)        00000
__size_of___awdiv                                (abs)        00000
__size_of___awmod                                (abs)        00000
__size_of___lwdiv                                (abs)        00000
__size_of___lwmod                                (abs)        00000
__size_of___wmul                                 (abs)        00000
__size_of_abs                                    (abs)        00000
__size_of_add_dev                                (abs)        00000
__size_of_atoi                                   (abs)        00000
__size_of_check_plg                              (abs)        00000
__size_of_command_handler                        (abs)        00000
__size_of_concat                                 (abs)        00000
__size_of_del_dev                                (abs)        00000
__size_of_detected                               (abs)        00000
__size_of_dev_map_iterator                       (abs)        00000
__size_of_exec_remote_cmd                        (abs)        00000
__size_of_fetch                                  (abs)        00000
__size_of_i2c1_read                              (abs)        00000
__size_of_i2c1_write                             (abs)        00000
__size_of_i2c1_write_no_data                     (abs)        00000
__size_of_init                                   (abs)        00000
__size_of_inv_handler                            (abs)        00000
__size_of_isdigit                                (abs)        00000
__size_of_main                                   (abs)        00000
__size_of_one_shot_sen                           (abs)        00000
__size_of_print_dev_map                          (abs)        00000
__size_of_printf                                 (abs)        00000
__size_of_put_cmd                                (abs)        00000
__size_of_putch                                  (abs)        00000
__size_of_scan_dev                               (abs)        00000
__size_of_sen                                    (abs)        00000
__size_of_strcpy                                 (abs)        00000
__size_of_strncmp                                (abs)        00000
__size_of_tick_handler                           (abs)        00000
_abs                                             text51       01257
_add_dev                                         text18       017B2
_atoi                                            text55       009E3
_buf                                             bssBANK4     00220
_check_plg                                       text15       012BE
_cmd_buf                                         (abs)        02330
_cnt                                             bssBANK1     000DF
_command_handler                                 text29       00E3E
_concat                                          text50       01287
_del_dev                                         text17       01765
_detected                                        text53       01567
_dev_map                                         bssBANK2     00120
_dev_map_iterator                                text34       007A2
_device_id_                                      bssBANK2     00126
_devs                                            bssBANK1     000E4
_dpowers                                         stringtext   01000
_eusartRxBuffer                                  bssBANK6     00320
_eusartRxCount                                   bssBANK1     000E6
_eusartRxHead                                    bssCOMMON    00073
_eusartRxTail                                    bssCOMMON    00072
_eusartTxBuffer                                  bssBANK5     002A0
_eusartTxBufferRemaining                         bssCOMMON    00074
_eusartTxHead                                    bssCOMMON    00076
_eusartTxTail                                    bssCOMMON    00075
_exec_remote_cmd                                 text13       00329
_fetch                                           text20       00844
_i                                               bssBANK0     0006B
_i2c1_object                                     bssBANK1     000D9
_i2c1_read                                       text38       00937
_i2c1_state                                      bssBANK1     000EC
_i2c1_tr_queue                                   bssBANK2     00159
_i2c1_trb_count                                  bssBANK1     000EB
_i2c1_write                                      text14       01464
_i2c1_write_no_data                              text37       014B6
_init                                            text1        00A54
_inv_handler                                     text19       00ACE
[...]
      Totals:         0       3       0       0       0       0       0       0       0       0       0       0       0       0
Total ram usage:        3 bytes
 Hardware stack levels used:    1
 Hardware stack levels required when called:    3
 This function calls:
		Nothing
 This function is called by:
		_command_handler
		_PROTOCOL_Write_Device_Address
		_PROTOCOL_SAV
 This function uses a non-reentrant model


 *************** function _EUSART_Read *****************
 Defined at:
		line 112 in file "mcc_generated_files/eusart.c"
 Parameters:    Size  Location     Type
		None
 Auto vars:     Size  Location     Type
  readValue       1    1[BANK0 ] unsigned char 
 Return value:  Size  Location     Type
                  1    wreg      unsigned char 
 Registers used:
		wreg, fsr1l, fsr1h, status,2, status,0
 Tracked objects:
		On entry : 
		On exit  : 
		Unchanged: 
 Data sizes:     COMMON   BANK0   BANK1   BANK2   BANK3   BANK4   BANK5   BANK6   BANK7   BANK8   BANK9  BANK10  BANK11  BANK12
      Params:         0       0       0       0       0       0       0       0       0       0       0       0       0       0
      Locals:         0       1       0       0       0       0       0       0       0       0       0       0       0       0
      Temps:          0       1       0       0       0       0       0       0       0       0       0       0       0       0
      Totals:         0       2       0       0       0       0       0       0       0       0       0       0       0       0
Total ram usage:        2 bytes
 Hardware stack levels used:    1
 Hardware stack levels required when called:    3
 This function calls:
		Nothing
 This function is called by:
		_PROTOCOL_Loop
		_getch
 This function uses a non-reentrant model


 *************** function _PROTOCOL_Initialize *****************
 Defined at:
		line 60 in file "protocol.c"
 Parameters:    Size  Location     Type
  device_id       2    1[BANK0 ] PTR const unsigned char 
		 -> STR_33(17), 
  start_handle    1    3[BANK0 ] PTR void 
		 -> NULL(0), 
  stop_handler    1    4[BANK0 ] PTR void 
		 -> NULL(0), 
  set_handler     1    5[BANK0 ] PTR void 
		 -> NULL(0), 
  inv_handler     2    6[BANK0 ] PTR void 
		 -> inv_handler(1), 
  scaler          1    8[BANK0 ] unsigned char 
 Auto vars:     Size  Location     Type
		None
 Return value:  Size  Location     Type
                  1    wreg      void 
 Registers used:
		wreg, status,2, status,0, pclath, cstack
 Tracked objects:
		On entry : 
		On exit  : 
		Unchanged: 
 Data sizes:     COMMON   BANK0   BANK1   BANK2   BANK3   BANK4   BANK5   BANK6   BANK7   BANK8   BANK9  BANK10  BANK11  BANK12
      Params:         0       8       0       0       0       0       0       0       0       0       0       0       0       0
      Locals:         0       0       0       0       0       0       0       0       0       0       0       0       0       0
      Temps:          0       2       0       0       0       0       0       0       0       0       0       0       0       0
      Totals:         0      10       0       0       0       0       0       0       0       0       0       0       0       0
Total ram usage:       10 bytes
 Hardware stack levels used:    1
 Hardware stack levels required when called:    4
 This function calls:
		_DATAEE_ReadByte
 This function is called by:
		_main
 This function uses a non-reentrant model


 *************** function _DATAEE_ReadByte *****************
 Defined at:
		line 204 in file "mcc_generated_files/memory.c"
 Parameters:    Size  Location     Type
  bAdd            1    wreg     unsigned char 
 Auto vars:     Size  Location     Type
  bAdd            1    0[BANK0 ] unsigned char 
 Return value:  Size  Location     Type
                  1    wreg      unsigned char 
 Registers used:
		wreg
 Tracked objects:
		On entry : 
		On exit  : 
		Unchanged: 
 Data sizes:     COMMON   BANK0   BANK1   BANK2   BANK3   BANK4   BANK5   BANK6   BANK7   BANK8   BANK9  BANK10  BANK11  BANK12
      Params:         0       0       0       0       0       0       0       0       0       0       0       0       0       0
      Locals:         0       1       0       0       0       0       0       0       0       0       0       0       0       0
      Temps:          0       0       0       0       0       0       0       0       0       0       0       0       0       0
      Totals:         0       1       0       0       0       0       0       0       0       0       0       0       0       0
Total ram usage:        1 bytes
 Hardware stack levels used:    1
 Hardware stack levels required when called:    3
 This function calls:
		Nothing
 This function is called by:
		_init
		_PROTOCOL_Initialize
 This function uses a non-reentrant model


 *************** function _INTERRUPT_InterruptManager *****************
 Defined at:
		line 51 in file "mcc_generated_files/interrupt_manager.c"
 Parameters:    Size  Location     Type
		None
 Auto vars:     Size  Location     Type
		None
 Return value:  Size  Location     Type
                  1    wreg      void 
 Registers used:
		wreg, fsr0l, fsr0h, fsr1l, fsr1h, status,2, status,0, pclath, cstack
 Tracked objects:
		On entry : 
		On exit  : 
		Unchanged: 
 Data sizes:     COMMON   BANK0   BANK1   BANK2   BANK3   BANK4   BANK5   BANK6   BANK7   BANK8   BANK9  BANK10  BANK11  BANK12
      Params:         0       0       0       0       0       0       0       0       0       0       0       0       0       0
      Locals:         0       0       0       0       0       0       0       0       0       0       0       0       0       0
      Temps:          1       0       0       0       0       0       0       0       0       0       0       0       0       0
      Totals:         1       0       0       0       0       0       0       0       0       0       0       0       0       0
Total ram usage:        1 bytes
 Hardware stack levels used:    1
 Hardware stack levels required when called:    2
 This function calls:
		_EUSART_Receive_ISR
		_EUSART_Transmit_ISR
		_I2C1_BusCollisionISR
		_I2C1_ISR
 This function is called by:
		Interrupt level 1
 This function uses a non-reentrant model


 *************** function _I2C1_ISR *****************
 Defined at:
		line 233 in file "mcc_generated_files/i2c1.c"
 Parameters:    Size  Location     Type
		None
 Auto vars:     Size  Location     Type
		None
 Return value:  Size  Location     Type
                  1    wreg      void 
 Registers used:
		wreg, fsr0l, fsr0h, fsr1l, fsr1h, status,2, status,0, pclath, cstack
 Tracked objects:
		On entry : 
		On exit  : 
		Unchanged: 
 Data sizes:     COMMON   BANK0   BANK1   BANK2   BANK3   BANK4   BANK5   BANK6   BANK7   BANK8   BANK9  BANK10  BANK11  BANK12
      Params:         0       0       0       0       0       0       0       0       0       0       0       0       0       0
      Locals:         0       0       0       0       0       0       0       0       0       0       0       0       0       0
      Temps:          4       0       0       0       0       0       0       0       0       0       0       0       0       0
      Totals:         4       0       0       0       0       0       0       0       0       0       0       0       0       0
Total ram usage:        4 bytes
 Hardware stack levels used:    1
 Hardware stack levels required when called:    1
 This function calls:
		_I2C1_FunctionComplete
		_I2C1_Stop
 This function is called by:
		_INTERRUPT_InterruptManager
 This function uses a non-reentrant model


 *************** function _I2C1_Stop *****************
 Defined at:
		line 581 in file "mcc_generated_files/i2c1.c"
 Parameters:    Size  Location     Type
  completion_c    1    wreg     enum E2972
 Auto vars:     Size  Location     Type
  completion_c    1    1[COMMON] enum E2972
 Return value:  Size  Location     Type
                  1    wreg      void 
 Registers used:
		wreg, fsr1l, fsr1h, status,2, status,0
 Tracked objects:
		On entry : 
		On exit  : 
		Unchanged: 
 Data sizes:     COMMON   BANK0   BANK1   BANK2   BANK3   BANK4   BANK5   BANK6   BANK7   BANK8   BANK9  BANK10  BANK11  BANK12
      Params:         0       0       0       0       0       0       0       0       0       0       0       0       0       0
      Locals:         1       0       0       0       0       0       0       0       0       0       0       0       0       0
      Temps:          1       0       0       0       0       0       0       0       0       0       0       0       0       0
      Totals:         2       0       0       0       0       0       0       0       0       0       0       0       0       0
Total ram usage:        2 bytes
 Hardware stack levels used:    1
 This function calls:
		Nothing
 This function is called by:
		_I2C1_ISR
 This function uses a non-reentrant model


 *************** function _I2C1_FunctionComplete *****************
 Defined at:
		line 563 in file "mcc_generated_files/i2c1.c"
 Parameters:    Size  Location     Type
		None
 Auto vars:     Size  Location     Type
		None
 Return value:  Size  Location     Type
                  1    wreg      void 
 Registers used:
		wreg, status,2, status,0
 Tracked objects:
		On entry : 
		On exit  : 
		Unchanged: 
 Data sizes:     COMMON   BANK0   BANK1   BANK2   BANK3   BANK4   BANK5   BANK6   BANK7   BANK8   BANK9  BANK10  BANK11  BANK12
      Params:         0       0       0       0       0       0       0       0       0       0       0       0       0       0
      Locals:         0       0       0       0       0       0       0       0       0       0       0       0       0       0
      Temps:          1       0       0       0       0       0       0       0       0       0       0       0       0       0
      Totals:         1       0       0       0       0       0       0       0       0       0       0       0       0       0
Total ram usage:        1 bytes
 Hardware stack levels used:    1
 This function calls:
		Nothing
 This function is called by:
		_I2C1_ISR
 This function uses a non-reentrant model


 *************** function _I2C1_BusCollisionISR *****************
 Defined at:
		line 728 in file "mcc_generated_files/i2c1.c"
 Parameters:    Size  Location     Type
		None
 Auto vars:     Size  Location     Type
		None
 Return value:  Size  Location     Type
                  1    wreg      void 
 Registers used:
		None
 Tracked objects:
		On entry : 
		On exit  : 
		Unchanged: 
 Data sizes:     COMMON   BANK0   BANK1   BANK2   BANK3   BANK4   BANK5   BANK6   BANK7   BANK8   BANK9  BANK10  BANK11  BANK12
      Params:         0       0       0       0       0       0       0       0       0       0       0       0       0       0
      Locals:         0       0       0       0       0       0       0       0       0       0       0       0       0       0
      Temps:          0       0       0       0       0       0       0       0       0       0       0       0       0       0
      Totals:         0       0       0       0       0       0       0       0       0       0       0       0       0       0
Total ram usage:        0 bytes
 Hardware stack levels used:    1
 This function calls:
		Nothing
 This function is called by:
		_INTERRUPT_InterruptManager
 This function uses a non-reentrant model


 *************** function _EUSART_Transmit_ISR *****************
 Defined at:
		line 165 in file "mcc_generated_files/eusart.c"
 Parameters:    Size  Location     Type
		None
 Auto vars:     Size  Location     Type
		None
 Return value:  Size  Location     Type
                  1    wreg      void 
 Registers used:
		wreg, fsr1l, fsr1h, status,2, status,0
 Tracked objects:
		On entry : 
		On exit  : 
		Unchanged: 
 Data sizes:     COMMON   BANK0   BANK1   BANK2   BANK3   BANK4   BANK5   BANK6   BANK7   BANK8   BANK9  BANK10  BANK11  BANK12
      Params:         0       0       0       0       0       0       0       0       0       0       0       0       0       0
      Locals:         0       0       0       0       0       0       0       0       0       0       0       0       0       0
      Temps:          1       0       0       0       0       0       0       0       0       0       0       0       0       0
      Totals:         1       0       0       0       0       0       0       0       0       0       0       0       0       0
Total ram usage:        1 bytes
 Hardware stack levels used:    1
 This function calls:
		Nothing
 This function is called by:
		_INTERRUPT_InterruptManager
 This function uses a non-reentrant model


 *************** function _EUSART_Receive_ISR *****************
 Defined at:
		line 184 in file "mcc_generated_files/eusart.c"
 Parameters:    Size  Location     Type
		None
 Auto vars:     Size  Location     Type
		None
 Return value:  Size  Location     Type
                  1    wreg      void 
 Registers used:
		wreg, fsr1l, fsr1h, status,2, status,0
 Tracked objects:
		On entry : 
		On exit  : 
		Unchanged: 
 Data sizes:     COMMON   BANK0   BANK1   BANK2   BANK3   BANK4   BANK5   BANK6   BANK7   BANK8   BANK9  BANK10  BANK11  BANK12
      Params:         0       0       0       0       0       0       0       0       0       0       0       0       0       0
      Locals:         0       0       0       0       0       0       0       0       0       0       0       0       0       0
      Temps:          1       0       0       0       0       0       0       0       0       0       0       0       0       0
      Totals:         1       0       0       0       0       0       0       0       0       0       0       0       0       0
Total ram usage:        1 bytes
 Hardware stack levels used:    1
 This function calls:
		Nothing
 This function is called by:
		_INTERRUPT_InterruptManager
 This function uses a non-reentrant model



MODULE INFORMATION

Module		Function		Class		Link	Load	Size
C:\Program Files (x86)\Microchip\xc8\v1.41\sources\common\lwdiv.c
		___lwdiv       		CODE           	1596	0000	54

C:\Program Files (x86)\Microchip\xc8\v1.41\sources\common\lwdiv.c estimated size: 54

C:\Program Files (x86)\Microchip\xc8\v1.41\sources\common\awdiv.c
		___awdiv       		CODE           	08E5	0000	83

C:\Program Files (x86)\Microchip\xc8\v1.41\sources\common\awdiv.c estimated size: 83

C:\Program Files (x86)\Microchip\xc8\v1.41\sources\common\doprnt.c
		_printf        		CODE           	0519	0000	470

C:\Program Files (x86)\Microchip\xc8\v1.41\sources\common\doprnt.c estimated size: 470

C:\Program Files (x86)\Microchip\xc8\v1.41\sources\common\Umul16.c
		___wmul        		CODE           	135A	0000	29

C:\Program Files (x86)\Microchip\xc8\v1.41\sources\common\Umul16.c estimated size: 29

C:\Program Files (x86)\Microchip\xc8\v1.41\sources\common\isdigit.c
		_isdigit       		CODE           	1248	0000	16

C:\Program Files (x86)\Microchip\xc8\v1.41\sources\common\isdigit.c estimated size: 16

mcc_generated_files/interrupt_manager.c
		_INTERRUPT_InterruptManager		CODE           	0004	0000	57

mcc_generated_files/interrupt_manager.c estimated size: 57

mcc_generated_files/tmr0.c
		_TMR0_HasOverflowOccured		CODE           	11EF	0000	5
		_TMR0_Initialize		CODE           	1224	0000	12

mcc_generated_files/tmr0.c estimated size: 17

mcc_generated_files/i2c1.c
		_I2C1_BusCollisionISR		CODE           	0801	0000	2
		_I2C1_MasterRead		CODE           	143C	0000	41
		_I2C1_FunctionComplete		CODE           	1276	0000	18
		_I2C1_MasterWriteTRBBuild		CODE           	13F4	0000	36
		_I2C1_ISR      		CODE           	0B49	0000	344
		_I2C1_MasterWrite		CODE           	148C	0000	43
		_I2C1_Initialize		CODE           	1376	0000	29
		_I2C1_Stop     		CODE           	12D3	0000	27
		_I2C1_MasterReadTRBBuild		CODE           	14E1	0000	45
		_I2C1_MasterTRBInsert		CODE           	098C	0000	88

mcc_generated_files/i2c1.c estimated size: 673

mcc_generated_files/pin_manager.c
		_PIN_MANAGER_Initialize		CODE           	1392	0000	32

mcc_generated_files/pin_manager.c estimated size: 32

protocol.c
		_PROTOCOL_Read_Device_Address		CODE           	11E2	0000	4
		_PROTOCOL_STA  		CODE           	11EB	0000	5
		_concat        		CODE           	1287	0000	19
		_PROTOCOL_SAV  		CODE           	121A	0000	11
		_PROTOCOL_SET  		CODE           	1200	0000	9
		_PROTOCOL_STP  		CODE           	11E5	0000	4
		_PROTOCOL_EXT  		CODE           	12AB	0000	20
		_PROTOCOL_Loop 		CODE           	0CA0	0000	415
		_PROTOCOL_Set_Extension_Handler		CODE           	1208	0000	10
		_PROTOCOL_Initialize		CODE           	0893	0000	83
		_PROTOCOL_Set_Tick_Handler		CODE           	1211	0000	10
		_PROTOCOL_Write_Device_Address		CODE           	1266	0000	17
		_PROTOCOL_Print_TLV		CODE           	00B0	0000	634

protocol.c estimated size: 1241

shared
		_dpowers       		STRCODE        	1000	0000	11
		__initialization		CODE           	003E	0000	111
		_MAX_Y         		STRCODE        	100A	0000	2

shared estimated size: 124

C:\Program Files (x86)\Microchip\xc8\v1.41\sources\common\lwmod.c
		___lwmod       		CODE           	150D	0000	46

C:\Program Files (x86)\Microchip\xc8\v1.41\sources\common\lwmod.c estimated size: 46

C:\Program Files (x86)\Microchip\xc8\v1.41\sources\common\atoi.c
		_atoi          		CODE           	09E3	0000	114

C:\Program Files (x86)\Microchip\xc8\v1.41\sources\common\atoi.c estimated size: 114

C:\Program Files (x86)\Microchip\xc8\v1.41\sources\common\awmod.c
		___awmod       		CODE           	1644	0000	71

C:\Program Files (x86)\Microchip\xc8\v1.41\sources\common\awmod.c estimated size: 71

mcc_generated_files/mcc.c
		_WDT_Initialize		CODE           	07FC	0000	5
		_OSCILLATOR_Initialize		CODE           	11F9	0000	8
		_SYSTEM_Initialize		CODE           	1299	0000	19

mcc_generated_files/mcc.c estimated size: 32

C:\Program Files (x86)\Microchip\xc8\v1.41\sources\common\abs.c
		_abs           		CODE           	1257	0000	16

C:\Program Files (x86)\Microchip\xc8\v1.41\sources\common\abs.c estimated size: 16

C:\Program Files (x86)\Microchip\xc8\v1.41\sources\common\strcpy.c
		_strcpy        		CODE           	1307	0000	28

C:\Program Files (x86)\Microchip\xc8\v1.41\sources\common\strcpy.c estimated size: 28

mcc_generated_files/memory.c
		_DATAEE_WriteByte		CODE           	13D1	0000	36
		_DATAEE_ReadByte		CODE           	123B	0000	14

mcc_generated_files/memory.c estimated size: 50

C:\Program Files (x86)\Microchip\xc8\v1.41\sources\common\strncmp.c
		_strncmp       		CODE           	0802	0000	67

C:\Program Files (x86)\Microchip\xc8\v1.41\sources\common\strncmp.c estimated size: 67

i2c1_util.c
		_i2c1_write    		CODE           	1464	0000	41
		_i2c1_read     		CODE           	0937	0000	86
		_i2c1_write_no_data		CODE           	14B6	0000	44

i2c1_util.c estimated size: 171

mcc_generated_files/eusart.c
		_putch         		CODE           	11F3	0000	7
		_EUSART_Read   		CODE           	13B1	0000	33
		_EUSART_Write  		CODE           	1417	0000	38
		_EUSART_Transmit_ISR		CODE           	133E	0000	29
		_EUSART_Initialize		CODE           	12ED	0000	27
		_EUSART_Receive_ISR		CODE           	1322	0000	29

mcc_generated_files/eusart.c estimated size: 163

main.c
		_init          		CODE           	0A54	0000	123
		_one_shot_sen  		CODE           	1603	0000	66
		_exec_remote_cmd		CODE           	0329	0000	497
		_sen           		CODE           	06EE	0000	181
		_del_dev       		CODE           	1765	0000	78
		_put_cmd       		CODE           	171A	0000	76
		_print_dev_map 		CODE           	168A	0000	73
		_scan_dev      		CODE           	15CB	0000	57
		_main          		CODE           	153A	0000	46
		_check_plg     		CODE           	12BE	0000	22
		_detected      		CODE           	1567	0000	48
		_command_handler		CODE           	0E3E	0000	451
		_fetch         		CODE           	0844	0000	80
		_inv_handler   		CODE           	0ACE	0000	124
		_add_dev       		CODE           	17B2	0000	79
		_dev_map_iterator		CODE           	07A2	0000	91
		_tick_handler  		CODE           	16D2	0000	73

main.c estimated size: 2165

