Microchip MPLAB XC8 Compiler V1.41 ()

Linker command line:

-W-3 --edf=C:\Program Files (x86)\Microchip\xc8\v1.41\dat\en_msgs.txt -cs \
  -h+dist/default/production\i2c_master.X.production.sym \
  --cmf=dist/default/production\i2c_master.X.production.cmf -z -Q16F1829 \
  -oC:\Users\shiny\AppData\Local\Temp\sbh4.2 \
  -Mdist/default/production/i2c_master.X.production.map -E1 -ver=XC8 \
  -ASTACK=02220h-0232fh -pstack=STACK -ACODE=00h-07FFhx4 \
  -ASTRCODE=00h-01FFFh -ASTRING=00h-0FFhx32 -ACONST=00h-0FFhx32 \
  -AENTRY=00h-0FFhx32 -ACOMMON=070h-07Fh -ABANK0=020h-06Fh \
  -ABANK1=0A0h-0EFh -ABANK2=0120h-016Fh -ABANK3=01A0h-01EFh \
  -ABANK4=0220h-026Fh -ABANK5=02A0h-02EFh -ABANK6=0320h-036Fh \
  -ABANK7=03A0h-03EFh -ABANK8=0420h-046Fh -ABANK9=04A0h-04EFh \
  -ABANK10=0520h-056Fh -ABANK11=05A0h-05EFh -ABANK12=0620h-064Fh \
  -ABIGRAM=02000h-023EFh \
  -ARAM=020h-06Fh,0A0h-0EFh,0120h-016Fh,01A0h-01EFh,0220h-026Fh,02A0h-02EFh,0320h-036Fh,03A0h-03EFh,0420h-046Fh,04A0h-04EFh,0520h-056Fh,05A0h-05EFh,0620h-064Fh \
  -AABS1=020h-07Fh,0A0h-0EFh,0120h-016Fh,01A0h-01EFh,0220h-026Fh,02A0h-02EFh,0320h-036Fh,03A0h-03EFh,0420h-046Fh,04A0h-04EFh,0520h-056Fh,05A0h-05EFh,0620h-064Fh \
  -ASFR0=00h-01Fh -ASFR1=080h-09Fh -ASFR2=0100h-011Fh -ASFR3=0180h-019Fh \
  -ASFR4=0200h-021Fh -ASFR5=0280h-029Fh -ASFR6=0300h-031Fh \
  -ASFR7=0380h-039Fh -ASFR8=0400h-041Fh -ASFR9=0480h-049Fh \
  -ASFR10=0500h-051Fh -ASFR11=0580h-059Fh -ASFR12=0600h-061Fh \
  -ASFR13=0680h-06EFh -ASFR14=0700h-076Fh -ASFR15=0780h-07EFh \
  -ASFR16=0800h-086Fh -ASFR17=0880h-08EFh -ASFR18=0900h-096Fh \
  -ASFR19=0980h-09EFh -ASFR20=0A00h-0A6Fh -ASFR21=0A80h-0AEFh \
  -ASFR22=0B00h-0B6Fh -ASFR23=0B80h-0BEFh -ASFR24=0C00h-0C6Fh \
  -ASFR25=0C80h-0CEFh -ASFR26=0D00h-0D6Fh -ASFR27=0D80h-0DEFh \
  -ASFR28=0E00h-0E6Fh -ASFR29=0E80h-0EEFh -ASFR30=0F00h-0F6Fh \
  -ASFR31=0F80h-0FEFh -preset_vec=00h,intentry=04h,init,end_init \
  -ppowerup=CODE -pcinit=CODE -pfunctab=CODE -ACONFIG=08007h-08008h \
  -pconfig=CONFIG -DCONFIG=2 -AIDLOC=08000h-08003h -pidloc=IDLOC -DIDLOC=2 \
  -AEEDATA=00h-0FFh/0F000h -peeprom_data=EEDATA -DEEDATA=2 -DCODE=2 \
  -DSTRCODE=2 -DSTRING=2 -DCONST=2 -DENTRY=2 -k \
  C:\Users\shiny\AppData\Local\Temp\sbh4.obj \
  dist/default/production\i2c_master.X.production.obj 

Object code version is 3.11

Machine type is 16F1829



                Name                               Link     Load   Length Selector   Space Scale
C:\Users\shiny\AppData\Local\Temp\sbh4.obj
                end_init                             3C       3C        2        8       0
                reset_vec                             0        0        2        0       0
                config                             8007     8007        2    1000E       0
dist/default/production\i2c_master.X.production.obj
                cinit                                3E       3E       72        8       0
                intentry                              4        4       38        8       0
                text68                             131F     131F       1C     263E       0
                text67                             133B     133B       1C     2676       0
                text66                              7FF      7FF        1        8       0
                text65                             1273     1273       11     24E6       0
                text64                             12D0     12D0       1A     25A0       0
                swtext1                            11B0     11B0       18     2360       0
                text63                              B49      B49      157     1692       0
                text61                             1238     1238        D     2470       0
                text60                              893      893       52     1126       0
                text59                             13AE     13AE       20     275C       0
                text58                             13CE     13CE       23     279C       0
                text57                             1357     1357       1C     26AE       0
                text56                             1245     1245        F     248A       0
                text55                              9E3      9E3       71     13C6       0
                text54                              8E5      8E5       52     11CA       0
                text53                             1564     1564       2F     2AC8       0
                text52                             1641     1641       46     2C82       0
                text51                             1254     1254        F     24A8       0
                text50                             1284     1284       12     2508       0
                text49                             1593     1593       35     2B26       0
                text48                             150A     150A       2D     2A14       0
                text47                             1414     1414       25     2828       0
                text46                             11F0     11F0        6     23E0       0
                text45                              51C      51C      1D5        8       0
                text44                               B0       B0      279        8       0
                text43                             14DE     14DE       2C     29BC       0
                text42                              98C      98C       57     1318       0
                text41                             1439     1439       28     2872       0
                text40                             13F1     13F1       23     27E2       0
                text39                             1489     1489       2A     2912       0
                text38                              937      937       55     126E       0
                text37                             14B3     14B3       2B     2966       0
                text36                              6F1      6F1       B4        8       0
                text35                             1600     1600       41     2C00       0
                text34                              7A5      7A5       5A        8       0
                text33                             1687     1687       48     2D0E       0
                text32                             1304     1304       1B     2608       0
                text31                             16CF     16CF       4B     2D9E       0
                text30                              802      802       42     1004       0
                text29                              E3E      E3E      1C2     1C7C       0
                text28                             12A8     12A8       13     2550       0
                text27                             11DB     11DB        3     23B6       0
                text26                             1217     1217        A     242E       0
                text25                             11FD     11FD        8     23FA       0
                text24                             11E4     11E4        4     23C8       0
                text23                             11DE     11DE        3     23BC       0
                text22                             1263     1263       10     24C6       0
                text21                             11E8     11E8        4     23D0       0
                text20                              844      844       4F     1088       0
                text19                              ACE      ACE       7B     159C       0
                text18                             17B2     17B2       4E     2F64       0
                text17                             1765     1765       4D     2ECA       0
                text16                             15C8     15C8       38     2B90       0
                text15                             12BB     12BB       15     2576       0
                text14                             1461     1461       28     28C2       0
                text13                              329      329      1F3        8       0
                text12                             171A     171A       4B     2E34       0
                text11                              CA0      CA0      19E     1940       0
                text10                             1205     1205        9     240A       0
                text9                              120E     120E        9     241C       0
                text8                              12EA     12EA       1A     25D4       0
                text7                              1373     1373       1C     26E6       0
                text6                              11F6     11F6        7     23EC       0
                text5                              138F     138F       1F     271E       0
                text4                              1221     1221        B     2442       0
                text3                              11EC     11EC        4     23D8       0
                text2                              1296     1296       12     252C       0
                text1                               A54      A54       7A     14A8       0
                maintext                           1537     1537       2D     2A6E       0
                cstackBANK0                          20       20       4B       20       1
                cstackCOMMON                         77       77        7       70       1
                cstackBANK1                          A0       A0       39       A0       1
                clrtext                            122C     122C        C     2458       0
                bssBANK6                            320      320       40      320       1
                bssBANK5                            2A0      2A0       40      2A0       1
                bssBANK4                            220      220       40      220       1
                bssBANK3                            1A0      1A0       2C      1A0       1
                dataBANK2                           162      162        3      120       1
                bssBANK2                            120      120       42      120       1
                dataBANK1                            ED       ED        2       A0       1
                bssBANK1                             D9       D9       14       A0       1
                bssBANK0                             6B       6B        4       20       1
                bssCOMMON                            70       70        7       70       1
                stringtext                         1000     1000      1B0     2000       0
                idataBANK2                         11E1     11E1        3     23C2       0
                idataBANK1                            2        2        2        0       0

TOTAL           Name                               Link     Load   Length     Space
        CLASS   STACK          

        CLASS   CODE           
                end_init                             3C       3C        2         0
                cinit                                3E       3E       72         0
                intentry                              4        4       38         0
                reset_vec                             0        0        2         0
                text68                             131F     131F       1C         0
                text67                             133B     133B       1C         0
                text66                              7FF      7FF        1         0
                text65                             1273     1273       11         0
                text64                             12D0     12D0       1A         0
                text63                              B49      B49      157         0
                text61                             1238     1238        D         0
                text60                              893      893       52         0
                text59                             13AE     13AE       20         0
                text58                             13CE     13CE       23         0
                text57                             1357     1357       1C         0
                text56                             1245     1245        F         0
                text55                              9E3      9E3       71         0
                text54                              8E5      8E5       52         0
                text53                             1564     1564       2F         0
                text52                             1641     1641       46         0
                text51                             1254     1254        F         0
                text50                             1284     1284       12         0
                text49                             1593     1593       35         0
                text48                             150A     150A       2D         0
                text47                             1414     1414       25         0
                text46                             11F0     11F0        6         0
                text45                              51C      51C      1D5         0
                text44                               B0       B0      279         0
                text43                             14DE     14DE       2C         0
                text42                              98C      98C       57         0
                text41                             1439     1439       28         0
                text40                             13F1     13F1       23         0
                text39                             1489     1489       2A         0
                text38                              937      937       55         0
                text37                             14B3     14B3       2B         0
                text36                              6F1      6F1       B4         0
                text35                             1600     1600       41         0
                text34                              7A5      7A5       5A         0
                text33                             1687     1687       48         0
                text32                             1304     1304       1B         0
                text31                             16CF     16CF       4B         0
                text30                              802      802       42         0
                text29                              E3E      E3E      1C2         0
                text28                             12A8     12A8       13         0
                text27                             11DB     11DB        3         0
                text26                             1217     1217        A         0
                text25                             11FD     11FD        8         0
                text24                             11E4     11E4        4         0
                text23                             11DE     11DE        3         0
                text22                             1263     1263       10         0
                text21                             11E8     11E8        4         0
                text20                              844      844       4F         0
                text19                              ACE      ACE       7B         0
                text18                             17B2     17B2       4E         0
                text17                             1765     1765       4D         0
                text16                             15C8     15C8       38         0
                text15                             12BB     12BB       15         0
                text14                             1461     1461       28         0
                text13                              329      329      1F3         0
                text12                             171A     171A       4B         0
                text11                              CA0      CA0      19E         0
                text10                             1205     1205        9         0
                text9                              120E     120E        9         0
                text8                              12EA     12EA       1A         0
                text7                              1373     1373       1C         0
                text6                              11F6     11F6        7         0
                text5                              138F     138F       1F         0
                text4                              1221     1221        B         0
                text3                              11EC     11EC        4         0
                text2                              1296     1296       12         0
                text1                               A54      A54       7A         0
                maintext                           1537     1537       2D         0
                clrtext                            122C     122C        C         0
                idataBANK2                         11E1     11E1        3         0
                idataBANK1                            2        2        2         0

        CLASS   STRCODE        
                stringtext                         1000     1000      1B0         0

        CLASS   STRING         

        CLASS   CONST          
                swtext1                            11B0     11B0       18         0

        CLASS   ENTRY          

        CLASS   COMMON         
                cstackCOMMON                         77       77        7         1
                bssCOMMON                            70       70        7         1

        CLASS   BANK0          
                cstackBANK0                          20       20       4B         1
                bssBANK0                             6B       6B        4         1

        CLASS   BANK1          
                cstackBANK1                          A0       A0       39         1
                dataBANK1                            ED       ED        2         1
                bssBANK1                             D9       D9       14         1

        CLASS   BANK2          
                dataBANK2                           162      162        3         1
                bssBANK2                            120      120       42         1

        CLASS   BANK3          
                bssBANK3                            1A0      1A0       2C         1

        CLASS   BANK4          
                bssBANK4                            220      220       40         1

        CLASS   BANK5          
                bssBANK5                            2A0      2A0       40         1

        CLASS   BANK6          
                bssBANK6                            320      320       40         1

        CLASS   BANK7          

        CLASS   BANK8          

        CLASS   BANK9          

        CLASS   BANK10         

        CLASS   BANK11         

        CLASS   BANK12         

        CLASS   BIGRAM         

        CLASS   RAM            

        CLASS   ABS1           
                abs_s1                               7E       7E        2         1
                abs_s1                              530      530       40         1
                abs_s1                              5A0      5A0       50         1
                abs_s1                              620      620       30         1
                abs_s1                             2330     2330        0         1

        CLASS   SFR0           

        CLASS   SFR1           

        CLASS   SFR2           

        CLASS   SFR3           

        CLASS   SFR4           

        CLASS   SFR5           

        CLASS   SFR6           

        CLASS   SFR7           

        CLASS   SFR8           

        CLASS   SFR9           

        CLASS   SFR10          

        CLASS   SFR11          

        CLASS   SFR12          

        CLASS   SFR13          

        CLASS   SFR14          

        CLASS   SFR15          

        CLASS   SFR16          

        CLASS   SFR17          

        CLASS   SFR18          

        CLASS   SFR19          

        CLASS   SFR20          

        CLASS   SFR21          

        CLASS   SFR22          

        CLASS   SFR23          

        CLASS   SFR24          

        CLASS   SFR25          

        CLASS   SFR26          

        CLASS   SFR27          

        CLASS   SFR28          

        CLASS   SFR29          

        CLASS   SFR30          

        CLASS   SFR31          

        CLASS   CONFIG         
                config                             8007     8007        2         0

        CLASS   IDLOC          

        CLASS   EEDATA         

        CLASS   BANK31         

        CLASS   BANK30         

        CLASS   BANK29         

        CLASS   BANK28         

        CLASS   BANK27         

        CLASS   BANK26         

        CLASS   BANK25         

        CLASS   BANK24         

        CLASS   BANK23         

        CLASS   BANK22         

        CLASS   BANK21         

        CLASS   BANK20         

        CLASS   BANK19         

        CLASS   BANK18         

        CLASS   BANK17         

        CLASS   BANK16         

        CLASS   BANK15         

        CLASS   BANK14         

        CLASS   BANK13         



SEGMENTS        Name                           Load    Length   Top    Selector   Space  Class     Delta

                reset_vec                      000000  000004  000004         0       0  CODE        2
                intentry                       000004  0007FC  000800         8       0  CODE        2
                cstackBANK0                    000020  00004F  00006F        20       1  BANK0       1
                bssCOMMON                      000070  00000E  00007E        70       1  COMMON      1
                cstackBANK1                    0000A0  00004F  0000EF        A0       1  BANK1       1
                bssBANK2                       000120  000045  000165       120       1  BANK2       1
                bssBANK3                       0001A0  00002C  0001CC       1A0       1  BANK3       1
                bssBANK4                       000220  000040  000260       220       1  BANK4       1
                bssBANK5                       0002A0  000040  0002E0       2A0       1  BANK5       1
                bssBANK6                       000320  000040  000360       320       1  BANK6       1
                text30                         000802  000042  000844      1004       0  CODE        2
                text20                         000844  00004F  000893      1088       0  CODE        2
                text60                         000893  000052  0008E5      1126       0  CODE        2
                text54                         0008E5  000052  000937      11CA       0  CODE        2
                text38                         000937  000055  00098C      126E       0  CODE        2
                text42                         00098C  000057  0009E3      1318       0  CODE        2
                text55                         0009E3  000071  000A54      13C6       0  CODE        2
                text1                          000A54  00007A  000ACE      14A8       0  CODE        2
                text19                         000ACE  00007B  000B49      159C       0  CODE        2
                text63                         000B49  000157  000CA0      1692       0  CODE        2
                text11                         000CA0  00019E  000E3E      1940       0  CODE        2
                text29                         000E3E  0001C2  001000      1C7C       0  CODE        2
                stringtext                     001000  0001B0  0011B0      2000       0  STRCODE     2
                swtext1                        0011B0  000018  0011C8      2360       0  CONST       2
                text27                         0011DB  000003  0011DE      23B6       0  CODE        2
                text23                         0011DE  000003  0011E1      23BC       0  CODE        2
                idataBANK2                     0011E1  000003  0011E4      23C2       0  CODE        2
                text24                         0011E4  000004  0011E8      23C8       0  CODE        2
                text21                         0011E8  000004  0011EC      23D0       0  CODE        2
                text3                          0011EC  000004  0011F0      23D8       0  CODE        2
                text46                         0011F0  000006  0011F6      23E0       0  CODE        2
                text6                          0011F6  000007  0011FD      23EC       0  CODE        2
                text25                         0011FD  000008  001205      23FA       0  CODE        2
                text10                         001205  000009  00120E      240A       0  CODE        2
                text9                          00120E  000009  001217      241C       0  CODE        2
                text26                         001217  00000A  001221      242E       0  CODE        2
                text4                          001221  00000B  00122C      2442       0  CODE        2
                clrtext                        00122C  00000C  001238      2458       0  CODE        2
                text61                         001238  00000D  001245      2470       0  CODE        2
                text56                         001245  00000F  001254      248A       0  CODE        2
                text51                         001254  00000F  001263      24A8       0  CODE        2
                text22                         001263  000010  001273      24C6       0  CODE        2
                text65                         001273  000011  001284      24E6       0  CODE        2
                text50                         001284  000012  001296      2508       0  CODE        2
                text2                          001296  000012  0012A8      252C       0  CODE        2
                text28                         0012A8  000013  0012BB      2550       0  CODE        2
                text15                         0012BB  000015  0012D0      2576       0  CODE        2
                text64                         0012D0  00001A  0012EA      25A0       0  CODE        2
                text8                          0012EA  00001A  001304      25D4       0  CODE        2
                text32                         001304  00001B  00131F      2608       0  CODE        2
                text68                         00131F  00001C  00133B      263E       0  CODE        2
                text67                         00133B  00001C  001357      2676       0  CODE        2
                text57                         001357  00001C  001373      26AE       0  CODE        2
                text7                          001373  00001C  00138F      26E6       0  CODE        2
                text5                          00138F  00001F  0013AE      271E       0  CODE        2
                text59                         0013AE  000020  0013CE      275C       0  CODE        2
                text58                         0013CE  000023  0013F1      279C       0  CODE        2
                text40                         0013F1  000023  001414      27E2       0  CODE        2
                text47                         001414  000025  001439      2828       0  CODE        2
                text41                         001439  000028  001461      2872       0  CODE        2
                text14                         001461  000028  001489      28C2       0  CODE        2
                text39                         001489  00002A  0014B3      2912       0  CODE        2
                text37                         0014B3  00002B  0014DE      2966       0  CODE        2
                text43                         0014DE  00002C  00150A      29BC       0  CODE        2
                text48                         00150A  00002D  001537      2A14       0  CODE        2
                maintext                       001537  00002D  001564      2A6E       0  CODE        2
                text53                         001564  00002F  001593      2AC8       0  CODE        2
                text49                         001593  000035  0015C8      2B26       0  CODE        2
                text16                         0015C8  000038  001600      2B90       0  CODE        2
                text35                         001600  000041  001641      2C00       0  CODE        2
                text52                         001641  000046  001687      2C82       0  CODE        2
                text33                         001687  000048  0016CF      2D0E       0  CODE        2
                text31                         0016CF  00004B  00171A      2D9E       0  CODE        2
                text12                         00171A  00004B  001765      2E34       0  CODE        2
                text17                         001765  00004D  0017B2      2ECA       0  CODE        2
                text18                         0017B2  00004E  001800      2F64       0  CODE        2
                config                         008007  000002  008009     1000E       0  CONFIG      2


UNUSED ADDRESS RANGES

        Name                Unused          Largest block    Delta
        BANK0            0006F-0006F               1           1
        BANK1            000EF-000EF               1           1
        BANK10           00520-0052F              10           1
        BANK2            00165-0016F               B           1
        BANK3            001CC-001EF              24           1
        BANK4            00260-0026F              10           1
        BANK5            002E0-002EF              10           1
        BANK6            00360-0036F              10           1
        BANK7            003A0-003EF              50           1
        BANK8            00420-0046F              50           1
        BANK9            004A0-004EF              50           1
        BIGRAM           02000-023EF             3F0           1
        CODE             00800-00801               2           2
                         011C8-011DA              13
                         01800-01FFF             800
        CONST            00800-00801               2           2
                         011C8-011DA              13
                         01800-01FFF             100
        EEDATA           0F000-0F0FF             100           2
        ENTRY            00800-00801               2           2
                         011C8-011DA              13
                         01800-01FFF             100
        IDLOC            08000-08003               4           2
        RAM              0006F-0006F               1           1
                         000EF-000EF               1
                         00165-0016F               B
                         001CC-001EF              24
                         00260-0026F              10
                         002E0-002EF              10
                         00360-0036F              10
                         003A0-003EF              50
                         00420-0046F              50
                         004A0-004EF              50
                         00520-0052F              10
        SFR0             00000-0001F              20           1
        SFR1             00080-0009F              20           1
        SFR10            00500-0051F              20           1
        SFR11            00580-0059F              20           1
        SFR12            00600-0061F              20           1
        SFR13            00680-006EF              70           1
        SFR14            00700-0076F              70           1
        SFR15            00780-007EF              70           1
        SFR16            00800-0086F              70           1
        SFR17            00880-008EF              70           1
        SFR18            00900-0096F              70           1
        SFR19            00980-009EF              70           1
        SFR2             00100-0011F              20           1
        SFR20            00A00-00A6F              70           1
        SFR21            00A80-00AEF              70           1
        SFR22            00B00-00B6F              70           1
        SFR23            00B80-00BEF              70           1
        SFR24            00C00-00C6F              70           1
        SFR25            00C80-00CEF              70           1
        SFR26            00D00-00D6F              70           1
        SFR27            00D80-00DEF              70           1
        SFR28            00E00-00E6F              70           1
        SFR29            00E80-00EEF              70           1
        SFR3             00180-0019F              20           1
        SFR30            00F00-00F6F              70           1
        SFR31            00F80-00FEF              70           1
        SFR4             00200-0021F              20           1
        SFR5             00280-0029F              20           1
        SFR6             00300-0031F              20           1
        SFR7             00380-0039F              20           1
        SFR8             00400-0041F              20           1
        SFR9             00480-0049F              20           1
        STACK            02220-0232F             110           1
        STRCODE          00800-00801               2           2
                         011C8-011DA              13
                         01800-01FFF             800
        STRING           00800-00801               2           2
                         011C8-011DA              13
                         01800-01FFF             100

                                  Symbol Table

?___awdiv                                        cstackBANK0  00020
?___awmod                                        cstackBANK0  00020
?___lwdiv                                        cstackBANK0  00020
?___lwmod                                        cstackBANK0  00028
?___wmul                                         cstackBANK0  00020
?_abs                                            cstackBANK0  00027
?_atoi                                           cstackBANK0  00026
?_concat                                         cstackBANK0  00020
?_printf                                         cstackBANK0  0002E
?_strncmp                                        cstackBANK0  00020
DATAEE_ReadByte@bAdd                             cstackBANK0  00020
DATAEE_WriteByte@GIEBitValue                     cstackBANK0  00022
DATAEE_WriteByte@bAdd                            cstackBANK0  00021
DATAEE_WriteByte@bData                           cstackBANK0  00020
EUSART_Read@readValue                            cstackBANK0  00021
EUSART_Write@txData                              cstackBANK0  00021
I2C1_ISR@i2c_10bit_address_restart               bssBANK1     000E7
I2C1_ISR@i2c_address                             bssBANK0     0006D
I2C1_ISR@i2c_bytes_left                          bssBANK1     000E8
I2C1_ISR@pi2c_buf_ptr                            bssBANK2     00138
I2C1_MasterRead@address                          cstackBANK0  0002B
I2C1_MasterRead@length                           cstackBANK0  0002A
I2C1_MasterRead@pdata                            cstackBANK0  00028
I2C1_MasterRead@pflag                            cstackBANK0  0002D
I2C1_MasterRead@trBlock                          bssBANK2     0014C
I2C1_MasterReadTRBBuild@address                  cstackBANK0  00023
I2C1_MasterReadTRBBuild@length                   cstackBANK0  00022
I2C1_MasterReadTRBBuild@pdata                    cstackBANK0  00020
I2C1_MasterReadTRBBuild@ptrb                     cstackBANK0  00027
I2C1_MasterTRBInsert@count                       cstackBANK0  00023
I2C1_MasterTRBInsert@pflag                       cstackBANK0  00021
I2C1_MasterTRBInsert@ptrb_list                   cstackBANK0  00020
I2C1_MasterWrite@address                         cstackBANK0  00028
I2C1_MasterWrite@length                          cstackBANK0  00027
I2C1_MasterWrite@pdata                           cstackBANK0  0002D
I2C1_MasterWrite@pflag                           cstackBANK0  0002A
I2C1_MasterWrite@trBlock                         bssBANK2     00151
I2C1_MasterWriteTRBBuild@address                 cstackBANK0  00022
I2C1_MasterWriteTRBBuild@length                  cstackBANK0  00021
I2C1_MasterWriteTRBBuild@pdata                   cstackBANK0  00020
I2C1_MasterWriteTRBBuild@ptrb                    cstackBANK0  00026
I2C1_Stop@completion_code                        cstackCOMMON 00078
PROTOCOL_EXT@char_buf                            cstackBANK0  00066
PROTOCOL_Initialize@device_id                    cstackBANK0  00021
PROTOCOL_Initialize@inv_handler                  cstackBANK0  00026
PROTOCOL_Initialize@scaler                       cstackBANK0  00028
PROTOCOL_Initialize@set_handler                  cstackBANK0  00025
PROTOCOL_Initialize@start_handler                cstackBANK0  00023
PROTOCOL_Initialize@stop_handler                 cstackBANK0  00024
PROTOCOL_Loop@c                                  cstackBANK0  00069
PROTOCOL_Loop@device_address                     cstackBANK0  0006A
PROTOCOL_Print_TLV@dev_addr                      cstackBANK0  0004A
PROTOCOL_Print_TLV@length                        cstackBANK0  00045
PROTOCOL_Print_TLV@pbuffer                       cstackBANK0  00046
PROTOCOL_Print_TLV@type                          cstackBANK0  00044
PROTOCOL_Print_TLV@v                             cstackBANK0  0004B
PROTOCOL_SET@value_                              cstackBANK0  00021
PROTOCOL_Set_Extension_Handler@extension_handler cstackBANK0  00020
PROTOCOL_Set_Tick_Handler@tick_handler           cstackBANK0  00020
PROTOCOL_Write_Device_Address@device_id_i2c      cstackBANK0  00024
_ANSELA                                          (abs)        0018C
_ANSELB                                          (abs)        0018D
_ANSELC                                          (abs)        0018E
_APFCON0                                         (abs)        0011D
_APFCON1                                         (abs)        0011E
_BACKPLANE_SLAVE_ADDRESS                         dataBANK1    000EE
_BAUDCON                                         (abs)        0019F
_DATAEE_ReadByte                                 text61       01238
_DATAEE_WriteByte                                text58       013CE
_EEADRH                                          (abs)        00192
_EEADRL                                          (abs)        00191
_EECON1bits                                      (abs)        00195
_EECON2                                          (abs)        00196
_EEDATH                                          (abs)        00194
_EEDATL                                          (abs)        00193
_EUSART_Initialize                               text8        012EA
_EUSART_Read                                     text59       013AE
_EUSART_Receive_ISR                              text68       0131F
_EUSART_Transmit_ISR                             text67       0133B
_EUSART_Write                                    text47       01414
_I2C1_BusCollisionISR                            text66       007FF
_I2C1_FunctionComplete                           text65       01273
_I2C1_ISR                                        text63       00B49
_I2C1_Initialize                                 text7        01373
_I2C1_MasterRead                                 text41       01439
_I2C1_MasterReadTRBBuild                         text43       014DE
_I2C1_MasterTRBInsert                            text42       0098C
_I2C1_MasterWrite                                text39       01489
_I2C1_MasterWriteTRBBuild                        text40       013F1
_I2C1_Stop                                       text64       012D0
_INTCONbits                                      (abs)        0000B
_INTERRUPT_InterruptManager                      intentry     00004
_LATA                                            (abs)        0010C
_LATB                                            (abs)        0010D
_LATC                                            (abs)        0010E
_LATCbits                                        (abs)        0010E
_MAX_Y                                           stringtext   0100A
_OPTION_REG                                      (abs)        00095
_OPTION_REGbits                                  (abs)        00095
_OSCCON                                          (abs)        00099
_OSCILLATOR_Initialize                           text6        011F6
_OSCTUNE                                         (abs)        00098
_PIE1bits                                        (abs)        00091
_PIE2bits                                        (abs)        00092
_PIN_MANAGER_Initialize                          text5        0138F
_PIR1bits                                        (abs)        00011
_PIR2bits                                        (abs)        00012
_PLLR                                            (abs)        004D6
_PROTOCOL_EXT                                    text28       012A8
_PROTOCOL_Extension_Handler                      bssBANK2     0012C
_PROTOCOL_Initialize                             text60       00893
_PROTOCOL_Inv_Handler                            bssBANK2     0012A
_PROTOCOL_Loop                                   text11       00CA0
_PROTOCOL_Loop_Func                              bssBANK2     0012E
_PROTOCOL_Print_TLV                              text44       000B0
_PROTOCOL_Read_Device_Address                    text27       011DB
_PROTOCOL_SAV                                    text26       01217
_PROTOCOL_SET                                    text25       011FD
_PROTOCOL_STA                                    text24       011E4
_PROTOCOL_STP                                    text23       011DE
_PROTOCOL_Set_Extension_Handler                  text10       01205
_PROTOCOL_Set_Handler                            bssBANK2     00130
_PROTOCOL_Set_Tick_Handler                       text9        0120E
_PROTOCOL_Start_Handler                          bssBANK2     00134
_PROTOCOL_Stop_Handler                           bssBANK2     00132
_PROTOCOL_Tick_Handler                           bssBANK2     00128
_PROTOCOL_Write_Device_Address                   text22       01263
_RCREG                                           (abs)        00199
_RCSTA                                           (abs)        0019D
_RCSTAbits                                       (abs)        0019D
_SPBRGH                                          (abs)        0019C
_SPBRGL                                          (abs)        0019B
_SSP1ADD                                         (abs)        00212
_SSP1BUF                                         (abs)        00211
_SSP1CON1                                        (abs)        00215
_SSP1CON1bits                                    (abs)        00215
_SSP1CON2bits                                    (abs)        00216
_SSP1CON3                                        (abs)        00217
_SSP1STAT                                        (abs)        00214
_SYSTEM_Initialize                               text2        01296
_TMR0                                            (abs)        00015
_TMR0IF                                          (abs)        0005A
_TMR0_HasOverflowOccured                         text21       011E8
_TMR0_Initialize                                 text4        01221
_TRISA                                           (abs)        0008C
_TRISB                                           (abs)        0008D
_TRISC                                           (abs)        0008E
_TXREG                                           (abs)        0019A
_TXSTA                                           (abs)        0019E
_WDTCON                                          (abs)        00097
_WDT_Initialize                                  text3        011EC
_WPUA                                            (abs)        0020C
_WPUB                                            (abs)        0020D
_WPUC                                            (abs)        0020E
__CFG_BOREN$ON                                   (abs)        00000
__CFG_BORV$LO                                    (abs)        00000
__CFG_CLKOUTEN$OFF                               (abs)        00000
__CFG_CP$OFF                                     (abs)        00000
__CFG_CPD$OFF                                    (abs)        00000
__CFG_FCMEN$ON                                   (abs)        00000
__CFG_FOSC$INTOSC                                (abs)        00000
__CFG_IESO$ON                                    (abs)        00000
__CFG_LVP$ON                                     (abs)        00000
__CFG_MCLRE$ON                                   (abs)        00000
__CFG_PLLEN$ON                                   (abs)        00000
__CFG_PWRTE$OFF                                  (abs)        00000
__CFG_STVREN$ON                                  (abs)        00000
__CFG_WDTE$OFF                                   (abs)        00000
__CFG_WRT$OFF                                    (abs)        00000
__Habs1                                          abs1         00000
__Hbank0                                         bank0        00000
__Hbank1                                         bank1        00000
__Hbank10                                        bank10       00000
__Hbank11                                        bank11       00000
__Hbank12                                        bank12       00000
__Hbank13                                        bank13       00000
__Hbank14                                        bank14       00000
__Hbank15                                        bank15       00000
__Hbank16                                        bank16       00000
__Hbank17                                        bank17       00000
__Hbank18                                        bank18       00000
__Hbank19                                        bank19       00000
__Hbank2                                         bank2        00000
__Hbank20                                        bank20       00000
__Hbank21                                        bank21       00000
__Hbank22                                        bank22       00000
__Hbank23                                        bank23       00000
__Hbank24                                        bank24       00000
__Hbank25                                        bank25       00000
__Hbank26                                        bank26       00000
__Hbank27                                        bank27       00000
__Hbank28                                        bank28       00000
__Hbank29                                        bank29       00000
__Hbank3                                         bank3        00000
__Hbank30                                        bank30       00000
__Hbank31                                        bank31       00000
__Hbank4                                         bank4        00000
__Hbank5                                         bank5        00000
__Hbank6                                         bank6        00000
__Hbank7                                         bank7        00000
__Hbank8                                         bank8        00000
__Hbank9                                         bank9        00000
__Hbigram                                        bigram       00000
__HbssBANK0                                      bssBANK0     00000
__HbssBANK1                                      bssBANK1     00000
__HbssBANK2                                      bssBANK2     00000
__HbssBANK3                                      bssBANK3     00000
__HbssBANK4                                      bssBANK4     00000
__HbssBANK5                                      bssBANK5     00000
__HbssBANK6                                      bssBANK6     00000
__HbssCOMMON                                     bssCOMMON    00000
__Hcinit                                         cinit        000B0
__Hclrtext                                       clrtext      00000
__Hcode                                          code         00000
__Hcommon                                        common       00000
__Hconfig                                        config       08009
__HcstackBANK0                                   cstackBANK0  00000
__HcstackBANK1                                   cstackBANK1  00000
__HcstackCOMMON                                  cstackCOMMON 00000
__HdataBANK1                                     dataBANK1    00000
__HdataBANK2                                     dataBANK2    00000
__Heeprom_data                                   eeprom_data  00000
__Hend_init                                      end_init     0003E
__Hfunctab                                       functab      00000
__HidataBANK1                                    idataBANK1   00000
__HidataBANK2                                    idataBANK2   00000
__Hidloc                                         idloc        00000
__Hinit                                          init         0003C
__Hintentry                                      intentry     0003C
__Hmaintext                                      maintext     00000
__Hpowerup                                       powerup      00000
__Hram                                           ram          00000
__Hreset_vec                                     reset_vec    00002
__Hsfr0                                          sfr0         00000
__Hsfr1                                          sfr1         00000
__Hsfr10                                         sfr10        00000
__Hsfr11                                         sfr11        00000
__Hsfr12                                         sfr12        00000
__Hsfr13                                         sfr13        00000
__Hsfr14                                         sfr14        00000
__Hsfr15                                         sfr15        00000
__Hsfr16                                         sfr16        00000
__Hsfr17                                         sfr17        00000
__Hsfr18                                         sfr18        00000
__Hsfr19                                         sfr19        00000
__Hsfr2                                          sfr2         00000
__Hsfr20                                         sfr20        00000
__Hsfr21                                         sfr21        00000
__Hsfr22                                         sfr22        00000
__Hsfr23                                         sfr23        00000
__Hsfr24                                         sfr24        00000
__Hsfr25                                         sfr25        00000
__Hsfr26                                         sfr26        00000
__Hsfr27                                         sfr27        00000
__Hsfr28                                         sfr28        00000
__Hsfr29                                         sfr29        00000
__Hsfr3                                          sfr3         00000
__Hsfr30                                         sfr30        00000
__Hsfr31                                         sfr31        00000
__Hsfr4                                          sfr4         00000
__Hsfr5                                          sfr5         00000
__Hsfr6                                          sfr6         00000
__Hsfr7                                          sfr7         00000
__Hsfr8                                          sfr8         00000
__Hsfr9                                          sfr9         00000
__Hspace_0                                       (abs)        08009
__Hspace_1                                       (abs)        00360
__Hspace_2                                       (abs)        00000
__Hspace_3                                       (abs)        00000
__Hstack                                         stack        00000
__Hstrings                                       strings      00000
__Hstringtext                                    stringtext   00000
__Htext                                          text         00000
__Labs1                                          abs1         00000
__Lbank0                                         bank0        00000
__Lbank1                                         bank1        00000
__Lbank10                                        bank10       00000
__Lbank11                                        bank11       00000
__Lbank12                                        bank12       00000
__Lbank13                                        bank13       00000
__Lbank14                                        bank14       00000
__Lbank15                                        bank15       00000
__Lbank16                                        bank16       00000
__Lbank17                                        bank17       00000
__Lbank18                                        bank18       00000
__Lbank19                                        bank19       00000
__Lbank2                                         bank2        00000
__Lbank20                                        bank20       00000
__Lbank21                                        bank21       00000
__Lbank22                                        bank22       00000
__Lbank23                                        bank23       00000
__Lbank24                                        bank24       00000
__Lbank25                                        bank25       00000
__Lbank26                                        bank26       00000
__Lbank27                                        bank27       00000
__Lbank28                                        bank28       00000
__Lbank29                                        bank29       00000
__Lbank3                                         bank3        00000
__Lbank30                                        bank30       00000
__Lbank31                                        bank31       00000
__Lbank4                                         bank4        00000
__Lbank5                                         bank5        00000
__Lbank6                                         bank6        00000
__Lbank7                                         bank7        00000
__Lbank8                                         bank8        00000
__Lbank9                                         bank9        00000
__Lbigram                                        bigram       00000
__LbssBANK0                                      bssBANK0     00000
__LbssBANK1                                      bssBANK1     00000
__LbssBANK2                                      bssBANK2     00000
__LbssBANK3                                      bssBANK3     00000
__LbssBANK4                                      bssBANK4     00000
__LbssBANK5                                      bssBANK5     00000
__LbssBANK6                                      bssBANK6     00000
__LbssCOMMON                                     bssCOMMON    00000
__Lcinit                                         cinit        0003E
__Lclrtext                                       clrtext      00000
__Lcode                                          code         00000
__Lcommon                                        common       00000
__Lconfig                                        config       08007
__LcstackBANK0                                   cstackBANK0  00000
__LcstackBANK1                                   cstackBANK1  00000
__LcstackCOMMON                                  cstackCOMMON 00000
__LdataBANK1                                     dataBANK1    00000
__LdataBANK2                                     dataBANK2    00000
__Leeprom_data                                   eeprom_data  00000
__Lend_init                                      end_init     0003C
__Lfunctab                                       functab      00000
__LidataBANK1                                    idataBANK1   00000
__LidataBANK2                                    idataBANK2   00000
__Lidloc                                         idloc        00000
__Linit                                          init         0003C
__Lintentry                                      intentry     00004
__Lmaintext                                      maintext     00000
__Lpowerup                                       powerup      00000
__Lram                                           ram          00000
__Lreset_vec                                     reset_vec    00000
__Lsfr0                                          sfr0         00000
__Lsfr1                                          sfr1         00000
__Lsfr10                                         sfr10        00000
__Lsfr11                                         sfr11        00000
__Lsfr12                                         sfr12        00000
__Lsfr13                                         sfr13        00000
__Lsfr14                                         sfr14        00000
__Lsfr15                                         sfr15        00000
__Lsfr16                                         sfr16        00000
__Lsfr17                                         sfr17        00000
__Lsfr18                                         sfr18        00000
__Lsfr19                                         sfr19        00000
__Lsfr2                                          sfr2         00000
__Lsfr20                                         sfr20        00000
__Lsfr21                                         sfr21        00000
__Lsfr22                                         sfr22        00000
__Lsfr23                                         sfr23        00000
__Lsfr24                                         sfr24        00000
__Lsfr25                                         sfr25        00000
__Lsfr26                                         sfr26        00000
__Lsfr27                                         sfr27        00000
__Lsfr28                                         sfr28        00000
__Lsfr29                                         sfr29        00000
__Lsfr3                                          sfr3         00000
__Lsfr30                                         sfr30        00000
__Lsfr31                                         sfr31        00000
__Lsfr4                                          sfr4         00000
__Lsfr5                                          sfr5         00000
__Lsfr6                                          sfr6         00000
__Lsfr7                                          sfr7         00000
__Lsfr8                                          sfr8         00000
__Lsfr9                                          sfr9         00000
__Lspace_0                                       (abs)        00000
__Lspace_1                                       (abs)        00000
__Lspace_2                                       (abs)        00000
__Lspace_3                                       (abs)        00000
__Lstack                                         stack        00000
__Lstrings                                       strings      00000
__Lstringtext                                    stringtext   00000
__Ltext                                          text         00000
__S0                                             (abs)        08009
__S1                                             (abs)        00360
__S2                                             (abs)        00000
__S3                                             (abs)        00000
___awdiv                                         text54       008E5
___awdiv@counter                                 cstackBANK0  00025
___awdiv@dividend                                cstackBANK0  00022
___awdiv@divisor                                 cstackBANK0  00020
___awdiv@quotient                                cstackBANK0  00027
___awdiv@sign                                    cstackBANK0  00026
___awmod                                         text52       01641
___awmod@counter                                 cstackBANK0  00025
___awmod@dividend                                cstackBANK0  00022
___awmod@divisor                                 cstackBANK0  00020
___awmod@sign                                    cstackBANK0  00026
___int_sp                                        stack        00000
___latbits                                       (abs)        00002
___lwdiv                                         text49       01593
___lwdiv@counter                                 cstackBANK0  00025
___lwdiv@dividend                                cstackBANK0  00022
___lwdiv@divisor                                 cstackBANK0  00020
___lwdiv@quotient                                cstackBANK0  00026
___lwmod                                         text48       0150A
___lwmod@counter                                 cstackBANK0  0002D
___lwmod@dividend                                cstackBANK0  0002A
___lwmod@divisor                                 cstackBANK0  00028
___sp                                            stack        00000
___wmul                                          text57       01357
___wmul@multiplicand                             cstackBANK0  00022
___wmul@multiplier                               cstackBANK0  00020
___wmul@product                                  cstackBANK0  00024
__end_of_DATAEE_ReadByte                         text61       01245
__end_of_DATAEE_WriteByte                        text58       013F1
__end_of_EUSART_Initialize                       text8        01304
__end_of_EUSART_Read                             text59       013CE
__end_of_EUSART_Receive_ISR                      text68       0133B
__end_of_EUSART_Transmit_ISR                     text67       01357
__end_of_EUSART_Write                            text47       01439
__end_of_I2C1_BusCollisionISR                    text66       00800
__end_of_I2C1_FunctionComplete                   text65       01284
__end_of_I2C1_ISR                                text63       00CA0
__end_of_I2C1_Initialize                         text7        0138F
__end_of_I2C1_MasterRead                         text41       01461
__end_of_I2C1_MasterReadTRBBuild                 text43       0150A
__end_of_I2C1_MasterTRBInsert                    text42       009E3
__end_of_I2C1_MasterWrite                        text39       014B3
__end_of_I2C1_MasterWriteTRBBuild                text40       01414
__end_of_I2C1_Stop                               text64       012EA
__end_of_INTERRUPT_InterruptManager              intentry     0003C
__end_of_MAX_Y                                   stringtext   0100B
__end_of_OSCILLATOR_Initialize                   text6        011FD
__end_of_PIN_MANAGER_Initialize                  text5        013AE
__end_of_PROTOCOL_EXT                            text28       012BB
__end_of_PROTOCOL_Initialize                     text60       008E5
__end_of_PROTOCOL_Loop                           text11       00E3E
__end_of_PROTOCOL_Print_TLV                      text44       00329
__end_of_PROTOCOL_Read_Device_Address            text27       011DE
__end_of_PROTOCOL_SAV                            text26       01221
__end_of_PROTOCOL_SET                            text25       01205
__end_of_PROTOCOL_STA                            text24       011E8
__end_of_PROTOCOL_STP                            text23       011E1
__end_of_PROTOCOL_Set_Extension_Handler          text10       0120E
__end_of_PROTOCOL_Set_Tick_Handler               text9        01217
__end_of_PROTOCOL_Write_Device_Address           text22       01273
__end_of_SYSTEM_Initialize                       text2        012A8
__end_of_TMR0_HasOverflowOccured                 text21       011EC
__end_of_TMR0_Initialize                         text4        0122C
__end_of_WDT_Initialize                          text3        011F0
__end_of___awdiv                                 text54       00937
__end_of___awmod                                 text52       01687
__end_of___lwdiv                                 text49       015C8
__end_of___lwmod                                 text48       01537
__end_of___wmul                                  text57       01373
__end_of__initialization                         cinit        000AC
__end_of_abs                                     text51       01263
__end_of_add_dev                                 text18       01800
__end_of_atoi                                    text55       00A54
__end_of_check_plg                               text15       012D0
__end_of_command_handler                         text29       01000
__end_of_concat                                  text50       01296
__end_of_del_dev                                 text17       017B2
__end_of_detected                                text53       01593
__end_of_dev_map_iterator                        text34       007FF
__end_of_dpowers                                 stringtext   0100A
__end_of_exec_remote_cmd                         text13       0051C
__end_of_fetch                                   text20       00893
__end_of_i2c1_read                               text38       0098C
__end_of_i2c1_write                              text14       01489
__end_of_i2c1_write_no_data                      text37       014DE
__end_of_init                                    text1        00ACE
__end_of_inv_handler                             text19       00B49
__end_of_isdigit                                 text56       01254
__end_of_main                                    maintext     01564
__end_of_one_shot_sen                            text35       01641
__end_of_print_dev_map                           text33       016CF
__end_of_printf                                  text45       006F1
__end_of_put_cmd                                 text31       0171A
__end_of_putch                                   text46       011F6
__end_of_scan_dev                                text16       01600
__end_of_sen                                     text36       007A5
__end_of_strcpy                                  text32       0131F
__end_of_strncmp                                 text30       00844
__end_of_tick_handler                            text12       01765
__initialization                                 cinit        0003E
__pbssBANK0                                      bssBANK0     0006B
__pbssBANK1                                      bssBANK1     000D9
__pbssBANK2                                      bssBANK2     00120
__pbssBANK3                                      bssBANK3     001A0
__pbssBANK4                                      bssBANK4     00220
__pbssBANK5                                      bssBANK5     002A0
__pbssBANK6                                      bssBANK6     00320
__pbssBIGRAM                                     (abs)        02330
__pbssCOMMON                                     bssCOMMON    00070
__pcstackBANK0                                   cstackBANK0  00020
__pcstackBANK1                                   cstackBANK1  000A0
__pcstackCOMMON                                  cstackCOMMON 00077
__pdataBANK1                                     dataBANK1    000ED
__pdataBANK2                                     dataBANK2    00162
__pidataBANK1                                    idataBANK1   00002
__pidataBANK2                                    idataBANK2   011E1
__pintentry                                      intentry     00004
__pmaintext                                      maintext     01537
__pstringtext                                    stringtext   01000
__pswtext1                                       swtext1      011B0
__ptext1                                         text1        00A54
__ptext10                                        text10       01205
__ptext11                                        text11       00CA0
__ptext12                                        text12       0171A
__ptext13                                        text13       00329
__ptext14                                        text14       01461
__ptext15                                        text15       012BB
__ptext16                                        text16       015C8
__ptext17                                        text17       01765
__ptext18                                        text18       017B2
__ptext19                                        text19       00ACE
__ptext2                                         text2        01296
__ptext20                                        text20       00844
__ptext21                                        text21       011E8
__ptext22                                        text22       01263
__ptext23                                        text23       011DE
__ptext24                                        text24       011E4
__ptext25                                        text25       011FD
__ptext26                                        text26       01217
__ptext27                                        text27       011DB
__ptext28                                        text28       012A8
__ptext29                                        text29       00E3E
__ptext3                                         text3        011EC
__ptext30                                        text30       00802
__ptext31                                        text31       016CF
__ptext32                                        text32       01304
__ptext33                                        text33       01687
__ptext34                                        text34       007A5
__ptext35                                        text35       01600
__ptext36                                        text36       006F1
__ptext37                                        text37       014B3
__ptext38                                        text38       00937
__ptext39                                        text39       01489
__ptext4                                         text4        01221
__ptext40                                        text40       013F1
__ptext41                                        text41       01439
__ptext42                                        text42       0098C
__ptext43                                        text43       014DE
__ptext44                                        text44       000B0
__ptext45                                        text45       0051C
__ptext46                                        text46       011F0
__ptext47                                        text47       01414
__ptext48                                        text48       0150A
__ptext49                                        text49       01593
__ptext5                                         text5        0138F
__ptext50                                        text50       01284
__ptext51                                        text51       01254
__ptext52                                        text52       01641
__ptext53                                        text53       01564
__ptext54                                        text54       008E5
__ptext55                                        text55       009E3
__ptext56                                        text56       01245
__ptext57                                        text57       01357
__ptext58                                        text58       013CE
__ptext59                                        text59       013AE
__ptext6                                         text6        011F6
__ptext60                                        text60       00893
__ptext61                                        text61       01238
__ptext63                                        text63       00B49
__ptext64                                        text64       012D0
__ptext65                                        text65       01273
__ptext66                                        text66       007FF
__ptext67                                        text67       0133B
__ptext68                                        text68       0131F
__ptext7                                         text7        01373
__ptext8                                         text8        012EA
__ptext9                                         text9        0120E
__size_of_DATAEE_ReadByte                        (abs)        00000
__size_of_DATAEE_WriteByte                       (abs)        00000
__size_of_EUSART_Initialize                      (abs)        00000
__size_of_EUSART_Read                            (abs)        00000
__size_of_EUSART_Receive_ISR                     (abs)        00000
__size_of_EUSART_Transmit_ISR                    (abs)        00000
__size_of_EUSART_Write                           (abs)        00000
__size_of_I2C1_BusCollisionISR                   (abs)        00000
__size_of_I2C1_FunctionComplete                  (abs)        00000
__size_of_I2C1_ISR                               (abs)        00000
__size_of_I2C1_Initialize                        (abs)        00000
__size_of_I2C1_MasterRead                        (abs)        00000
__size_of_I2C1_MasterReadTRBBuild                (abs)        00000
__size_of_I2C1_MasterTRBInsert                   (abs)        00000
__size_of_I2C1_MasterWrite                       (abs)        00000
__size_of_I2C1_MasterWriteTRBBuild               (abs)        00000
__size_of_I2C1_Stop                              (abs)        00000
__size_of_INTERRUPT_InterruptManager             (abs)        00000
__size_of_OSCILLATOR_Initialize                  (abs)        00000
__size_of_PIN_MANAGER_Initialize                 (abs)        00000
__size_of_PROTOCOL_EXT                           (abs)        00000
__size_of_PROTOCOL_Initialize                    (abs)        00000
__size_of_PROTOCOL_Loop                          (abs)        00000
__size_of_PROTOCOL_Print_TLV                     (abs)        00000
__size_of_PROTOCOL_Read_Device_Address           (abs)        00000
__size_of_PROTOCOL_SAV                           (abs)        00000
__size_of_PROTOCOL_SET                           (abs)        00000
__size_of_PROTOCOL_STA                           (abs)        00000
__size_of_PROTOCOL_STP                           (abs)        00000
__size_of_PROTOCOL_Set_Extension_Handler         (abs)        00000
__size_of_PROTOCOL_Set_Tick_Handler              (abs)        00000
__size_of_PROTOCOL_Write_Device_Address          (abs)        00000
__size_of_SYSTEM_Initialize                      (abs)        00000
__size_of_TMR0_HasOverflowOccured                (abs)        00000
__size_of_TMR0_Initialize                        (abs)        00000
__size_of_WDT_Initialize                         (abs)        00000
__size_of___awdiv                                (abs)        00000
__size_of___awmod                                (abs)        00000
__size_of___lwdiv                                (abs)        00000
__size_of___lwmod                                (abs)        00000
__size_of___wmul                                 (abs)        00000
__size_of_abs                                    (abs)        00000
__size_of_add_dev                                (abs)        00000
__size_of_atoi                                   (abs)        00000
__size_of_check_plg                              (abs)        00000
__size_of_command_handler                        (abs)        00000
__size_of_concat                                 (abs)        00000
__size_of_del_dev                                (abs)        00000
__size_of_detected                               (abs)        00000
__size_of_dev_map_iterator                       (abs)        00000
__size_of_exec_remote_cmd                        (abs)        00000
__size_of_fetch                                  (abs)        00000
__size_of_i2c1_read                              (abs)        00000
__size_of_i2c1_write                             (abs)        00000
__size_of_i2c1_write_no_data                     (abs)        00000
__size_of_init                                   (abs)        00000
__size_of_inv_handler                            (abs)        00000
__size_of_isdigit                                (abs)        00000
__size_of_main                                   (abs)        00000
__size_of_one_shot_sen                           (abs)        00000
__size_of_print_dev_map                          (abs)        00000
__size_of_printf                                 (abs)        00000
__size_of_put_cmd                                (abs)        00000
__size_of_putch                                  (abs)        00000
__size_of_scan_dev                               (abs)        00000
__size_of_sen                                    (abs)        00000
__size_of_strcpy                                 (abs)        00000
__size_of_strncmp                                (abs)        00000
__size_of_tick_handler                           (abs)        00000
_abs                                             text51       01254
_add_dev                                         text18       017B2
_atoi                                            text55       009E3
_buf                                             bssBANK4     00220
_check_plg                                       text15       012BB
_cmd_buf                                         (abs)        02330
_cnt                                             bssBANK1     000DF
_command_handler                                 text29       00E3E
_concat                                          text50       01284
_del_dev                                         text17       01765
_detected                                        text53       01564
_dev_map                                         bssBANK2     00120
_dev_map_iterator                                text34       007A5
_device_id_                                      bssBANK2     00126
_devs                                            bssBANK1     000E4
_dpowers                                         stringtext   01000
_eusartRxBuffer                                  bssBANK6     00320
_eusartRxCount                                   bssBANK1     000E6
_eusartRxHead                                    bssCOMMON    00073
_eusartRxTail                                    bssCOMMON    00072
_eusartTxBuffer                                  bssBANK5     002A0
_eusartTxBufferRemaining                         bssCOMMON    00074
_eusartTxHead                                    bssCOMMON    00076
_eusartTxTail                                    bssCOMMON    00075
_exec_remote_cmd                                 text13       00329
_fetch                                           text20       00844
_i                                               bssBANK0     0006B
_i2c1_object                                     bssBANK1     000D9
_i2c1_read                                       text38       00937
_i2c1_state                                      bssBANK1     000EC
_i2c1_tr_queue                                   bssBANK2     00159
_i2c1_trb_count                                  bssBANK1     000EB
_i2c1_write                                      text14       01461
_i2c1_write_no_data                              text37       014B3
_init                                            text1        00A54
_inv_handler                                     text19       00ACE
[...]
      Totals:         0       3       0       0       0       0       0       0       0       0       0       0       0       0
Total ram usage:        3 bytes
 Hardware stack levels used:    1
 Hardware stack levels required when called:    3
 This function calls:
		Nothing
 This function is called by:
		_command_handler
		_PROTOCOL_Write_Device_Address
		_PROTOCOL_SAV
 This function uses a non-reentrant model


 *************** function _EUSART_Read *****************
 Defined at:
		line 112 in file "mcc_generated_files/eusart.c"
 Parameters:    Size  Location     Type
		None
 Auto vars:     Size  Location     Type
  readValue       1    1[BANK0 ] unsigned char 
 Return value:  Size  Location     Type
                  1    wreg      unsigned char 
 Registers used:
		wreg, fsr1l, fsr1h, status,2, status,0
 Tracked objects:
		On entry : 
		On exit  : 
		Unchanged: 
 Data sizes:     COMMON   BANK0   BANK1   BANK2   BANK3   BANK4   BANK5   BANK6   BANK7   BANK8   BANK9  BANK10  BANK11  BANK12
      Params:         0       0       0       0       0       0       0       0       0       0       0       0       0       0
      Locals:         0       1       0       0       0       0       0       0       0       0       0       0       0       0
      Temps:          0       1       0       0       0       0       0       0       0       0       0       0       0       0
      Totals:         0       2       0       0       0       0       0       0       0       0       0       0       0       0
Total ram usage:        2 bytes
 Hardware stack levels used:    1
 Hardware stack levels required when called:    3
 This function calls:
		Nothing
 This function is called by:
		_PROTOCOL_Loop
		_getch
 This function uses a non-reentrant model


 *************** function _PROTOCOL_Initialize *****************
 Defined at:
		line 60 in file "protocol.c"
 Parameters:    Size  Location     Type
  device_id       2    1[BANK0 ] PTR const unsigned char 
		 -> STR_33(17), 
  start_handle    1    3[BANK0 ] PTR void 
		 -> NULL(0), 
  stop_handler    1    4[BANK0 ] PTR void 
		 -> NULL(0), 
  set_handler     1    5[BANK0 ] PTR void 
		 -> NULL(0), 
  inv_handler     2    6[BANK0 ] PTR void 
		 -> inv_handler(1), 
  scaler          1    8[BANK0 ] unsigned char 
 Auto vars:     Size  Location     Type
		None
 Return value:  Size  Location     Type
                  1    wreg      void 
 Registers used:
		wreg, status,2, status,0, pclath, cstack
 Tracked objects:
		On entry : 
		On exit  : 
		Unchanged: 
 Data sizes:     COMMON   BANK0   BANK1   BANK2   BANK3   BANK4   BANK5   BANK6   BANK7   BANK8   BANK9  BANK10  BANK11  BANK12
      Params:         0       8       0       0       0       0       0       0       0       0       0       0       0       0
      Locals:         0       0       0       0       0       0       0       0       0       0       0       0       0       0
      Temps:          0       2       0       0       0       0       0       0       0       0       0       0       0       0
      Totals:         0      10       0       0       0       0       0       0       0       0       0       0       0       0
Total ram usage:       10 bytes
 Hardware stack levels used:    1
 Hardware stack levels required when called:    4
 This function calls:
		_DATAEE_ReadByte
 This function is called by:
		_main
 This function uses a non-reentrant model


 *************** function _DATAEE_ReadByte *****************
 Defined at:
		line 204 in file "mcc_generated_files/memory.c"
 Parameters:    Size  Location     Type
  bAdd            1    wreg     unsigned char 
 Auto vars:     Size  Location     Type
  bAdd            1    0[BANK0 ] unsigned char 
 Return value:  Size  Location     Type
                  1    wreg      unsigned char 
 Registers used:
		wreg
 Tracked objects:
		On entry : 
		On exit  : 
		Unchanged: 
 Data sizes:     COMMON   BANK0   BANK1   BANK2   BANK3   BANK4   BANK5   BANK6   BANK7   BANK8   BANK9  BANK10  BANK11  BANK12
      Params:         0       0       0       0       0       0       0       0       0       0       0       0       0       0
      Locals:         0       1       0       0       0       0       0       0       0       0       0       0       0       0
      Temps:          0       0       0       0       0       0       0       0       0       0       0       0       0       0
      Totals:         0       1       0       0       0       0       0       0       0       0       0       0       0       0
Total ram usage:        1 bytes
 Hardware stack levels used:    1
 Hardware stack levels required when called:    3
 This function calls:
		Nothing
 This function is called by:
		_init
		_PROTOCOL_Initialize
 This function uses a non-reentrant model


 *************** function _INTERRUPT_InterruptManager *****************
 Defined at:
		line 51 in file "mcc_generated_files/interrupt_manager.c"
 Parameters:    Size  Location     Type
		None
 Auto vars:     Size  Location     Type
		None
 Return value:  Size  Location     Type
                  1    wreg      void 
 Registers used:
		wreg, fsr0l, fsr0h, fsr1l, fsr1h, status,2, status,0, pclath, cstack
 Tracked objects:
		On entry : 
		On exit  : 
		Unchanged: 
 Data sizes:     COMMON   BANK0   BANK1   BANK2   BANK3   BANK4   BANK5   BANK6   BANK7   BANK8   BANK9  BANK10  BANK11  BANK12
      Params:         0       0       0       0       0       0       0       0       0       0       0       0       0       0
      Locals:         0       0       0       0       0       0       0       0       0       0       0       0       0       0
      Temps:          1       0       0       0       0       0       0       0       0       0       0       0       0       0
      Totals:         1       0       0       0       0       0       0       0       0       0       0       0       0       0
Total ram usage:        1 bytes
 Hardware stack levels used:    1
 Hardware stack levels required when called:    2
 This function calls:
		_EUSART_Receive_ISR
		_EUSART_Transmit_ISR
		_I2C1_BusCollisionISR
		_I2C1_ISR
 This function is called by:
		Interrupt level 1
 This function uses a non-reentrant model


 *************** function _I2C1_ISR *****************
 Defined at:
		line 233 in file "mcc_generated_files/i2c1.c"
 Parameters:    Size  Location     Type
		None
 Auto vars:     Size  Location     Type
		None
 Return value:  Size  Location     Type
                  1    wreg      void 
 Registers used:
		wreg, fsr0l, fsr0h, fsr1l, fsr1h, status,2, status,0, pclath, cstack
 Tracked objects:
		On entry : 
		On exit  : 
		Unchanged: 
 Data sizes:     COMMON   BANK0   BANK1   BANK2   BANK3   BANK4   BANK5   BANK6   BANK7   BANK8   BANK9  BANK10  BANK11  BANK12
      Params:         0       0       0       0       0       0       0       0       0       0       0       0       0       0
      Locals:         0       0       0       0       0       0       0       0       0       0       0       0       0       0
      Temps:          4       0       0       0       0       0       0       0       0       0       0       0       0       0
      Totals:         4       0       0       0       0       0       0       0       0       0       0       0       0       0
Total ram usage:        4 bytes
 Hardware stack levels used:    1
 Hardware stack levels required when called:    1
 This function calls:
		_I2C1_FunctionComplete
		_I2C1_Stop
 This function is called by:
		_INTERRUPT_InterruptManager
 This function uses a non-reentrant model


 *************** function _I2C1_Stop *****************
 Defined at:
		line 581 in file "mcc_generated_files/i2c1.c"
 Parameters:    Size  Location     Type
  completion_c    1    wreg     enum E2972
 Auto vars:     Size  Location     Type
  completion_c    1    1[COMMON] enum E2972
 Return value:  Size  Location     Type
                  1    wreg      void 
 Registers used:
		wreg, fsr1l, fsr1h, status,2, status,0
 Tracked objects:
		On entry : 
		On exit  : 
		Unchanged: 
 Data sizes:     COMMON   BANK0   BANK1   BANK2   BANK3   BANK4   BANK5   BANK6   BANK7   BANK8   BANK9  BANK10  BANK11  BANK12
      Params:         0       0       0       0       0       0       0       0       0       0       0       0       0       0
      Locals:         1       0       0       0       0       0       0       0       0       0       0       0       0       0
      Temps:          1       0       0       0       0       0       0       0       0       0       0       0       0       0
      Totals:         2       0       0       0       0       0       0       0       0       0       0       0       0       0
Total ram usage:        2 bytes
 Hardware stack levels used:    1
 This function calls:
		Nothing
 This function is called by:
		_I2C1_ISR
 This function uses a non-reentrant model


 *************** function _I2C1_FunctionComplete *****************
 Defined at:
		line 563 in file "mcc_generated_files/i2c1.c"
 Parameters:    Size  Location     Type
		None
 Auto vars:     Size  Location     Type
		None
 Return value:  Size  Location     Type
                  1    wreg      void 
 Registers used:
		wreg, status,2, status,0
 Tracked objects:
		On entry : 
		On exit  : 
		Unchanged: 
 Data sizes:     COMMON   BANK0   BANK1   BANK2   BANK3   BANK4   BANK5   BANK6   BANK7   BANK8   BANK9  BANK10  BANK11  BANK12
      Params:         0       0       0       0       0       0       0       0       0       0       0       0       0       0
      Locals:         0       0       0       0       0       0       0       0       0       0       0       0       0       0
      Temps:          1       0       0       0       0       0       0       0       0       0       0       0       0       0
      Totals:         1       0       0       0       0       0       0       0       0       0       0       0       0       0
Total ram usage:        1 bytes
 Hardware stack levels used:    1
 This function calls:
		Nothing
 This function is called by:
		_I2C1_ISR
 This function uses a non-reentrant model


 *************** function _I2C1_BusCollisionISR *****************
 Defined at:
		line 728 in file "mcc_generated_files/i2c1.c"
 Parameters:    Size  Location     Type
		None
 Auto vars:     Size  Location     Type
		None
 Return value:  Size  Location     Type
                  1    wreg      void 
 Registers used:
		None
 Tracked objects:
		On entry : 
		On exit  : 
		Unchanged: 
 Data sizes:     COMMON   BANK0   BANK1   BANK2   BANK3   BANK4   BANK5   BANK6   BANK7   BANK8   BANK9  BANK10  BANK11  BANK12
      Params:         0       0       0       0       0       0       0       0       0       0       0       0       0       0
      Locals:         0       0       0       0       0       0       0       0       0       0       0       0       0       0
      Temps:          0       0       0       0       0       0       0       0       0       0       0       0       0       0
      Totals:         0       0       0       0       0       0       0       0       0       0       0       0       0       0
Total ram usage:        0 bytes
 Hardware stack levels used:    1
 This function calls:
		Nothing
 This function is called by:
		_INTERRUPT_InterruptManager
 This function uses a non-reentrant model


 *************** function _EUSART_Transmit_ISR *****************
 Defined at:
		line 165 in file "mcc_generated_files/eusart.c"
 Parameters:    Size  Location     Type
		None
 Auto vars:     Size  Location     Type
		None
 Return value:  Size  Location     Type
                  1    wreg      void 
 Registers used:
		wreg, fsr1l, fsr1h, status,2, status,0
 Tracked objects:
		On entry : 
		On exit  : 
		Unchanged: 
 Data sizes:     COMMON   BANK0   BANK1   BANK2   BANK3   BANK4   BANK5   BANK6   BANK7   BANK8   BANK9  BANK10  BANK11  BANK12
      Params:         0       0       0       0       0       0       0       0       0       0       0       0       0       0
      Locals:         0       0       0       0       0       0       0       0       0       0       0       0       0       0
      Temps:          1       0       0       0       0       0       0       0       0       0       0       0       0       0
      Totals:         1       0       0       0       0       0       0       0       0       0       0       0       0       0
Total ram usage:        1 bytes
 Hardware stack levels used:    1
 This function calls:
		Nothing
 This function is called by:
		_INTERRUPT_InterruptManager
 This function uses a non-reentrant model


 *************** function _EUSART_Receive_ISR *****************
 Defined at:
		line 184 in file "mcc_generated_files/eusart.c"
 Parameters:    Size  Location     Type
		None
 Auto vars:     Size  Location     Type
		None
 Return value:  Size  Location     Type
                  1    wreg      void 
 Registers used:
		wreg, fsr1l, fsr1h, status,2, status,0
 Tracked objects:
		On entry : 
		On exit  : 
		Unchanged: 
 Data sizes:     COMMON   BANK0   BANK1   BANK2   BANK3   BANK4   BANK5   BANK6   BANK7   BANK8   BANK9  BANK10  BANK11  BANK12
      Params:         0       0       0       0       0       0       0       0       0       0       0       0       0       0
      Locals:         0       0       0       0       0       0       0       0       0       0       0       0       0       0
      Temps:          1       0       0       0       0       0       0       0       0       0       0       0       0       0
      Totals:         1       0       0       0       0       0       0       0       0       0       0       0       0       0
Total ram usage:        1 bytes
 Hardware stack levels used:    1
 This function calls:
		Nothing
 This function is called by:
		_INTERRUPT_InterruptManager
 This function uses a non-reentrant model



MODULE INFORMATION

Module		Function		Class		Link	Load	Size
C:\Program Files (x86)\Microchip\xc8\v1.41\sources\common\lwdiv.c
		___lwdiv       		CODE           	1593	0000	54

C:\Program Files (x86)\Microchip\xc8\v1.41\sources\common\lwdiv.c estimated size: 54

C:\Program Files (x86)\Microchip\xc8\v1.41\sources\common\awdiv.c
		___awdiv       		CODE           	08E5	0000	83

C:\Program Files (x86)\Microchip\xc8\v1.41\sources\common\awdiv.c estimated size: 83

C:\Program Files (x86)\Microchip\xc8\v1.41\sources\common\doprnt.c
		_printf        		CODE           	051C	0000	470

C:\Program Files (x86)\Microchip\xc8\v1.41\sources\common\doprnt.c estimated size: 470

C:\Program Files (x86)\Microchip\xc8\v1.41\sources\common\Umul16.c
		___wmul        		CODE           	1357	0000	29

C:\Program Files (x86)\Microchip\xc8\v1.41\sources\common\Umul16.c estimated size: 29

C:\Program Files (x86)\Microchip\xc8\v1.41\sources\common\isdigit.c
		_isdigit       		CODE           	1245	0000	16

C:\Program Files (x86)\Microchip\xc8\v1.41\sources\common\isdigit.c estimated size: 16

mcc_generated_files/interrupt_manager.c
		_INTERRUPT_InterruptManager		CODE           	0004	0000	57

mcc_generated_files/interrupt_manager.c estimated size: 57

mcc_generated_files/tmr0.c
		_TMR0_HasOverflowOccured		CODE           	11E8	0000	5
		_TMR0_Initialize		CODE           	1221	0000	12

mcc_generated_files/tmr0.c estimated size: 17

mcc_generated_files/i2c1.c
		_I2C1_BusCollisionISR		CODE           	07FF	0000	2
		_I2C1_MasterRead		CODE           	1439	0000	41
		_I2C1_FunctionComplete		CODE           	1273	0000	18
		_I2C1_MasterWriteTRBBuild		CODE           	13F1	0000	36
		_I2C1_ISR      		CODE           	0B49	0000	344
		_I2C1_MasterWrite		CODE           	1489	0000	43
		_I2C1_Initialize		CODE           	1373	0000	29
		_I2C1_Stop     		CODE           	12D0	0000	27
		_I2C1_MasterReadTRBBuild		CODE           	14DE	0000	45
		_I2C1_MasterTRBInsert		CODE           	098C	0000	88

mcc_generated_files/i2c1.c estimated size: 673

mcc_generated_files/pin_manager.c
		_PIN_MANAGER_Initialize		CODE           	138F	0000	32

mcc_generated_files/pin_manager.c estimated size: 32

protocol.c
		_PROTOCOL_Read_Device_Address		CODE           	11DB	0000	4
		_PROTOCOL_STA  		CODE           	11E4	0000	5
		_concat        		CODE           	1284	0000	19
		_PROTOCOL_SAV  		CODE           	1217	0000	11
		_PROTOCOL_SET  		CODE           	11FD	0000	9
		_PROTOCOL_STP  		CODE           	11DE	0000	4
		_PROTOCOL_EXT  		CODE           	12A8	0000	20
		_PROTOCOL_Loop 		CODE           	0CA0	0000	415
		_PROTOCOL_Set_Extension_Handler		CODE           	1205	0000	10
		_PROTOCOL_Initialize		CODE           	0893	0000	83
		_PROTOCOL_Set_Tick_Handler		CODE           	120E	0000	10
		_PROTOCOL_Write_Device_Address		CODE           	1263	0000	17
		_PROTOCOL_Print_TLV		CODE           	00B0	0000	634

protocol.c estimated size: 1241

shared
		_dpowers       		STRCODE        	1000	0000	11
		__initialization		CODE           	003E	0000	111
		_MAX_Y         		STRCODE        	100A	0000	2

shared estimated size: 124

C:\Program Files (x86)\Microchip\xc8\v1.41\sources\common\lwmod.c
		___lwmod       		CODE           	150A	0000	46

C:\Program Files (x86)\Microchip\xc8\v1.41\sources\common\lwmod.c estimated size: 46

C:\Program Files (x86)\Microchip\xc8\v1.41\sources\common\atoi.c
		_atoi          		CODE           	09E3	0000	114

C:\Program Files (x86)\Microchip\xc8\v1.41\sources\common\atoi.c estimated size: 114

C:\Program Files (x86)\Microchip\xc8\v1.41\sources\common\awmod.c
		___awmod       		CODE           	1641	0000	71

C:\Program Files (x86)\Microchip\xc8\v1.41\sources\common\awmod.c estimated size: 71

mcc_generated_files/mcc.c
		_WDT_Initialize		CODE           	11EC	0000	5
		_OSCILLATOR_Initialize		CODE           	11F6	0000	8
		_SYSTEM_Initialize		CODE           	1296	0000	19

mcc_generated_files/mcc.c estimated size: 32

C:\Program Files (x86)\Microchip\xc8\v1.41\sources\common\abs.c
		_abs           		CODE           	1254	0000	16

C:\Program Files (x86)\Microchip\xc8\v1.41\sources\common\abs.c estimated size: 16

C:\Program Files (x86)\Microchip\xc8\v1.41\sources\common\strcpy.c
		_strcpy        		CODE           	1304	0000	28

C:\Program Files (x86)\Microchip\xc8\v1.41\sources\common\strcpy.c estimated size: 28

mcc_generated_files/memory.c
		_DATAEE_WriteByte		CODE           	13CE	0000	36
		_DATAEE_ReadByte		CODE           	1238	0000	14

mcc_generated_files/memory.c estimated size: 50

C:\Program Files (x86)\Microchip\xc8\v1.41\sources\common\strncmp.c
		_strncmp       		CODE           	0802	0000	67

C:\Program Files (x86)\Microchip\xc8\v1.41\sources\common\strncmp.c estimated size: 67

i2c1_util.c
		_i2c1_write    		CODE           	1461	0000	41
		_i2c1_read     		CODE           	0937	0000	86
		_i2c1_write_no_data		CODE           	14B3	0000	44

i2c1_util.c estimated size: 171

mcc_generated_files/eusart.c
		_putch         		CODE           	11F0	0000	7
		_EUSART_Read   		CODE           	13AE	0000	33
		_EUSART_Write  		CODE           	1414	0000	38
		_EUSART_Transmit_ISR		CODE           	133B	0000	29
		_EUSART_Initialize		CODE           	12EA	0000	27
		_EUSART_Receive_ISR		CODE           	131F	0000	29

mcc_generated_files/eusart.c estimated size: 163

main.c
		_init          		CODE           	0A54	0000	123
		_one_shot_sen  		CODE           	1600	0000	66
		_exec_remote_cmd		CODE           	0329	0000	500
		_sen           		CODE           	06F1	0000	181
		_del_dev       		CODE           	1765	0000	78
		_put_cmd       		CODE           	16CF	0000	76
		_print_dev_map 		CODE           	1687	0000	73
		_scan_dev      		CODE           	15C8	0000	57
		_main          		CODE           	1537	0000	46
		_check_plg     		CODE           	12BB	0000	22
		_detected      		CODE           	1564	0000	48
		_command_handler		CODE           	0E3E	0000	451
		_fetch         		CODE           	0844	0000	80
		_inv_handler   		CODE           	0ACE	0000	124
		_add_dev       		CODE           	17B2	0000	79
		_dev_map_iterator		CODE           	07A5	0000	91
		_tick_handler  		CODE           	171A	0000	76

main.c estimated size: 2171

