Microchip MPLAB XC8 Compiler V1.41 ()

Linker command line:

-W-3 --edf=C:\Program Files (x86)\Microchip\xc8\v1.41\dat\en_msgs.txt -cs \
  -h+dist/default/production\i2c_master.X.production.sym \
  --cmf=dist/default/production\i2c_master.X.production.cmf -z -Q16F1829 \
  -oC:\Users\shiny\AppData\Local\Temp\s564.2 \
  -Mdist/default/production/i2c_master.X.production.map -E1 -ver=XC8 \
  -ASTACK=02220h-0232fh -pstack=STACK -ACODE=00h-07FFhx4 \
  -ASTRCODE=00h-01FFFh -ASTRING=00h-0FFhx32 -ACONST=00h-0FFhx32 \
  -AENTRY=00h-0FFhx32 -ACOMMON=070h-07Fh -ABANK0=020h-06Fh \
  -ABANK1=0A0h-0EFh -ABANK2=0120h-016Fh -ABANK3=01A0h-01EFh \
  -ABANK4=0220h-026Fh -ABANK5=02A0h-02EFh -ABANK6=0320h-036Fh \
  -ABANK7=03A0h-03EFh -ABANK8=0420h-046Fh -ABANK9=04A0h-04EFh \
  -ABANK10=0520h-056Fh -ABANK11=05A0h-05EFh -ABANK12=0620h-064Fh \
  -ABIGRAM=02000h-023EFh \
  -ARAM=020h-06Fh,0A0h-0EFh,0120h-016Fh,01A0h-01EFh,0220h-026Fh,02A0h-02EFh,0320h-036Fh,03A0h-03EFh,0420h-046Fh,04A0h-04EFh,0520h-056Fh,05A0h-05EFh,0620h-064Fh \
  -AABS1=020h-07Fh,0A0h-0EFh,0120h-016Fh,01A0h-01EFh,0220h-026Fh,02A0h-02EFh,0320h-036Fh,03A0h-03EFh,0420h-046Fh,04A0h-04EFh,0520h-056Fh,05A0h-05EFh,0620h-064Fh \
  -ASFR0=00h-01Fh -ASFR1=080h-09Fh -ASFR2=0100h-011Fh -ASFR3=0180h-019Fh \
  -ASFR4=0200h-021Fh -ASFR5=0280h-029Fh -ASFR6=0300h-031Fh \
  -ASFR7=0380h-039Fh -ASFR8=0400h-041Fh -ASFR9=0480h-049Fh \
  -ASFR10=0500h-051Fh -ASFR11=0580h-059Fh -ASFR12=0600h-061Fh \
  -ASFR13=0680h-06EFh -ASFR14=0700h-076Fh -ASFR15=0780h-07EFh \
  -ASFR16=0800h-086Fh -ASFR17=0880h-08EFh -ASFR18=0900h-096Fh \
  -ASFR19=0980h-09EFh -ASFR20=0A00h-0A6Fh -ASFR21=0A80h-0AEFh \
  -ASFR22=0B00h-0B6Fh -ASFR23=0B80h-0BEFh -ASFR24=0C00h-0C6Fh \
  -ASFR25=0C80h-0CEFh -ASFR26=0D00h-0D6Fh -ASFR27=0D80h-0DEFh \
  -ASFR28=0E00h-0E6Fh -ASFR29=0E80h-0EEFh -ASFR30=0F00h-0F6Fh \
  -ASFR31=0F80h-0FEFh -preset_vec=00h,intentry=04h,init,end_init \
  -ppowerup=CODE -pcinit=CODE -pfunctab=CODE -ACONFIG=08007h-08008h \
  -pconfig=CONFIG -DCONFIG=2 -AIDLOC=08000h-08003h -pidloc=IDLOC -DIDLOC=2 \
  -AEEDATA=00h-0FFh/0F000h -peeprom_data=EEDATA -DEEDATA=2 -DCODE=2 \
  -DSTRCODE=2 -DSTRING=2 -DCONST=2 -DENTRY=2 -k \
  C:\Users\shiny\AppData\Local\Temp\s564.obj \
  dist/default/production\i2c_master.X.production.obj 

Object code version is 3.11

Machine type is 16F1829



                Name                               Link     Load   Length Selector   Space Scale
C:\Users\shiny\AppData\Local\Temp\s564.obj
                end_init                             3C       3C        2        8       0
                reset_vec                             0        0        2        0       0
                config                             8007     8007        2    1000E       0
dist/default/production\i2c_master.X.production.obj
                cinit                                3E       3E       76        8       0
                intentry                              4        4       38        8       0
                text68                             132A     132A       1C     2654       0
                text67                             1346     1346       1C     268C       0
                text66                              7FF      7FF        1        8       0
                text65                             127E     127E       11     24FC       0
                text64                             12DB     12DB       1A     25B6       0
                swtext1                            11B4     11B4       18     2368       0
                text63                              B3E      B3E      156     167C       0
                text61                             1228     1228        D     2450       0
                text60                             11DA     11DA        3     23B4       0
                text59                              8AA      8AA       53     1154       0
                text58                             13B9     13B9       20     2772       0
                text57                             13D9     13D9       23     27B2       0
                text56                             1362     1362       1C     26C4       0
                text55                             1250     1250        F     24A0       0
                text54                              9AC      9AC       71     1358       0
                text53                              7A8      7A8       57        8       0
                text52                             13FC     13FC       23     27F8       0
                text51                             1494     1494       2A     2928       0
                text50                             14BE     14BE       2B     297C       0
                text49                              858      858       52     10B0       0
                text48                             17B2     17B2       4E     2F64       0
                text47                             1765     1765       4D     2ECA       0
                text46                             1514     1514       2C     2A28       0
                text45                             1444     1444       28     2888       0
                text44                              8FD      8FD       55     11FA       0
                text43                             15D1     15D1       38     2BA2       0
                text42                             12C6     12C6       15     258C       0
                text41                             156D     156D       2F     2ADA       0
                text40                             168C     168C       46     2D18       0
                text39                             125F     125F        F     24BE       0
                text38                             128F     128F       12     251E       0
                text37                             159C     159C       35     2B38       0
                text36                             1540     1540       2D     2A80       0
                text35                             141F     141F       25     283E       0
                text34                             11F2     11F2        6     23E4       0
                text33                              E2B      E2B      1D5     1C56       0
                text32                               B4       B4      279        8       0
                text31                              6F7      6F7       B1        8       0
                text30                             1609     1609       41     2C12       0
                text29                              952      952       5A     12A4       0
                text28                             16D2     16D2       48     2DA4       0
                text27                             130F     130F       1B     261E       0
                text26                             171A     171A       4B     2E34       0
                text25                             164A     164A       42     2C94       0
                text24                              51D      51D      1DA        8       0
                text23                             12B3     12B3       13     2566       0
                text22                             11DD     11DD        3     23BA       0
                text21                             1207     1207        A     240E       0
                text20                             11FF     11FF        8     23FE       0
                text19                             11E6     11E6        4     23CC       0
                text18                             1242     1242        E     2484       0
                text17                             1235     1235        D     246A       0
                text16                             126E     126E       10     24DC       0
                text15                             11EA     11EA        4     23D4       0
                text14                             146C     146C       28     28D8       0
                text13                              32D      32D      1F0        8       0
                text12                              809      809       4F     1012       0
                text11                              A97      A97       A7     152E       0
                text10                              C94      C94      197     1928       0
                text9                               800      800        9     1000       0
                text8                              12F5     12F5       1A     25EA       0
                text7                              137E     137E       1C     26FC       0
                text6                              11F8     11F8        7     23F0       0
                text5                              139A     139A       1F     2734       0
                text4                              1211     1211        B     2422       0
                text3                              11EE     11EE        4     23DC       0
                text2                              12A1     12A1       12     2542       0
                text1                               A1D      A1D       7A     143A       0
                maintext                           14E9     14E9       2B     29D2       0
                cstackBANK0                          20       20       4B       20       1
                cstackCOMMON                         77       77        7       70       1
                cstackBANK1                          A0       A0       39       A0       1
                clrtext                            121C     121C        C     2438       0
                bssBANK6                            320      320       40      320       1
                bssBANK5                            2A0      2A0       40      2A0       1
                bssBANK4                            220      220       40      220       1
                bssBANK3                            1A0      1A0       2C      1A0       1
                dataBANK2                           15E      15E        3      120       1
                bssBANK2                            120      120       3E      120       1
                dataBANK1                            EC       EC        3       A0       1
                bssBANK1                             D9       D9       13       A0       1
                bssBANK0                             6B       6B        4       20       1
                bssCOMMON                            70       70        7       70       1
                stringtext                         1000     1000      1B4     2000       0
                idataBANK2                         11E0     11E0        3     23C0       0
                idataBANK1                         11E3     11E3        3     23C6       0

TOTAL           Name                               Link     Load   Length     Space
        CLASS   STACK          

        CLASS   CODE           
                end_init                             3C       3C        2         0
                cinit                                3E       3E       76         0
                intentry                              4        4       38         0
                reset_vec                             0        0        2         0
                text68                             132A     132A       1C         0
                text67                             1346     1346       1C         0
                text66                              7FF      7FF        1         0
                text65                             127E     127E       11         0
                text64                             12DB     12DB       1A         0
                text63                              B3E      B3E      156         0
                text61                             1228     1228        D         0
                text60                             11DA     11DA        3         0
                text59                              8AA      8AA       53         0
                text58                             13B9     13B9       20         0
                text57                             13D9     13D9       23         0
                text56                             1362     1362       1C         0
                text55                             1250     1250        F         0
                text54                              9AC      9AC       71         0
                text53                              7A8      7A8       57         0
                text52                             13FC     13FC       23         0
                text51                             1494     1494       2A         0
                text50                             14BE     14BE       2B         0
                text49                              858      858       52         0
                text48                             17B2     17B2       4E         0
                text47                             1765     1765       4D         0
                text46                             1514     1514       2C         0
                text45                             1444     1444       28         0
                text44                              8FD      8FD       55         0
                text43                             15D1     15D1       38         0
                text42                             12C6     12C6       15         0
                text41                             156D     156D       2F         0
                text40                             168C     168C       46         0
                text39                             125F     125F        F         0
                text38                             128F     128F       12         0
                text37                             159C     159C       35         0
                text36                             1540     1540       2D         0
                text35                             141F     141F       25         0
                text34                             11F2     11F2        6         0
                text33                              E2B      E2B      1D5         0
                text32                               B4       B4      279         0
                text31                              6F7      6F7       B1         0
                text30                             1609     1609       41         0
                text29                              952      952       5A         0
                text28                             16D2     16D2       48         0
                text27                             130F     130F       1B         0
                text26                             171A     171A       4B         0
                text25                             164A     164A       42         0
                text24                              51D      51D      1DA         0
                text23                             12B3     12B3       13         0
                text22                             11DD     11DD        3         0
                text21                             1207     1207        A         0
                text20                             11FF     11FF        8         0
                text19                             11E6     11E6        4         0
                text18                             1242     1242        E         0
                text17                             1235     1235        D         0
                text16                             126E     126E       10         0
                text15                             11EA     11EA        4         0
                text14                             146C     146C       28         0
                text13                              32D      32D      1F0         0
                text12                              809      809       4F         0
                text11                              A97      A97       A7         0
                text10                              C94      C94      197         0
                text9                               800      800        9         0
                text8                              12F5     12F5       1A         0
                text7                              137E     137E       1C         0
                text6                              11F8     11F8        7         0
                text5                              139A     139A       1F         0
                text4                              1211     1211        B         0
                text3                              11EE     11EE        4         0
                text2                              12A1     12A1       12         0
                text1                               A1D      A1D       7A         0
                maintext                           14E9     14E9       2B         0
                clrtext                            121C     121C        C         0
                idataBANK2                         11E0     11E0        3         0
                idataBANK1                         11E3     11E3        3         0

        CLASS   STRCODE        
                stringtext                         1000     1000      1B4         0

        CLASS   STRING         

        CLASS   CONST          
                swtext1                            11B4     11B4       18         0

        CLASS   ENTRY          

        CLASS   COMMON         
                cstackCOMMON                         77       77        7         1
                bssCOMMON                            70       70        7         1

        CLASS   BANK0          
                cstackBANK0                          20       20       4B         1
                bssBANK0                             6B       6B        4         1

        CLASS   BANK1          
                cstackBANK1                          A0       A0       39         1
                dataBANK1                            EC       EC        3         1
                bssBANK1                             D9       D9       13         1

        CLASS   BANK2          
                dataBANK2                           15E      15E        3         1
                bssBANK2                            120      120       3E         1

        CLASS   BANK3          
                bssBANK3                            1A0      1A0       2C         1

        CLASS   BANK4          
                bssBANK4                            220      220       40         1

        CLASS   BANK5          
                bssBANK5                            2A0      2A0       40         1

        CLASS   BANK6          
                bssBANK6                            320      320       40         1

        CLASS   BANK7          

        CLASS   BANK8          

        CLASS   BANK9          

        CLASS   BANK10         

        CLASS   BANK11         

        CLASS   BANK12         

        CLASS   BIGRAM         

        CLASS   RAM            

        CLASS   ABS1           
                abs_s1                               7E       7E        2         1
                abs_s1                              530      530       40         1
                abs_s1                              5A0      5A0       50         1
                abs_s1                              620      620       30         1
                abs_s1                             2330     2330        0         1

        CLASS   SFR0           

        CLASS   SFR1           

        CLASS   SFR2           

        CLASS   SFR3           

        CLASS   SFR4           

        CLASS   SFR5           

        CLASS   SFR6           

        CLASS   SFR7           

        CLASS   SFR8           

        CLASS   SFR9           

        CLASS   SFR10          

        CLASS   SFR11          

        CLASS   SFR12          

        CLASS   SFR13          

        CLASS   SFR14          

        CLASS   SFR15          

        CLASS   SFR16          

        CLASS   SFR17          

        CLASS   SFR18          

        CLASS   SFR19          

        CLASS   SFR20          

        CLASS   SFR21          

        CLASS   SFR22          

        CLASS   SFR23          

        CLASS   SFR24          

        CLASS   SFR25          

        CLASS   SFR26          

        CLASS   SFR27          

        CLASS   SFR28          

        CLASS   SFR29          

        CLASS   SFR30          

        CLASS   SFR31          

        CLASS   CONFIG         
                config                             8007     8007        2         0

        CLASS   IDLOC          

        CLASS   EEDATA         

        CLASS   BANK31         

        CLASS   BANK30         

        CLASS   BANK29         

        CLASS   BANK28         

        CLASS   BANK27         

        CLASS   BANK26         

        CLASS   BANK25         

        CLASS   BANK24         

        CLASS   BANK23         

        CLASS   BANK22         

        CLASS   BANK21         

        CLASS   BANK20         

        CLASS   BANK19         

        CLASS   BANK18         

        CLASS   BANK17         

        CLASS   BANK16         

        CLASS   BANK15         

        CLASS   BANK14         

        CLASS   BANK13         



SEGMENTS        Name                           Load    Length   Top    Selector   Space  Class     Delta

                reset_vec                      000000  000002  000002         0       0  CODE        2
                intentry                       000004  0007FC  000800         8       0  CODE        2
                cstackBANK0                    000020  00004F  00006F        20       1  BANK0       1
                bssCOMMON                      000070  00000E  00007E        70       1  COMMON      1
                cstackBANK1                    0000A0  00004F  0000EF        A0       1  BANK1       1
                bssBANK2                       000120  000041  000161       120       1  BANK2       1
                bssBANK3                       0001A0  00002C  0001CC       1A0       1  BANK3       1
                bssBANK4                       000220  000040  000260       220       1  BANK4       1
                bssBANK5                       0002A0  000040  0002E0       2A0       1  BANK5       1
                bssBANK6                       000320  000040  000360       320       1  BANK6       1
                text9                          000800  000009  000809      1000       0  CODE        2
                text12                         000809  00004F  000858      1012       0  CODE        2
                text49                         000858  000052  0008AA      10B0       0  CODE        2
                text59                         0008AA  000053  0008FD      1154       0  CODE        2
                text44                         0008FD  000055  000952      11FA       0  CODE        2
                text29                         000952  00005A  0009AC      12A4       0  CODE        2
                text54                         0009AC  000071  000A1D      1358       0  CODE        2
                text1                          000A1D  00007A  000A97      143A       0  CODE        2
                text11                         000A97  0000A7  000B3E      152E       0  CODE        2
                text63                         000B3E  000156  000C94      167C       0  CODE        2
                text10                         000C94  000197  000E2B      1928       0  CODE        2
                text33                         000E2B  0001D5  001000      1C56       0  CODE        2
                stringtext                     001000  0001B4  0011B4      2000       0  STRCODE     2
                swtext1                        0011B4  000018  0011CC      2368       0  CONST       2
                text60                         0011DA  000003  0011DD      23B4       0  CODE        2
                text22                         0011DD  000003  0011E0      23BA       0  CODE        2
                idataBANK2                     0011E0  000003  0011E3      23C0       0  CODE        2
                idataBANK1                     0011E3  000003  0011E6      23C6       0  CODE        2
                text19                         0011E6  000004  0011EA      23CC       0  CODE        2
                text15                         0011EA  000004  0011EE      23D4       0  CODE        2
                text3                          0011EE  000004  0011F2      23DC       0  CODE        2
                text34                         0011F2  000006  0011F8      23E4       0  CODE        2
                text6                          0011F8  000007  0011FF      23F0       0  CODE        2
                text20                         0011FF  000008  001207      23FE       0  CODE        2
                text21                         001207  00000A  001211      240E       0  CODE        2
                text4                          001211  00000B  00121C      2422       0  CODE        2
                clrtext                        00121C  00000C  001228      2438       0  CODE        2
                text61                         001228  00000D  001235      2450       0  CODE        2
                text17                         001235  00000D  001242      246A       0  CODE        2
                text18                         001242  00000E  001250      2484       0  CODE        2
                text55                         001250  00000F  00125F      24A0       0  CODE        2
                text39                         00125F  00000F  00126E      24BE       0  CODE        2
                text16                         00126E  000010  00127E      24DC       0  CODE        2
                text65                         00127E  000011  00128F      24FC       0  CODE        2
                text38                         00128F  000012  0012A1      251E       0  CODE        2
                text2                          0012A1  000012  0012B3      2542       0  CODE        2
                text23                         0012B3  000013  0012C6      2566       0  CODE        2
                text42                         0012C6  000015  0012DB      258C       0  CODE        2
                text64                         0012DB  00001A  0012F5      25B6       0  CODE        2
                text8                          0012F5  00001A  00130F      25EA       0  CODE        2
                text27                         00130F  00001B  00132A      261E       0  CODE        2
                text68                         00132A  00001C  001346      2654       0  CODE        2
                text67                         001346  00001C  001362      268C       0  CODE        2
                text56                         001362  00001C  00137E      26C4       0  CODE        2
                text7                          00137E  00001C  00139A      26FC       0  CODE        2
                text5                          00139A  00001F  0013B9      2734       0  CODE        2
                text58                         0013B9  000020  0013D9      2772       0  CODE        2
                text57                         0013D9  000023  0013FC      27B2       0  CODE        2
                text52                         0013FC  000023  00141F      27F8       0  CODE        2
                text35                         00141F  000025  001444      283E       0  CODE        2
                text45                         001444  000028  00146C      2888       0  CODE        2
                text14                         00146C  000028  001494      28D8       0  CODE        2
                text51                         001494  00002A  0014BE      2928       0  CODE        2
                text50                         0014BE  00002B  0014E9      297C       0  CODE        2
                maintext                       0014E9  00002B  001514      29D2       0  CODE        2
                text46                         001514  00002C  001540      2A28       0  CODE        2
                text36                         001540  00002D  00156D      2A80       0  CODE        2
                text41                         00156D  00002F  00159C      2ADA       0  CODE        2
                text37                         00159C  000035  0015D1      2B38       0  CODE        2
                text43                         0015D1  000038  001609      2BA2       0  CODE        2
                text30                         001609  000041  00164A      2C12       0  CODE        2
                text25                         00164A  000042  00168C      2C94       0  CODE        2
                text40                         00168C  000046  0016D2      2D18       0  CODE        2
                text28                         0016D2  000048  00171A      2DA4       0  CODE        2
                text26                         00171A  00004B  001765      2E34       0  CODE        2
                text47                         001765  00004D  0017B2      2ECA       0  CODE        2
                text48                         0017B2  00004E  001800      2F64       0  CODE        2
                config                         008007  000002  008009     1000E       0  CONFIG      2


UNUSED ADDRESS RANGES

        Name                Unused          Largest block    Delta
        BANK0            0006F-0006F               1           1
        BANK1            000EF-000EF               1           1
        BANK10           00520-0052F              10           1
        BANK2            00161-0016F               F           1
        BANK3            001CC-001EF              24           1
        BANK4            00260-0026F              10           1
        BANK5            002E0-002EF              10           1
        BANK6            00360-0036F              10           1
        BANK7            003A0-003EF              50           1
        BANK8            00420-0046F              50           1
        BANK9            004A0-004EF              50           1
        BIGRAM           02000-023EF             3F0           1
        CODE             00002-00003               2           2
                         011CC-011D9               E
                         01800-01FFF             800
        CONST            00002-00003               2           2
                         011CC-011D9               E
                         01800-01FFF             100
        EEDATA           0F000-0F0FF             100           2
        ENTRY            00002-00003               2           2
                         011CC-011D9               E
                         01800-01FFF             100
        IDLOC            08000-08003               4           2
        RAM              0006F-0006F               1           1
                         000EF-000EF               1
                         00161-0016F               F
                         001CC-001EF              24
                         00260-0026F              10
                         002E0-002EF              10
                         00360-0036F              10
                         003A0-003EF              50
                         00420-0046F              50
                         004A0-004EF              50
                         00520-0052F              10
        SFR0             00000-0001F              20           1
        SFR1             00080-0009F              20           1
        SFR10            00500-0051F              20           1
        SFR11            00580-0059F              20           1
        SFR12            00600-0061F              20           1
        SFR13            00680-006EF              70           1
        SFR14            00700-0076F              70           1
        SFR15            00780-007EF              70           1
        SFR16            00800-0086F              70           1
        SFR17            00880-008EF              70           1
        SFR18            00900-0096F              70           1
        SFR19            00980-009EF              70           1
        SFR2             00100-0011F              20           1
        SFR20            00A00-00A6F              70           1
        SFR21            00A80-00AEF              70           1
        SFR22            00B00-00B6F              70           1
        SFR23            00B80-00BEF              70           1
        SFR24            00C00-00C6F              70           1
        SFR25            00C80-00CEF              70           1
        SFR26            00D00-00D6F              70           1
        SFR27            00D80-00DEF              70           1
        SFR28            00E00-00E6F              70           1
        SFR29            00E80-00EEF              70           1
        SFR3             00180-0019F              20           1
        SFR30            00F00-00F6F              70           1
        SFR31            00F80-00FEF              70           1
        SFR4             00200-0021F              20           1
        SFR5             00280-0029F              20           1
        SFR6             00300-0031F              20           1
        SFR7             00380-0039F              20           1
        SFR8             00400-0041F              20           1
        SFR9             00480-0049F              20           1
        STACK            02220-0232F             110           1
        STRCODE          00002-00003               2           2
                         011CC-011D9               E
                         01800-01FFF             800
        STRING           00002-00003               2           2
                         011CC-011D9               E
                         01800-01FFF             100

                                  Symbol Table

?___awdiv                                        cstackBANK0  00020
?___awmod                                        cstackBANK0  00020
?___lwdiv                                        cstackBANK0  00020
?___lwmod                                        cstackBANK0  00028
?___wmul                                         cstackBANK0  00020
?_abs                                            cstackBANK0  00027
?_atoi                                           cstackBANK0  00026
?_concat                                         cstackBANK0  00020
?_printf                                         cstackBANK0  0002E
?_strncmp                                        cstackBANK0  00020
DATAEE_ReadByte@bAdd                             cstackBANK0  00020
DATAEE_WriteByte@GIEBitValue                     cstackBANK0  00022
DATAEE_WriteByte@bAdd                            cstackBANK0  00021
DATAEE_WriteByte@bData                           cstackBANK0  00020
EUSART_Read@readValue                            cstackBANK0  00021
EUSART_Write@txData                              cstackBANK0  00021
I2C1_ISR@i2c_10bit_address_restart               bssBANK1     000E8
I2C1_ISR@i2c_address                             bssBANK0     0006D
I2C1_ISR@i2c_bytes_left                          bssBANK1     000E9
I2C1_ISR@pi2c_buf_ptr                            bssBANK2     00134
I2C1_MasterRead@address                          cstackBANK0  0002B
I2C1_MasterRead@length                           cstackBANK0  0002A
I2C1_MasterRead@pdata                            cstackBANK0  00028
I2C1_MasterRead@pflag                            cstackBANK0  0002D
I2C1_MasterRead@trBlock                          bssBANK2     00148
I2C1_MasterReadTRBBuild@address                  cstackBANK0  00023
I2C1_MasterReadTRBBuild@length                   cstackBANK0  00022
I2C1_MasterReadTRBBuild@pdata                    cstackBANK0  00020
I2C1_MasterReadTRBBuild@ptrb                     cstackBANK0  00027
I2C1_MasterTRBInsert@count                       cstackBANK0  00023
I2C1_MasterTRBInsert@pflag                       cstackBANK0  00021
I2C1_MasterTRBInsert@ptrb_list                   cstackBANK0  00020
I2C1_MasterWrite@address                         cstackBANK0  00028
I2C1_MasterWrite@length                          cstackBANK0  00027
I2C1_MasterWrite@pdata                           cstackBANK0  0002D
I2C1_MasterWrite@pflag                           cstackBANK0  0002A
I2C1_MasterWrite@trBlock                         bssBANK2     0014D
I2C1_MasterWriteTRBBuild@address                 cstackBANK0  00022
I2C1_MasterWriteTRBBuild@length                  cstackBANK0  00021
I2C1_MasterWriteTRBBuild@pdata                   cstackBANK0  00020
I2C1_MasterWriteTRBBuild@ptrb                    cstackBANK0  00026
I2C1_Stop@completion_code                        cstackCOMMON 00078
PROTOCOL_EXT@char_buf                            cstackBANK0  00066
PROTOCOL_Initialize@device_id                    cstackBANK0  00021
PROTOCOL_Initialize@inv_handler                  cstackBANK0  00028
PROTOCOL_Initialize@scaler                       cstackBANK0  0002A
PROTOCOL_Initialize@set_handler                  cstackBANK0  00027
PROTOCOL_Initialize@start_handler                cstackBANK0  00023
PROTOCOL_Initialize@stop_handler                 cstackBANK0  00025
PROTOCOL_Loop@c                                  cstackBANK0  00069
PROTOCOL_Loop@device_address                     cstackBANK0  0006A
PROTOCOL_Print_TLV@dev_addr                      cstackBANK0  0004A
PROTOCOL_Print_TLV@length                        cstackBANK0  00045
PROTOCOL_Print_TLV@pbuffer                       cstackBANK0  00046
PROTOCOL_Print_TLV@type                          cstackBANK0  00044
PROTOCOL_Print_TLV@v                             cstackBANK0  0004B
PROTOCOL_SET@value_                              cstackBANK0  00021
PROTOCOL_Set_Extension_Handler@extension_handler cstackBANK0  00020
PROTOCOL_Write_Device_Address@device_id_i2c      cstackBANK0  00024
_ANSELA                                          (abs)        0018C
_ANSELB                                          (abs)        0018D
_ANSELC                                          (abs)        0018E
_APFCON0                                         (abs)        0011D
_APFCON1                                         (abs)        0011E
_BACKPLANE_SLAVE_ADDRESS                         dataBANK1    000EE
_BAUDCON                                         (abs)        0019F
_DATAEE_ReadByte                                 text61       01228
_DATAEE_WriteByte                                text57       013D9
_EEADRH                                          (abs)        00192
_EEADRL                                          (abs)        00191
_EECON1bits                                      (abs)        00195
_EECON2                                          (abs)        00196
_EEDATH                                          (abs)        00194
_EEDATL                                          (abs)        00193
_EUSART_Initialize                               text8        012F5
_EUSART_Read                                     text58       013B9
_EUSART_Receive_ISR                              text68       0132A
_EUSART_Transmit_ISR                             text67       01346
_EUSART_Write                                    text35       0141F
_I2C1_BusCollisionISR                            text66       007FF
_I2C1_FunctionComplete                           text65       0127E
_I2C1_ISR                                        text63       00B3E
_I2C1_Initialize                                 text7        0137E
_I2C1_MasterRead                                 text45       01444
_I2C1_MasterReadTRBBuild                         text46       01514
_I2C1_MasterTRBInsert                            text53       007A8
_I2C1_MasterWrite                                text51       01494
_I2C1_MasterWriteTRBBuild                        text52       013FC
_I2C1_Stop                                       text64       012DB
_INTCONbits                                      (abs)        0000B
_INTERRUPT_InterruptManager                      intentry     00004
_LATA                                            (abs)        0010C
_LATB                                            (abs)        0010D
_LATC                                            (abs)        0010E
_LATCbits                                        (abs)        0010E
_MAX_Y                                           stringtext   0100A
_OPTION_REG                                      (abs)        00095
_OPTION_REGbits                                  (abs)        00095
_OSCCON                                          (abs)        00099
_OSCILLATOR_Initialize                           text6        011F8
_OSCTUNE                                         (abs)        00098
_PIE1bits                                        (abs)        00091
_PIE2bits                                        (abs)        00092
_PIN_MANAGER_Initialize                          text5        0139A
_PIR1bits                                        (abs)        00011
_PIR2bits                                        (abs)        00012
_PLLR                                            (abs)        004D6
_PROTOCOL_EXT                                    text23       012B3
_PROTOCOL_Extension_Handler                      bssBANK2     0012A
_PROTOCOL_Initialize                             text59       008AA
_PROTOCOL_Inv_Handler                            bssBANK2     00128
_PROTOCOL_Loop                                   text10       00C94
_PROTOCOL_Loop_Func                              bssBANK2     0012C
_PROTOCOL_Print_TLV                              text32       000B4
_PROTOCOL_Read_Device_Address                    text22       011DD
_PROTOCOL_SAV                                    text21       01207
_PROTOCOL_SET                                    text20       011FF
_PROTOCOL_STA                                    text18       01242
_PROTOCOL_STP                                    text17       01235
_PROTOCOL_Set_Extension_Handler                  text9        00800
_PROTOCOL_Set_Handler                            bssBANK2     0012E
_PROTOCOL_Start_Handler                          bssBANK2     00132
_PROTOCOL_Stop_Handler                           bssBANK2     00130
_PROTOCOL_Write_Device_Address                   text16       0126E
_RCREG                                           (abs)        00199
_RCSTA                                           (abs)        0019D
_RCSTAbits                                       (abs)        0019D
_SPBRGH                                          (abs)        0019C
_SPBRGL                                          (abs)        0019B
_SSP1ADD                                         (abs)        00212
_SSP1BUF                                         (abs)        00211
_SSP1CON1                                        (abs)        00215
_SSP1CON1bits                                    (abs)        00215
_SSP1CON2bits                                    (abs)        00216
_SSP1CON3                                        (abs)        00217
_SSP1STAT                                        (abs)        00214
_SYSTEM_Initialize                               text2        012A1
_TMR0                                            (abs)        00015
_TMR0IF                                          (abs)        0005A
_TMR0_HasOverflowOccured                         text15       011EA
_TMR0_Initialize                                 text4        01211
_TRISA                                           (abs)        0008C
_TRISB                                           (abs)        0008D
_TRISC                                           (abs)        0008E
_TXREG                                           (abs)        0019A
_TXSTA                                           (abs)        0019E
_WDTCON                                          (abs)        00097
_WDT_Initialize                                  text3        011EE
_WPUA                                            (abs)        0020C
_WPUB                                            (abs)        0020D
_WPUC                                            (abs)        0020E
__CFG_BOREN$ON                                   (abs)        00000
__CFG_BORV$LO                                    (abs)        00000
__CFG_CLKOUTEN$OFF                               (abs)        00000
__CFG_CP$OFF                                     (abs)        00000
__CFG_CPD$OFF                                    (abs)        00000
__CFG_FCMEN$ON                                   (abs)        00000
__CFG_FOSC$INTOSC                                (abs)        00000
__CFG_IESO$ON                                    (abs)        00000
__CFG_LVP$ON                                     (abs)        00000
__CFG_MCLRE$ON                                   (abs)        00000
__CFG_PLLEN$ON                                   (abs)        00000
__CFG_PWRTE$OFF                                  (abs)        00000
__CFG_STVREN$ON                                  (abs)        00000
__CFG_WDTE$OFF                                   (abs)        00000
__CFG_WRT$OFF                                    (abs)        00000
__Habs1                                          abs1         00000
__Hbank0                                         bank0        00000
__Hbank1                                         bank1        00000
__Hbank10                                        bank10       00000
__Hbank11                                        bank11       00000
__Hbank12                                        bank12       00000
__Hbank13                                        bank13       00000
__Hbank14                                        bank14       00000
__Hbank15                                        bank15       00000
__Hbank16                                        bank16       00000
__Hbank17                                        bank17       00000
__Hbank18                                        bank18       00000
__Hbank19                                        bank19       00000
__Hbank2                                         bank2        00000
__Hbank20                                        bank20       00000
__Hbank21                                        bank21       00000
__Hbank22                                        bank22       00000
__Hbank23                                        bank23       00000
__Hbank24                                        bank24       00000
__Hbank25                                        bank25       00000
__Hbank26                                        bank26       00000
__Hbank27                                        bank27       00000
__Hbank28                                        bank28       00000
__Hbank29                                        bank29       00000
__Hbank3                                         bank3        00000
__Hbank30                                        bank30       00000
__Hbank31                                        bank31       00000
__Hbank4                                         bank4        00000
__Hbank5                                         bank5        00000
__Hbank6                                         bank6        00000
__Hbank7                                         bank7        00000
__Hbank8                                         bank8        00000
__Hbank9                                         bank9        00000
__Hbigram                                        bigram       00000
__HbssBANK0                                      bssBANK0     00000
__HbssBANK1                                      bssBANK1     00000
__HbssBANK2                                      bssBANK2     00000
__HbssBANK3                                      bssBANK3     00000
__HbssBANK4                                      bssBANK4     00000
__HbssBANK5                                      bssBANK5     00000
__HbssBANK6                                      bssBANK6     00000
__HbssCOMMON                                     bssCOMMON    00000
__Hcinit                                         cinit        000B4
__Hclrtext                                       clrtext      00000
__Hcode                                          code         00000
__Hcommon                                        common       00000
__Hconfig                                        config       08009
__HcstackBANK0                                   cstackBANK0  00000
__HcstackBANK1                                   cstackBANK1  00000
__HcstackCOMMON                                  cstackCOMMON 00000
__HdataBANK1                                     dataBANK1    00000
__HdataBANK2                                     dataBANK2    00000
__Heeprom_data                                   eeprom_data  00000
__Hend_init                                      end_init     0003E
__Hfunctab                                       functab      00000
__HidataBANK1                                    idataBANK1   00000
__HidataBANK2                                    idataBANK2   00000
__Hidloc                                         idloc        00000
__Hinit                                          init         0003C
__Hintentry                                      intentry     0003C
__Hmaintext                                      maintext     00000
__Hpowerup                                       powerup      00000
__Hram                                           ram          00000
__Hreset_vec                                     reset_vec    00002
__Hsfr0                                          sfr0         00000
__Hsfr1                                          sfr1         00000
__Hsfr10                                         sfr10        00000
__Hsfr11                                         sfr11        00000
__Hsfr12                                         sfr12        00000
__Hsfr13                                         sfr13        00000
__Hsfr14                                         sfr14        00000
__Hsfr15                                         sfr15        00000
__Hsfr16                                         sfr16        00000
__Hsfr17                                         sfr17        00000
__Hsfr18                                         sfr18        00000
__Hsfr19                                         sfr19        00000
__Hsfr2                                          sfr2         00000
__Hsfr20                                         sfr20        00000
__Hsfr21                                         sfr21        00000
__Hsfr22                                         sfr22        00000
__Hsfr23                                         sfr23        00000
__Hsfr24                                         sfr24        00000
__Hsfr25                                         sfr25        00000
__Hsfr26                                         sfr26        00000
__Hsfr27                                         sfr27        00000
__Hsfr28                                         sfr28        00000
__Hsfr29                                         sfr29        00000
__Hsfr3                                          sfr3         00000
__Hsfr30                                         sfr30        00000
__Hsfr31                                         sfr31        00000
__Hsfr4                                          sfr4         00000
__Hsfr5                                          sfr5         00000
__Hsfr6                                          sfr6         00000
__Hsfr7                                          sfr7         00000
__Hsfr8                                          sfr8         00000
__Hsfr9                                          sfr9         00000
__Hspace_0                                       (abs)        08009
__Hspace_1                                       (abs)        00360
__Hspace_2                                       (abs)        00000
__Hspace_3                                       (abs)        00000
__Hstack                                         stack        00000
__Hstrings                                       strings      00000
__Hstringtext                                    stringtext   00000
__Htext                                          text         00000
__Labs1                                          abs1         00000
__Lbank0                                         bank0        00000
__Lbank1                                         bank1        00000
__Lbank10                                        bank10       00000
__Lbank11                                        bank11       00000
__Lbank12                                        bank12       00000
__Lbank13                                        bank13       00000
__Lbank14                                        bank14       00000
__Lbank15                                        bank15       00000
__Lbank16                                        bank16       00000
__Lbank17                                        bank17       00000
__Lbank18                                        bank18       00000
__Lbank19                                        bank19       00000
__Lbank2                                         bank2        00000
__Lbank20                                        bank20       00000
__Lbank21                                        bank21       00000
__Lbank22                                        bank22       00000
__Lbank23                                        bank23       00000
__Lbank24                                        bank24       00000
__Lbank25                                        bank25       00000
__Lbank26                                        bank26       00000
__Lbank27                                        bank27       00000
__Lbank28                                        bank28       00000
__Lbank29                                        bank29       00000
__Lbank3                                         bank3        00000
__Lbank30                                        bank30       00000
__Lbank31                                        bank31       00000
__Lbank4                                         bank4        00000
__Lbank5                                         bank5        00000
__Lbank6                                         bank6        00000
__Lbank7                                         bank7        00000
__Lbank8                                         bank8        00000
__Lbank9                                         bank9        00000
__Lbigram                                        bigram       00000
__LbssBANK0                                      bssBANK0     00000
__LbssBANK1                                      bssBANK1     00000
__LbssBANK2                                      bssBANK2     00000
__LbssBANK3                                      bssBANK3     00000
__LbssBANK4                                      bssBANK4     00000
__LbssBANK5                                      bssBANK5     00000
__LbssBANK6                                      bssBANK6     00000
__LbssCOMMON                                     bssCOMMON    00000
__Lcinit                                         cinit        0003E
__Lclrtext                                       clrtext      00000
__Lcode                                          code         00000
__Lcommon                                        common       00000
__Lconfig                                        config       08007
__LcstackBANK0                                   cstackBANK0  00000
__LcstackBANK1                                   cstackBANK1  00000
__LcstackCOMMON                                  cstackCOMMON 00000
__LdataBANK1                                     dataBANK1    00000
__LdataBANK2                                     dataBANK2    00000
__Leeprom_data                                   eeprom_data  00000
__Lend_init                                      end_init     0003C
__Lfunctab                                       functab      00000
__LidataBANK1                                    idataBANK1   00000
__LidataBANK2                                    idataBANK2   00000
__Lidloc                                         idloc        00000
__Linit                                          init         0003C
__Lintentry                                      intentry     00004
__Lmaintext                                      maintext     00000
__Lpowerup                                       powerup      00000
__Lram                                           ram          00000
__Lreset_vec                                     reset_vec    00000
__Lsfr0                                          sfr0         00000
__Lsfr1                                          sfr1         00000
__Lsfr10                                         sfr10        00000
__Lsfr11                                         sfr11        00000
__Lsfr12                                         sfr12        00000
__Lsfr13                                         sfr13        00000
__Lsfr14                                         sfr14        00000
__Lsfr15                                         sfr15        00000
__Lsfr16                                         sfr16        00000
__Lsfr17                                         sfr17        00000
__Lsfr18                                         sfr18        00000
__Lsfr19                                         sfr19        00000
__Lsfr2                                          sfr2         00000
__Lsfr20                                         sfr20        00000
__Lsfr21                                         sfr21        00000
__Lsfr22                                         sfr22        00000
__Lsfr23                                         sfr23        00000
__Lsfr24                                         sfr24        00000
__Lsfr25                                         sfr25        00000
__Lsfr26                                         sfr26        00000
__Lsfr27                                         sfr27        00000
__Lsfr28                                         sfr28        00000
__Lsfr29                                         sfr29        00000
__Lsfr3                                          sfr3         00000
__Lsfr30                                         sfr30        00000
__Lsfr31                                         sfr31        00000
__Lsfr4                                          sfr4         00000
__Lsfr5                                          sfr5         00000
__Lsfr6                                          sfr6         00000
__Lsfr7                                          sfr7         00000
__Lsfr8                                          sfr8         00000
__Lsfr9                                          sfr9         00000
__Lspace_0                                       (abs)        00000
__Lspace_1                                       (abs)        00000
__Lspace_2                                       (abs)        00000
__Lspace_3                                       (abs)        00000
__Lstack                                         stack        00000
__Lstrings                                       strings      00000
__Lstringtext                                    stringtext   00000
__Ltext                                          text         00000
__S0                                             (abs)        08009
__S1                                             (abs)        00360
__S2                                             (abs)        00000
__S3                                             (abs)        00000
___awdiv                                         text49       00858
___awdiv@counter                                 cstackBANK0  00025
___awdiv@dividend                                cstackBANK0  00022
___awdiv@divisor                                 cstackBANK0  00020
___awdiv@quotient                                cstackBANK0  00027
___awdiv@sign                                    cstackBANK0  00026
___awmod                                         text40       0168C
___awmod@counter                                 cstackBANK0  00025
___awmod@dividend                                cstackBANK0  00022
___awmod@divisor                                 cstackBANK0  00020
___awmod@sign                                    cstackBANK0  00026
___int_sp                                        stack        00000
___latbits                                       (abs)        00002
___lwdiv                                         text37       0159C
___lwdiv@counter                                 cstackBANK0  00025
___lwdiv@dividend                                cstackBANK0  00022
___lwdiv@divisor                                 cstackBANK0  00020
___lwdiv@quotient                                cstackBANK0  00026
___lwmod                                         text36       01540
___lwmod@counter                                 cstackBANK0  0002D
___lwmod@dividend                                cstackBANK0  0002A
___lwmod@divisor                                 cstackBANK0  00028
___sp                                            stack        00000
___wmul                                          text56       01362
___wmul@multiplicand                             cstackBANK0  00022
___wmul@multiplier                               cstackBANK0  00020
___wmul@product                                  cstackBANK0  00024
__end_of_DATAEE_ReadByte                         text61       01235
__end_of_DATAEE_WriteByte                        text57       013FC
__end_of_EUSART_Initialize                       text8        0130F
__end_of_EUSART_Read                             text58       013D9
__end_of_EUSART_Receive_ISR                      text68       01346
__end_of_EUSART_Transmit_ISR                     text67       01362
__end_of_EUSART_Write                            text35       01444
__end_of_I2C1_BusCollisionISR                    text66       00800
__end_of_I2C1_FunctionComplete                   text65       0128F
__end_of_I2C1_ISR                                text63       00C94
__end_of_I2C1_Initialize                         text7        0139A
__end_of_I2C1_MasterRead                         text45       0146C
__end_of_I2C1_MasterReadTRBBuild                 text46       01540
__end_of_I2C1_MasterTRBInsert                    text53       007FF
__end_of_I2C1_MasterWrite                        text51       014BE
__end_of_I2C1_MasterWriteTRBBuild                text52       0141F
__end_of_I2C1_Stop                               text64       012F5
__end_of_INTERRUPT_InterruptManager              intentry     0003C
__end_of_MAX_Y                                   stringtext   0100B
__end_of_OSCILLATOR_Initialize                   text6        011FF
__end_of_PIN_MANAGER_Initialize                  text5        013B9
__end_of_PROTOCOL_EXT                            text23       012C6
__end_of_PROTOCOL_Initialize                     text59       008FD
__end_of_PROTOCOL_Loop                           text10       00E2B
__end_of_PROTOCOL_Print_TLV                      text32       0032D
__end_of_PROTOCOL_Read_Device_Address            text22       011E0
__end_of_PROTOCOL_SAV                            text21       01211
__end_of_PROTOCOL_SET                            text20       01207
__end_of_PROTOCOL_STA                            text18       01250
__end_of_PROTOCOL_STP                            text17       01242
__end_of_PROTOCOL_Set_Extension_Handler          text9        00809
__end_of_PROTOCOL_Write_Device_Address           text16       0127E
__end_of_SYSTEM_Initialize                       text2        012B3
__end_of_TMR0_HasOverflowOccured                 text15       011EE
__end_of_TMR0_Initialize                         text4        0121C
__end_of_WDT_Initialize                          text3        011F2
__end_of___awdiv                                 text49       008AA
__end_of___awmod                                 text40       016D2
__end_of___lwdiv                                 text37       015D1
__end_of___lwmod                                 text36       0156D
__end_of___wmul                                  text56       0137E
__end_of__initialization                         cinit        000B0
__end_of_abs                                     text39       0126E
__end_of_add_dev                                 text48       01800
__end_of_atoi                                    text54       00A1D
__end_of_check_plg                               text42       012DB
__end_of_command_handler                         text24       006F7
__end_of_concat                                  text38       012A1
__end_of_del_dev                                 text47       017B2
__end_of_detected                                text41       0159C
__end_of_dev_map_iterator                        text29       009AC
__end_of_dpowers                                 stringtext   0100A
__end_of_exec_remote_cmd                         text13       0051D
__end_of_fetch                                   text12       00858
__end_of_i2c1_read                               text44       00952
__end_of_i2c1_write                              text14       01494
__end_of_i2c1_write_no_data                      text50       014E9
__end_of_init                                    text1        00A97
__end_of_inv_handler                             text11       00B3E
__end_of_isdigit                                 text55       0125F
__end_of_main                                    maintext     01514
__end_of_one_shot_sen                            text30       0164A
__end_of_print_dev_map                           text28       0171A
__end_of_printf                                  text33       01000
__end_of_put_cmd                                 text26       01765
__end_of_putch                                   text34       011F8
__end_of_scan_dev                                text43       01609
__end_of_sen                                     text31       007A8
__end_of_start_handler                           text19       011EA
__end_of_stop_handler                            text60       011DD
__end_of_strcpy                                  text27       0132A
__end_of_strncmp                                 text25       0168C
__initialization                                 cinit        0003E
__pbssBANK0                                      bssBANK0     0006B
__pbssBANK1                                      bssBANK1     000D9
__pbssBANK2                                      bssBANK2     00120
__pbssBANK3                                      bssBANK3     001A0
__pbssBANK4                                      bssBANK4     00220
__pbssBANK5                                      bssBANK5     002A0
__pbssBANK6                                      bssBANK6     00320
__pbssBIGRAM                                     (abs)        02330
__pbssCOMMON                                     bssCOMMON    00070
__pcstackBANK0                                   cstackBANK0  00020
__pcstackBANK1                                   cstackBANK1  000A0
__pcstackCOMMON                                  cstackCOMMON 00077
__pdataBANK1                                     dataBANK1    000EC
__pdataBANK2                                     dataBANK2    0015E
__pidataBANK1                                    idataBANK1   011E3
__pidataBANK2                                    idataBANK2   011E0
__pintentry                                      intentry     00004
__pmaintext                                      maintext     014E9
__pstringtext                                    stringtext   01000
__pswtext1                                       swtext1      011B4
__ptext1                                         text1        00A1D
__ptext10                                        text10       00C94
__ptext11                                        text11       00A97
__ptext12                                        text12       00809
__ptext13                                        text13       0032D
__ptext14                                        text14       0146C
__ptext15                                        text15       011EA
__ptext16                                        text16       0126E
__ptext17                                        text17       01235
__ptext18                                        text18       01242
__ptext19                                        text19       011E6
__ptext2                                         text2        012A1
__ptext20                                        text20       011FF
__ptext21                                        text21       01207
__ptext22                                        text22       011DD
__ptext23                                        text23       012B3
__ptext24                                        text24       0051D
__ptext25                                        text25       0164A
__ptext26                                        text26       0171A
__ptext27                                        text27       0130F
__ptext28                                        text28       016D2
__ptext29                                        text29       00952
__ptext3                                         text3        011EE
__ptext30                                        text30       01609
__ptext31                                        text31       006F7
__ptext32                                        text32       000B4
__ptext33                                        text33       00E2B
__ptext34                                        text34       011F2
__ptext35                                        text35       0141F
__ptext36                                        text36       01540
__ptext37                                        text37       0159C
__ptext38                                        text38       0128F
__ptext39                                        text39       0125F
__ptext4                                         text4        01211
__ptext40                                        text40       0168C
__ptext41                                        text41       0156D
__ptext42                                        text42       012C6
__ptext43                                        text43       015D1
__ptext44                                        text44       008FD
__ptext45                                        text45       01444
__ptext46                                        text46       01514
__ptext47                                        text47       01765
__ptext48                                        text48       017B2
__ptext49                                        text49       00858
__ptext5                                         text5        0139A
__ptext50                                        text50       014BE
__ptext51                                        text51       01494
__ptext52                                        text52       013FC
__ptext53                                        text53       007A8
__ptext54                                        text54       009AC
__ptext55                                        text55       01250
__ptext56                                        text56       01362
__ptext57                                        text57       013D9
__ptext58                                        text58       013B9
__ptext59                                        text59       008AA
__ptext6                                         text6        011F8
__ptext60                                        text60       011DA
__ptext61                                        text61       01228
__ptext63                                        text63       00B3E
__ptext64                                        text64       012DB
__ptext65                                        text65       0127E
__ptext66                                        text66       007FF
__ptext67                                        text67       01346
__ptext68                                        text68       0132A
__ptext7                                         text7        0137E
__ptext8                                         text8        012F5
__ptext9                                         text9        00800
__size_of_DATAEE_ReadByte                        (abs)        00000
__size_of_DATAEE_WriteByte                       (abs)        00000
__size_of_EUSART_Initialize                      (abs)        00000
__size_of_EUSART_Read                            (abs)        00000
__size_of_EUSART_Receive_ISR                     (abs)        00000
__size_of_EUSART_Transmit_ISR                    (abs)        00000
__size_of_EUSART_Write                           (abs)        00000
__size_of_I2C1_BusCollisionISR                   (abs)        00000
__size_of_I2C1_FunctionComplete                  (abs)        00000
__size_of_I2C1_ISR                               (abs)        00000
__size_of_I2C1_Initialize                        (abs)        00000
__size_of_I2C1_MasterRead                        (abs)        00000
__size_of_I2C1_MasterReadTRBBuild                (abs)        00000
__size_of_I2C1_MasterTRBInsert                   (abs)        00000
__size_of_I2C1_MasterWrite                       (abs)        00000
__size_of_I2C1_MasterWriteTRBBuild               (abs)        00000
__size_of_I2C1_Stop                              (abs)        00000
__size_of_INTERRUPT_InterruptManager             (abs)        00000
__size_of_OSCILLATOR_Initialize                  (abs)        00000
__size_of_PIN_MANAGER_Initialize                 (abs)        00000
__size_of_PROTOCOL_EXT                           (abs)        00000
__size_of_PROTOCOL_Initialize                    (abs)        00000
__size_of_PROTOCOL_Loop                          (abs)        00000
__size_of_PROTOCOL_Print_TLV                     (abs)        00000
__size_of_PROTOCOL_Read_Device_Address           (abs)        00000
__size_of_PROTOCOL_SAV                           (abs)        00000
__size_of_PROTOCOL_SET                           (abs)        00000
__size_of_PROTOCOL_STA                           (abs)        00000
__size_of_PROTOCOL_STP                           (abs)        00000
__size_of_PROTOCOL_Set_Extension_Handler         (abs)        00000
__size_of_PROTOCOL_Write_Device_Address          (abs)        00000
__size_of_SYSTEM_Initialize                      (abs)        00000
__size_of_TMR0_HasOverflowOccured                (abs)        00000
__size_of_TMR0_Initialize                        (abs)        00000
__size_of_WDT_Initialize                         (abs)        00000
__size_of___awdiv                                (abs)        00000
__size_of___awmod                                (abs)        00000
__size_of___lwdiv                                (abs)        00000
__size_of___lwmod                                (abs)        00000
__size_of___wmul                                 (abs)        00000
__size_of_abs                                    (abs)        00000
__size_of_add_dev                                (abs)        00000
__size_of_atoi                                   (abs)        00000
__size_of_check_plg                              (abs)        00000
__size_of_command_handler                        (abs)        00000
__size_of_concat                                 (abs)        00000
__size_of_del_dev                                (abs)        00000
__size_of_detected                               (abs)        00000
__size_of_dev_map_iterator                       (abs)        00000
__size_of_exec_remote_cmd                        (abs)        00000
__size_of_fetch                                  (abs)        00000
__size_of_i2c1_read                              (abs)        00000
__size_of_i2c1_write                             (abs)        00000
__size_of_i2c1_write_no_data                     (abs)        00000
__size_of_init                                   (abs)        00000
__size_of_inv_handler                            (abs)        00000
__size_of_isdigit                                (abs)        00000
__size_of_main                                   (abs)        00000
__size_of_one_shot_sen                           (abs)        00000
__size_of_print_dev_map                          (abs)        00000
__size_of_printf                                 (abs)        00000
__size_of_put_cmd                                (abs)        00000
__size_of_putch                                  (abs)        00000
__size_of_scan_dev                               (abs)        00000
__size_of_sen                                    (abs)        00000
__size_of_start_handler                          (abs)        00000
__size_of_stop_handler                           (abs)        00000
__size_of_strcpy                                 (abs)        00000
__size_of_strncmp                                (abs)        00000
_abs                                             text39       0125F
_add_dev                                         text48       017B2
_atoi                                            text54       009AC
_buf                                             bssBANK4     00220
_check_plg                                       text42       012C6
_cmd_buf                                         (abs)        02330
_cnt                                             bssBANK1     000E1
_command_handler                                 text24       0051D
_concat                                          text38       0128F
_del_dev                                         text47       01765
_detected                                        text41       0156D
_dev_map                                         bssBANK2     00120
_dev_map_iterator                                text29       00952
_device_id_                                      bssBANK2     00126
_devs                                            bssBANK1     000E4
_dpowers                                         stringtext   01000
_eusartRxBuffer                                  bssBANK6     00320
_eusartRxCount                                   bssBANK1     000E7
_eusartRxHead                                    bssCOMMON    00071
_eusartRxTail                                    bssCOMMON    00070
_eusartTxBuffer                                  bssBANK5     002A0
_eusartTxBufferRemaining                         bssCOMMON    00072
_eusartTxHead                                    bssCOMMON    00074
_eusartTxTail                                    bssCOMMON    00073
_exec_remote_cmd                                 text13       0032D
_fetch                                           text12       00809
_i                                               bssBANK0     0006B
_i2c1_object                                     bssBANK1     000D9
_i2c1_read                                       text44       008FD
_i2c1_state                                      bssBANK1     000EB
_i2c1_tr_queue                                   bssBANK2     00155
_i2c1_trb_count                                  bssBANK1     000EA
_i2c1_write                                      text14       0146C
_i2c1_write_no_data                              text50       014BE
_init                                            text1        00A1D
_inv_handler                                     text11       00A97
_invoked                                         bssBANK2     0013D
_isdigit                                         text55       01250
[...]
      Temps:          0       1       0       0       0       0       0       0       0       0       0       0       0       0
      Totals:         0       2       0       0       0       0       0       0       0       0       0       0       0       0
Total ram usage:        2 bytes
 Hardware stack levels used:    1
 Hardware stack levels required when called:    3
 This function calls:
		Nothing
 This function is called by:
		_PROTOCOL_Loop
		_getch
 This function uses a non-reentrant model


 *************** function _PROTOCOL_Initialize *****************
 Defined at:
		line 59 in file "protocol.c"
 Parameters:    Size  Location     Type
  device_id       2    1[BANK0 ] PTR const unsigned char 
		 -> STR_34(17), 
  start_handle    2    3[BANK0 ] PTR void 
		 -> start_handler(1), 
  stop_handler    2    5[BANK0 ] PTR void 
		 -> stop_handler(1), 
  set_handler     1    7[BANK0 ] PTR void 
		 -> NULL(0), 
  inv_handler     2    8[BANK0 ] PTR void 
		 -> inv_handler(1), 
  scaler          1   10[BANK0 ] unsigned char 
 Auto vars:     Size  Location     Type
		None
 Return value:  Size  Location     Type
                  1    wreg      void 
 Registers used:
		wreg, status,2, status,0, pclath, cstack
 Tracked objects:
		On entry : 
		On exit  : 
		Unchanged: 
 Data sizes:     COMMON   BANK0   BANK1   BANK2   BANK3   BANK4   BANK5   BANK6   BANK7   BANK8   BANK9  BANK10  BANK11  BANK12
      Params:         0      10       0       0       0       0       0       0       0       0       0       0       0       0
      Locals:         0       0       0       0       0       0       0       0       0       0       0       0       0       0
      Temps:          0       2       0       0       0       0       0       0       0       0       0       0       0       0
      Totals:         0      12       0       0       0       0       0       0       0       0       0       0       0       0
Total ram usage:       12 bytes
 Hardware stack levels used:    1
 Hardware stack levels required when called:    4
 This function calls:
		Absolute function
		_DATAEE_ReadByte
		_stop_handler
 This function is called by:
		_main
 This function uses a non-reentrant model


 *************** function _stop_handler *****************
 Defined at:
		line 59 in file "main.c"
 Parameters:    Size  Location     Type
		None
 Auto vars:     Size  Location     Type
		None
 Return value:  Size  Location     Type
                  1    wreg      void 
 Registers used:
		status,2
 Tracked objects:
		On entry : 
		On exit  : 
		Unchanged: 
 Data sizes:     COMMON   BANK0   BANK1   BANK2   BANK3   BANK4   BANK5   BANK6   BANK7   BANK8   BANK9  BANK10  BANK11  BANK12
      Params:         0       0       0       0       0       0       0       0       0       0       0       0       0       0
      Locals:         0       0       0       0       0       0       0       0       0       0       0       0       0       0
      Temps:          0       0       0       0       0       0       0       0       0       0       0       0       0       0
      Totals:         0       0       0       0       0       0       0       0       0       0       0       0       0       0
Total ram usage:        0 bytes
 Hardware stack levels used:    1
 Hardware stack levels required when called:    3
 This function calls:
		Nothing
 This function is called by:
		_main
		_PROTOCOL_STP
		_PROTOCOL_Initialize
 This function uses a non-reentrant model


 *************** function _DATAEE_ReadByte *****************
 Defined at:
		line 204 in file "mcc_generated_files/memory.c"
 Parameters:    Size  Location     Type
  bAdd            1    wreg     unsigned char 
 Auto vars:     Size  Location     Type
  bAdd            1    0[BANK0 ] unsigned char 
 Return value:  Size  Location     Type
                  1    wreg      unsigned char 
 Registers used:
		wreg
 Tracked objects:
		On entry : 
		On exit  : 
		Unchanged: 
 Data sizes:     COMMON   BANK0   BANK1   BANK2   BANK3   BANK4   BANK5   BANK6   BANK7   BANK8   BANK9  BANK10  BANK11  BANK12
      Params:         0       0       0       0       0       0       0       0       0       0       0       0       0       0
      Locals:         0       1       0       0       0       0       0       0       0       0       0       0       0       0
      Temps:          0       0       0       0       0       0       0       0       0       0       0       0       0       0
      Totals:         0       1       0       0       0       0       0       0       0       0       0       0       0       0
Total ram usage:        1 bytes
 Hardware stack levels used:    1
 Hardware stack levels required when called:    3
 This function calls:
		Nothing
 This function is called by:
		_init
		_PROTOCOL_Initialize
 This function uses a non-reentrant model


 *************** function _INTERRUPT_InterruptManager *****************
 Defined at:
		line 51 in file "mcc_generated_files/interrupt_manager.c"
 Parameters:    Size  Location     Type
		None
 Auto vars:     Size  Location     Type
		None
 Return value:  Size  Location     Type
                  1    wreg      void 
 Registers used:
		wreg, fsr0l, fsr0h, fsr1l, fsr1h, status,2, status,0, pclath, cstack
 Tracked objects:
		On entry : 
		On exit  : 
		Unchanged: 
 Data sizes:     COMMON   BANK0   BANK1   BANK2   BANK3   BANK4   BANK5   BANK6   BANK7   BANK8   BANK9  BANK10  BANK11  BANK12
      Params:         0       0       0       0       0       0       0       0       0       0       0       0       0       0
      Locals:         0       0       0       0       0       0       0       0       0       0       0       0       0       0
      Temps:          1       0       0       0       0       0       0       0       0       0       0       0       0       0
      Totals:         1       0       0       0       0       0       0       0       0       0       0       0       0       0
Total ram usage:        1 bytes
 Hardware stack levels used:    1
 Hardware stack levels required when called:    2
 This function calls:
		_EUSART_Receive_ISR
		_EUSART_Transmit_ISR
		_I2C1_BusCollisionISR
		_I2C1_ISR
 This function is called by:
		Interrupt level 1
 This function uses a non-reentrant model


 *************** function _I2C1_ISR *****************
 Defined at:
		line 233 in file "mcc_generated_files/i2c1.c"
 Parameters:    Size  Location     Type
		None
 Auto vars:     Size  Location     Type
		None
 Return value:  Size  Location     Type
                  1    wreg      void 
 Registers used:
		wreg, fsr0l, fsr0h, fsr1l, fsr1h, status,2, status,0, pclath, cstack
 Tracked objects:
		On entry : 
		On exit  : 
		Unchanged: 
 Data sizes:     COMMON   BANK0   BANK1   BANK2   BANK3   BANK4   BANK5   BANK6   BANK7   BANK8   BANK9  BANK10  BANK11  BANK12
      Params:         0       0       0       0       0       0       0       0       0       0       0       0       0       0
      Locals:         0       0       0       0       0       0       0       0       0       0       0       0       0       0
      Temps:          4       0       0       0       0       0       0       0       0       0       0       0       0       0
      Totals:         4       0       0       0       0       0       0       0       0       0       0       0       0       0
Total ram usage:        4 bytes
 Hardware stack levels used:    1
 Hardware stack levels required when called:    1
 This function calls:
		_I2C1_FunctionComplete
		_I2C1_Stop
 This function is called by:
		_INTERRUPT_InterruptManager
 This function uses a non-reentrant model


 *************** function _I2C1_Stop *****************
 Defined at:
		line 581 in file "mcc_generated_files/i2c1.c"
 Parameters:    Size  Location     Type
  completion_c    1    wreg     enum E2972
 Auto vars:     Size  Location     Type
  completion_c    1    1[COMMON] enum E2972
 Return value:  Size  Location     Type
                  1    wreg      void 
 Registers used:
		wreg, fsr1l, fsr1h, status,2, status,0
 Tracked objects:
		On entry : 
		On exit  : 
		Unchanged: 
 Data sizes:     COMMON   BANK0   BANK1   BANK2   BANK3   BANK4   BANK5   BANK6   BANK7   BANK8   BANK9  BANK10  BANK11  BANK12
      Params:         0       0       0       0       0       0       0       0       0       0       0       0       0       0
      Locals:         1       0       0       0       0       0       0       0       0       0       0       0       0       0
      Temps:          1       0       0       0       0       0       0       0       0       0       0       0       0       0
      Totals:         2       0       0       0       0       0       0       0       0       0       0       0       0       0
Total ram usage:        2 bytes
 Hardware stack levels used:    1
 This function calls:
		Nothing
 This function is called by:
		_I2C1_ISR
 This function uses a non-reentrant model


 *************** function _I2C1_FunctionComplete *****************
 Defined at:
		line 563 in file "mcc_generated_files/i2c1.c"
 Parameters:    Size  Location     Type
		None
 Auto vars:     Size  Location     Type
		None
 Return value:  Size  Location     Type
                  1    wreg      void 
 Registers used:
		wreg, status,2, status,0
 Tracked objects:
		On entry : 
		On exit  : 
		Unchanged: 
 Data sizes:     COMMON   BANK0   BANK1   BANK2   BANK3   BANK4   BANK5   BANK6   BANK7   BANK8   BANK9  BANK10  BANK11  BANK12
      Params:         0       0       0       0       0       0       0       0       0       0       0       0       0       0
      Locals:         0       0       0       0       0       0       0       0       0       0       0       0       0       0
      Temps:          1       0       0       0       0       0       0       0       0       0       0       0       0       0
      Totals:         1       0       0       0       0       0       0       0       0       0       0       0       0       0
Total ram usage:        1 bytes
 Hardware stack levels used:    1
 This function calls:
		Nothing
 This function is called by:
		_I2C1_ISR
 This function uses a non-reentrant model


 *************** function _I2C1_BusCollisionISR *****************
 Defined at:
		line 728 in file "mcc_generated_files/i2c1.c"
 Parameters:    Size  Location     Type
		None
 Auto vars:     Size  Location     Type
		None
 Return value:  Size  Location     Type
                  1    wreg      void 
 Registers used:
		None
 Tracked objects:
		On entry : 
		On exit  : 
		Unchanged: 
 Data sizes:     COMMON   BANK0   BANK1   BANK2   BANK3   BANK4   BANK5   BANK6   BANK7   BANK8   BANK9  BANK10  BANK11  BANK12
      Params:         0       0       0       0       0       0       0       0       0       0       0       0       0       0
      Locals:         0       0       0       0       0       0       0       0       0       0       0       0       0       0
      Temps:          0       0       0       0       0       0       0       0       0       0       0       0       0       0
      Totals:         0       0       0       0       0       0       0       0       0       0       0       0       0       0
Total ram usage:        0 bytes
 Hardware stack levels used:    1
 This function calls:
		Nothing
 This function is called by:
		_INTERRUPT_InterruptManager
 This function uses a non-reentrant model


 *************** function _EUSART_Transmit_ISR *****************
 Defined at:
		line 165 in file "mcc_generated_files/eusart.c"
 Parameters:    Size  Location     Type
		None
 Auto vars:     Size  Location     Type
		None
 Return value:  Size  Location     Type
                  1    wreg      void 
 Registers used:
		wreg, fsr1l, fsr1h, status,2, status,0
 Tracked objects:
		On entry : 
		On exit  : 
		Unchanged: 
 Data sizes:     COMMON   BANK0   BANK1   BANK2   BANK3   BANK4   BANK5   BANK6   BANK7   BANK8   BANK9  BANK10  BANK11  BANK12
      Params:         0       0       0       0       0       0       0       0       0       0       0       0       0       0
      Locals:         0       0       0       0       0       0       0       0       0       0       0       0       0       0
      Temps:          1       0       0       0       0       0       0       0       0       0       0       0       0       0
      Totals:         1       0       0       0       0       0       0       0       0       0       0       0       0       0
Total ram usage:        1 bytes
 Hardware stack levels used:    1
 This function calls:
		Nothing
 This function is called by:
		_INTERRUPT_InterruptManager
 This function uses a non-reentrant model


 *************** function _EUSART_Receive_ISR *****************
 Defined at:
		line 184 in file "mcc_generated_files/eusart.c"
 Parameters:    Size  Location     Type
		None
 Auto vars:     Size  Location     Type
		None
 Return value:  Size  Location     Type
                  1    wreg      void 
 Registers used:
		wreg, fsr1l, fsr1h, status,2, status,0
 Tracked objects:
		On entry : 
		On exit  : 
		Unchanged: 
 Data sizes:     COMMON   BANK0   BANK1   BANK2   BANK3   BANK4   BANK5   BANK6   BANK7   BANK8   BANK9  BANK10  BANK11  BANK12
      Params:         0       0       0       0       0       0       0       0       0       0       0       0       0       0
      Locals:         0       0       0       0       0       0       0       0       0       0       0       0       0       0
      Temps:          1       0       0       0       0       0       0       0       0       0       0       0       0       0
      Totals:         1       0       0       0       0       0       0       0       0       0       0       0       0       0
Total ram usage:        1 bytes
 Hardware stack levels used:    1
 This function calls:
		Nothing
 This function is called by:
		_INTERRUPT_InterruptManager
 This function uses a non-reentrant model



MODULE INFORMATION

Module		Function		Class		Link	Load	Size
C:\Program Files (x86)\Microchip\xc8\v1.41\sources\common\lwdiv.c
		___lwdiv       		CODE           	159C	0000	54

C:\Program Files (x86)\Microchip\xc8\v1.41\sources\common\lwdiv.c estimated size: 54

C:\Program Files (x86)\Microchip\xc8\v1.41\sources\common\awdiv.c
		___awdiv       		CODE           	0858	0000	83

C:\Program Files (x86)\Microchip\xc8\v1.41\sources\common\awdiv.c estimated size: 83

C:\Program Files (x86)\Microchip\xc8\v1.41\sources\common\doprnt.c
		_printf        		CODE           	0E2B	0000	470

C:\Program Files (x86)\Microchip\xc8\v1.41\sources\common\doprnt.c estimated size: 470

C:\Program Files (x86)\Microchip\xc8\v1.41\sources\common\Umul16.c
		___wmul        		CODE           	1362	0000	29

C:\Program Files (x86)\Microchip\xc8\v1.41\sources\common\Umul16.c estimated size: 29

C:\Program Files (x86)\Microchip\xc8\v1.41\sources\common\isdigit.c
		_isdigit       		CODE           	1250	0000	16

C:\Program Files (x86)\Microchip\xc8\v1.41\sources\common\isdigit.c estimated size: 16

mcc_generated_files/interrupt_manager.c
		_INTERRUPT_InterruptManager		CODE           	0004	0000	57

mcc_generated_files/interrupt_manager.c estimated size: 57

mcc_generated_files/tmr0.c
		_TMR0_HasOverflowOccured		CODE           	11EA	0000	5
		_TMR0_Initialize		CODE           	1211	0000	12

mcc_generated_files/tmr0.c estimated size: 17

mcc_generated_files/i2c1.c
		_I2C1_BusCollisionISR		CODE           	07FF	0000	2
		_I2C1_MasterRead		CODE           	1444	0000	41
		_I2C1_FunctionComplete		CODE           	127E	0000	18
		_I2C1_MasterWriteTRBBuild		CODE           	13FC	0000	36
		_I2C1_ISR      		CODE           	0B3E	0000	343
		_I2C1_MasterWrite		CODE           	1494	0000	43
		_I2C1_Initialize		CODE           	137E	0000	29
		_I2C1_Stop     		CODE           	12DB	0000	27
		_I2C1_MasterReadTRBBuild		CODE           	1514	0000	45
		_I2C1_MasterTRBInsert		CODE           	07A8	0000	88

mcc_generated_files/i2c1.c estimated size: 672

mcc_generated_files/pin_manager.c
		_PIN_MANAGER_Initialize		CODE           	139A	0000	32

mcc_generated_files/pin_manager.c estimated size: 32

protocol.c
		_PROTOCOL_Read_Device_Address		CODE           	11DD	0000	4
		_PROTOCOL_STA  		CODE           	1242	0000	15
		_concat        		CODE           	128F	0000	19
		_PROTOCOL_SAV  		CODE           	1207	0000	11
		_PROTOCOL_SET  		CODE           	11FF	0000	9
		_PROTOCOL_STP  		CODE           	1235	0000	14
		_PROTOCOL_EXT  		CODE           	12B3	0000	20
		_PROTOCOL_Loop 		CODE           	0C94	0000	408
		_PROTOCOL_Set_Extension_Handler		CODE           	0800	0000	10
		_PROTOCOL_Initialize		CODE           	08AA	0000	84
		_PROTOCOL_Write_Device_Address		CODE           	126E	0000	17
		_PROTOCOL_Print_TLV		CODE           	00B4	0000	634

protocol.c estimated size: 1245

shared
		_dpowers       		STRCODE        	1000	0000	11
		__initialization		CODE           	003E	0000	115
		_MAX_Y         		STRCODE        	100A	0000	2

shared estimated size: 128

C:\Program Files (x86)\Microchip\xc8\v1.41\sources\common\lwmod.c
		___lwmod       		CODE           	1540	0000	46

C:\Program Files (x86)\Microchip\xc8\v1.41\sources\common\lwmod.c estimated size: 46

C:\Program Files (x86)\Microchip\xc8\v1.41\sources\common\atoi.c
		_atoi          		CODE           	09AC	0000	114

C:\Program Files (x86)\Microchip\xc8\v1.41\sources\common\atoi.c estimated size: 114

C:\Program Files (x86)\Microchip\xc8\v1.41\sources\common\awmod.c
		___awmod       		CODE           	168C	0000	71

C:\Program Files (x86)\Microchip\xc8\v1.41\sources\common\awmod.c estimated size: 71

mcc_generated_files/mcc.c
		_WDT_Initialize		CODE           	11EE	0000	5
		_OSCILLATOR_Initialize		CODE           	11F8	0000	8
		_SYSTEM_Initialize		CODE           	12A1	0000	19

mcc_generated_files/mcc.c estimated size: 32

C:\Program Files (x86)\Microchip\xc8\v1.41\sources\common\abs.c
		_abs           		CODE           	125F	0000	16

C:\Program Files (x86)\Microchip\xc8\v1.41\sources\common\abs.c estimated size: 16

C:\Program Files (x86)\Microchip\xc8\v1.41\sources\common\strcpy.c
		_strcpy        		CODE           	130F	0000	28

C:\Program Files (x86)\Microchip\xc8\v1.41\sources\common\strcpy.c estimated size: 28

mcc_generated_files/memory.c
		_DATAEE_WriteByte		CODE           	13D9	0000	36
		_DATAEE_ReadByte		CODE           	1228	0000	14

mcc_generated_files/memory.c estimated size: 50

C:\Program Files (x86)\Microchip\xc8\v1.41\sources\common\strncmp.c
		_strncmp       		CODE           	164A	0000	67

C:\Program Files (x86)\Microchip\xc8\v1.41\sources\common\strncmp.c estimated size: 67

i2c1_util.c
		_i2c1_write    		CODE           	146C	0000	41
		_i2c1_read     		CODE           	08FD	0000	86
		_i2c1_write_no_data		CODE           	14BE	0000	44

i2c1_util.c estimated size: 171

mcc_generated_files/eusart.c
		_putch         		CODE           	11F2	0000	7
		_EUSART_Read   		CODE           	13B9	0000	33
		_EUSART_Write  		CODE           	141F	0000	38
		_EUSART_Transmit_ISR		CODE           	1346	0000	29
		_EUSART_Initialize		CODE           	12F5	0000	27
		_EUSART_Receive_ISR		CODE           	132A	0000	29

mcc_generated_files/eusart.c estimated size: 163

main.c
		_init          		CODE           	0A1D	0000	123
		_start_handler 		CODE           	11E6	0000	5
		_stop_handler  		CODE           	11DA	0000	4
		_one_shot_sen  		CODE           	1609	0000	66
		_exec_remote_cmd		CODE           	032D	0000	497
		_sen           		CODE           	06F7	0000	178
		_del_dev       		CODE           	1765	0000	78
		_put_cmd       		CODE           	171A	0000	76
		_print_dev_map 		CODE           	16D2	0000	73
		_scan_dev      		CODE           	15D1	0000	57
		_main          		CODE           	14E9	0000	44
		_check_plg     		CODE           	12C6	0000	22
		_detected      		CODE           	156D	0000	48
		_command_handler		CODE           	051D	0000	475
		_fetch         		CODE           	0809	0000	80
		_inv_handler   		CODE           	0A97	0000	168
		_add_dev       		CODE           	17B2	0000	79
		_dev_map_iterator		CODE           	0952	0000	91

main.c estimated size: 2164

