Microchip MPLAB XC8 Compiler V1.41 ()

Linker command line:

-W-3 --edf=C:\Program Files (x86)\Microchip\xc8\v1.41\dat\en_msgs.txt -cs \
  -h+dist/default/production\i2c_master.X.production.sym \
  --cmf=dist/default/production\i2c_master.X.production.cmf -z -Q16F1829 \
  -oC:\Users\shiny\AppData\Local\Temp\sgu8.2 \
  -Mdist/default/production/i2c_master.X.production.map -E1 -ver=XC8 \
  -ASTACK=02220h-0232fh -pstack=STACK -ACODE=00h-07FFhx4 \
  -ASTRCODE=00h-01FFFh -ASTRING=00h-0FFhx32 -ACONST=00h-0FFhx32 \
  -AENTRY=00h-0FFhx32 -ACOMMON=070h-07Fh -ABANK0=020h-06Fh \
  -ABANK1=0A0h-0EFh -ABANK2=0120h-016Fh -ABANK3=01A0h-01EFh \
  -ABANK4=0220h-026Fh -ABANK5=02A0h-02EFh -ABANK6=0320h-036Fh \
  -ABANK7=03A0h-03EFh -ABANK8=0420h-046Fh -ABANK9=04A0h-04EFh \
  -ABANK10=0520h-056Fh -ABANK11=05A0h-05EFh -ABANK12=0620h-064Fh \
  -ABIGRAM=02000h-023EFh \
  -ARAM=020h-06Fh,0A0h-0EFh,0120h-016Fh,01A0h-01EFh,0220h-026Fh,02A0h-02EFh,0320h-036Fh,03A0h-03EFh,0420h-046Fh,04A0h-04EFh,0520h-056Fh,05A0h-05EFh,0620h-064Fh \
  -AABS1=020h-07Fh,0A0h-0EFh,0120h-016Fh,01A0h-01EFh,0220h-026Fh,02A0h-02EFh,0320h-036Fh,03A0h-03EFh,0420h-046Fh,04A0h-04EFh,0520h-056Fh,05A0h-05EFh,0620h-064Fh \
  -ASFR0=00h-01Fh -ASFR1=080h-09Fh -ASFR2=0100h-011Fh -ASFR3=0180h-019Fh \
  -ASFR4=0200h-021Fh -ASFR5=0280h-029Fh -ASFR6=0300h-031Fh \
  -ASFR7=0380h-039Fh -ASFR8=0400h-041Fh -ASFR9=0480h-049Fh \
  -ASFR10=0500h-051Fh -ASFR11=0580h-059Fh -ASFR12=0600h-061Fh \
  -ASFR13=0680h-06EFh -ASFR14=0700h-076Fh -ASFR15=0780h-07EFh \
  -ASFR16=0800h-086Fh -ASFR17=0880h-08EFh -ASFR18=0900h-096Fh \
  -ASFR19=0980h-09EFh -ASFR20=0A00h-0A6Fh -ASFR21=0A80h-0AEFh \
  -ASFR22=0B00h-0B6Fh -ASFR23=0B80h-0BEFh -ASFR24=0C00h-0C6Fh \
  -ASFR25=0C80h-0CEFh -ASFR26=0D00h-0D6Fh -ASFR27=0D80h-0DEFh \
  -ASFR28=0E00h-0E6Fh -ASFR29=0E80h-0EEFh -ASFR30=0F00h-0F6Fh \
  -ASFR31=0F80h-0FEFh -preset_vec=00h,intentry=04h,init,end_init \
  -ppowerup=CODE -pcinit=CODE -pfunctab=CODE -ACONFIG=08007h-08008h \
  -pconfig=CONFIG -DCONFIG=2 -AIDLOC=08000h-08003h -pidloc=IDLOC -DIDLOC=2 \
  -AEEDATA=00h-0FFh/0F000h -peeprom_data=EEDATA -DEEDATA=2 -DCODE=2 \
  -DSTRCODE=2 -DSTRING=2 -DCONST=2 -DENTRY=2 -k \
  C:\Users\shiny\AppData\Local\Temp\sgu8.obj \
  dist/default/production\i2c_master.X.production.obj 

Object code version is 3.11

Machine type is 16F1829



                Name                               Link     Load   Length Selector   Space Scale
C:\Users\shiny\AppData\Local\Temp\sgu8.obj
                end_init                             3C       3C        2        8       0
                reset_vec                             0        0        2        0       0
                config                             8007     8007        2    1000E       0
dist/default/production\i2c_master.X.production.obj
                cinit                                3E       3E       5C        8       0
                intentry                              4        4       38        8       0
                text74                             1B6F     1B6F       1C     36DE       0
                text73                             1BC3     1BC3       1E     3786       0
                text72                                3        3        1        6       0
                text71                             1AAB     1AAB       11     3556       0
                text70                             1BE1     1BE1       1E     37C2       0
                swtext1                            1800     1800       18     3000       0
                text69                              83F      83F      151     107E       0
                text67                             1A55     1A55        D     34AA       0
                text66                             1A06     1A06        3     340C       0
                text65                             123C     123C       53     2478       0
                text64                             1C1E     1C1E       23     383C       0
                text63                             1C41     1C41       23     3882       0
                text62                             1B8B     1B8B       1C     3716       0
                text61                             1A7D     1A7D        F     34FA       0
                text60                             1451     1451       71     28A2       0
                text59                             12E4     12E4       57     25C8       0
                text58                             1C64     1C64       23     38C8       0
                text57                             1CFE     1CFE       2A     39FC       0
                text56                             1D28     1D28       2B     3A50       0
                text55                             1FAE     1FAE       52     3F5C       0
                text54                             1F60     1F60       4E     3EC0       0
                text53                             1F13     1F13       4D     3E26       0
                text52                             1D7E     1D7E       2C     3AFC       0
                text51                             1CAE     1CAE       28     395C       0
                text50                             128F     128F       55     251E       0
                text49                              807      807       38     100E       0
                text48                             1AF3     1AF3       15     35E6       0
                text47                             1392     1392       5A     2724       0
                text46                             1E06     1E06       35     3C0C       0
                text45                             1DAA     1DAA       2D     3B54       0
                text44                             1C87     1C87       27     390E       0
                text43                             1A18     1A18        5     3430       0
                text42                               9A       9A      2EE        8       0
                text41                             1B08     1B08       16     3610       0
                text40                             1E81     1E81       48     3D02       0
                text39                             1B1E     1B1E       1B     363C       0
                text38                             1EC9     1EC9       4A     3D92       0
                text37                              7BE      7BE       42        8       0
                text36                              B82      B82      203     1704       0
                text35                             1AE0     1AE0       13     35C0       0
                text34                             1A09     1A09        3     3412       0
                text33                             1A34     1A34        A     3468       0
                text32                             1A23     1A23        8     3446       0
                text31                             1A0C     1A0C        4     3418       0
                text30                             1A6F     1A6F        E     34DE       0
                text29                             1A62     1A62        D     34C4       0
                text28                             1A9B     1A9B       10     3536       0
                text27                             1A10     1A10        4     3420       0
                text26                             1CD6     1CD6       28     39AC       0
                text25                              990      990      1F2     1320       0
                text24                             1DD7     1DD7       2F     3BAE       0
                text23                             1E3B     1E3B       46     3C76       0
                text22                             1A8C     1A8C        F     3518       0
                text21                             1ABC     1ABC       12     3578       0
                text20                              D85      D85      27B     1B0A       0
                text19                             13EC     13EC       65     27D8       0
                text18                             15C3     15C3       B4     2B86       0
                text17                             153C     153C       87     2A78       0
                text16                             1B39     1B39       1B     3672       0
                text15                             121F     121F       1D     243E       0
                text14                              388      388      2A0        8       0
                text13                             172E     172E       D2     2E5C       0
                text12                             133B     133B       57     2676       0
                text11                             1677     1677       B7     2CEE       0
                text10                              628      628      196        8       0
                text9                              1A2B     1A2B        9     3456       0
                text8                              1B54     1B54       1B     36A8       0
                text7                              1BA7     1BA7       1C     374E       0
                text6                               800      800        7        8       0
                text5                              1BFF     1BFF       1F     37FE       0
                text4                              1A3E     1A3E        B     347C       0
                text3                              1A14     1A14        4     3428       0
                text2                              1ACE     1ACE       12     359C       0
                text1                              14C2     14C2       7A     2984       0
                maintext                           1D53     1D53       2B     3AA6       0
                cstackBANK0                          20       20       50       20       1
                cstackCOMMON                         70       70        8       70       1
                cstackBANK1                          A0       A0       50       A0       1
                cstackBANK2                         16A      16A        5      120       1
                clrtext                            1A49     1A49        C     3492       0
                bssBANK6                            320      320       40      320       1
                bssBANK5                            2A0      2A0       40      2A0       1
                bssBANK4                            220      220       40      220       1
                bssBANK3                            1A0      1A0       43      1A0       1
                dataBANK2                           164      164        6      120       1
                bssBANK2                            120      120       44      120       1
                bssCOMMON                            78       78        6       70       1
                stringtext                         1000     1000      21F     2000       0
                idataBANK2                         1A1D     1A1D        6     343A       0

TOTAL           Name                               Link     Load   Length     Space
        CLASS   STACK          

        CLASS   CODE           
                end_init                             3C       3C        2         0
                cinit                                3E       3E       5C         0
                intentry                              4        4       38         0
                reset_vec                             0        0        2         0
                text74                             1B6F     1B6F       1C         0
                text73                             1BC3     1BC3       1E         0
                text72                                3        3        1         0
                text71                             1AAB     1AAB       11         0
                text70                             1BE1     1BE1       1E         0
                text69                              83F      83F      151         0
                text67                             1A55     1A55        D         0
                text66                             1A06     1A06        3         0
                text65                             123C     123C       53         0
                text64                             1C1E     1C1E       23         0
                text63                             1C41     1C41       23         0
                text62                             1B8B     1B8B       1C         0
                text61                             1A7D     1A7D        F         0
                text60                             1451     1451       71         0
                text59                             12E4     12E4       57         0
                text58                             1C64     1C64       23         0
                text57                             1CFE     1CFE       2A         0
                text56                             1D28     1D28       2B         0
                text55                             1FAE     1FAE       52         0
                text54                             1F60     1F60       4E         0
                text53                             1F13     1F13       4D         0
                text52                             1D7E     1D7E       2C         0
                text51                             1CAE     1CAE       28         0
                text50                             128F     128F       55         0
                text49                              807      807       38         0
                text48                             1AF3     1AF3       15         0
                text47                             1392     1392       5A         0
                text46                             1E06     1E06       35         0
                text45                             1DAA     1DAA       2D         0
                text44                             1C87     1C87       27         0
                text43                             1A18     1A18        5         0
                text42                               9A       9A      2EE         0
                text41                             1B08     1B08       16         0
                text40                             1E81     1E81       48         0
                text39                             1B1E     1B1E       1B         0
                text38                             1EC9     1EC9       4A         0
                text37                              7BE      7BE       42         0
                text36                              B82      B82      203         0
                text35                             1AE0     1AE0       13         0
                text34                             1A09     1A09        3         0
                text33                             1A34     1A34        A         0
                text32                             1A23     1A23        8         0
                text31                             1A0C     1A0C        4         0
                text30                             1A6F     1A6F        E         0
                text29                             1A62     1A62        D         0
                text28                             1A9B     1A9B       10         0
                text27                             1A10     1A10        4         0
                text26                             1CD6     1CD6       28         0
                text25                              990      990      1F2         0
                text24                             1DD7     1DD7       2F         0
                text23                             1E3B     1E3B       46         0
                text22                             1A8C     1A8C        F         0
                text21                             1ABC     1ABC       12         0
                text20                              D85      D85      27B         0
                text19                             13EC     13EC       65         0
                text18                             15C3     15C3       B4         0
                text17                             153C     153C       87         0
                text16                             1B39     1B39       1B         0
                text15                             121F     121F       1D         0
                text14                              388      388      2A0         0
                text13                             172E     172E       D2         0
                text12                             133B     133B       57         0
                text11                             1677     1677       B7         0
                text10                              628      628      196         0
                text9                              1A2B     1A2B        9         0
                text8                              1B54     1B54       1B         0
                text7                              1BA7     1BA7       1C         0
                text6                               800      800        7         0
                text5                              1BFF     1BFF       1F         0
                text4                              1A3E     1A3E        B         0
                text3                              1A14     1A14        4         0
                text2                              1ACE     1ACE       12         0
                text1                              14C2     14C2       7A         0
                maintext                           1D53     1D53       2B         0
                clrtext                            1A49     1A49        C         0
                idataBANK2                         1A1D     1A1D        6         0

        CLASS   STRCODE        
                stringtext                         1000     1000      21F         0

        CLASS   STRING         

        CLASS   CONST          
                swtext1                            1800     1800       18         0

        CLASS   ENTRY          

        CLASS   COMMON         
                cstackCOMMON                         70       70        8         1
                bssCOMMON                            78       78        6         1

        CLASS   BANK0          
                cstackBANK0                          20       20       50         1

        CLASS   BANK1          
                cstackBANK1                          A0       A0       50         1

        CLASS   BANK2          
                cstackBANK2                         16A      16A        5         1
                dataBANK2                           164      164        6         1
                bssBANK2                            120      120       44         1

        CLASS   BANK3          
                bssBANK3                            1A0      1A0       43         1

        CLASS   BANK4          
                bssBANK4                            220      220       40         1

        CLASS   BANK5          
                bssBANK5                            2A0      2A0       40         1

        CLASS   BANK6          
                bssBANK6                            320      320       40         1

        CLASS   BANK7          

        CLASS   BANK8          

        CLASS   BANK9          

        CLASS   BANK10         

        CLASS   BANK11         

        CLASS   BANK12         

        CLASS   BIGRAM         

        CLASS   RAM            

        CLASS   ABS1           
                abs_s1                               7E       7E        2         1
                abs_s1                              530      530       40         1
                abs_s1                              5A0      5A0       50         1
                abs_s1                              620      620       30         1
                abs_s1                             2330     2330        0         1

        CLASS   SFR0           

        CLASS   SFR1           

        CLASS   SFR2           

        CLASS   SFR3           

        CLASS   SFR4           

        CLASS   SFR5           

        CLASS   SFR6           

        CLASS   SFR7           

        CLASS   SFR8           

        CLASS   SFR9           

        CLASS   SFR10          

        CLASS   SFR11          

        CLASS   SFR12          

        CLASS   SFR13          

        CLASS   SFR14          

        CLASS   SFR15          

        CLASS   SFR16          

        CLASS   SFR17          

        CLASS   SFR18          

        CLASS   SFR19          

        CLASS   SFR20          

        CLASS   SFR21          

        CLASS   SFR22          

        CLASS   SFR23          

        CLASS   SFR24          

        CLASS   SFR25          

        CLASS   SFR26          

        CLASS   SFR27          

        CLASS   SFR28          

        CLASS   SFR29          

        CLASS   SFR30          

        CLASS   SFR31          

        CLASS   CONFIG         
                config                             8007     8007        2         0

        CLASS   IDLOC          

        CLASS   EEDATA         

        CLASS   BANK31         

        CLASS   BANK30         

        CLASS   BANK29         

        CLASS   BANK28         

        CLASS   BANK27         

        CLASS   BANK26         

        CLASS   BANK25         

        CLASS   BANK24         

        CLASS   BANK23         

        CLASS   BANK22         

        CLASS   BANK21         

        CLASS   BANK20         

        CLASS   BANK19         

        CLASS   BANK18         

        CLASS   BANK17         

        CLASS   BANK16         

        CLASS   BANK15         

        CLASS   BANK14         

        CLASS   BANK13         



SEGMENTS        Name                           Load    Length   Top    Selector   Space  Class     Delta

                reset_vec                      000000  000002  000002         0       0  CODE        2
                text72                         000003  000001  000004         6       0  CODE        2
                intentry                       000004  000803  000807         8       0  CODE        2
                cstackBANK0                    000020  000050  000070        20       1  BANK0       1
                cstackCOMMON                   000070  00000E  00007E        70       1  COMMON      1
                cstackBANK1                    0000A0  000050  0000F0        A0       1  BANK1       1
                bssBANK2                       000120  00004F  00016F       120       1  BANK2       1
                bssBANK3                       0001A0  000043  0001E3       1A0       1  BANK3       1
                bssBANK4                       000220  000040  000260       220       1  BANK4       1
                bssBANK5                       0002A0  000040  0002E0       2A0       1  BANK5       1
                bssBANK6                       000320  000040  000360       320       1  BANK6       1
                text49                         000807  000038  00083F      100E       0  CODE        2
                text69                         00083F  000151  000990      107E       0  CODE        2
                text25                         000990  0001F2  000B82      1320       0  CODE        2
                text36                         000B82  000203  000D85      1704       0  CODE        2
                text20                         000D85  00027B  001000      1B0A       0  CODE        2
                stringtext                     001000  00021F  00121F      2000       0  STRCODE     2
                text15                         00121F  00001D  00123C      243E       0  CODE        2
                text65                         00123C  000053  00128F      2478       0  CODE        2
                text50                         00128F  000055  0012E4      251E       0  CODE        2
                text59                         0012E4  000057  00133B      25C8       0  CODE        2
                text12                         00133B  000057  001392      2676       0  CODE        2
                text47                         001392  00005A  0013EC      2724       0  CODE        2
                text19                         0013EC  000065  001451      27D8       0  CODE        2
                text60                         001451  000071  0014C2      28A2       0  CODE        2
                text1                          0014C2  00007A  00153C      2984       0  CODE        2
                text17                         00153C  000087  0015C3      2A78       0  CODE        2
                text18                         0015C3  0000B4  001677      2B86       0  CODE        2
                text11                         001677  0000B7  00172E      2CEE       0  CODE        2
                text13                         00172E  0000D2  001800      2E5C       0  CODE        2
                swtext1                        001800  000018  001818      3000       0  CONST       2
                text66                         001A06  000003  001A09      340C       0  CODE        2
                text34                         001A09  000003  001A0C      3412       0  CODE        2
                text31                         001A0C  000004  001A10      3418       0  CODE        2
                text27                         001A10  000004  001A14      3420       0  CODE        2
                text3                          001A14  000004  001A18      3428       0  CODE        2
                text43                         001A18  000005  001A1D      3430       0  CODE        2
                idataBANK2                     001A1D  000006  001A23      343A       0  CODE        2
                text32                         001A23  000008  001A2B      3446       0  CODE        2
                text9                          001A2B  000009  001A34      3456       0  CODE        2
                text33                         001A34  00000A  001A3E      3468       0  CODE        2
                text4                          001A3E  00000B  001A49      347C       0  CODE        2
                clrtext                        001A49  00000C  001A55      3492       0  CODE        2
                text67                         001A55  00000D  001A62      34AA       0  CODE        2
                text29                         001A62  00000D  001A6F      34C4       0  CODE        2
                text30                         001A6F  00000E  001A7D      34DE       0  CODE        2
                text61                         001A7D  00000F  001A8C      34FA       0  CODE        2
                text22                         001A8C  00000F  001A9B      3518       0  CODE        2
                text28                         001A9B  000010  001AAB      3536       0  CODE        2
                text71                         001AAB  000011  001ABC      3556       0  CODE        2
                text21                         001ABC  000012  001ACE      3578       0  CODE        2
                text2                          001ACE  000012  001AE0      359C       0  CODE        2
                text35                         001AE0  000013  001AF3      35C0       0  CODE        2
                text48                         001AF3  000015  001B08      35E6       0  CODE        2
                text41                         001B08  000016  001B1E      3610       0  CODE        2
                text39                         001B1E  00001B  001B39      363C       0  CODE        2
                text16                         001B39  00001B  001B54      3672       0  CODE        2
                text8                          001B54  00001B  001B6F      36A8       0  CODE        2
                text74                         001B6F  00001C  001B8B      36DE       0  CODE        2
                text62                         001B8B  00001C  001BA7      3716       0  CODE        2
                text7                          001BA7  00001C  001BC3      374E       0  CODE        2
                text73                         001BC3  00001E  001BE1      3786       0  CODE        2
                text70                         001BE1  00001E  001BFF      37C2       0  CODE        2
                text5                          001BFF  00001F  001C1E      37FE       0  CODE        2
                text64                         001C1E  000023  001C41      383C       0  CODE        2
                text63                         001C41  000023  001C64      3882       0  CODE        2
                text58                         001C64  000023  001C87      38C8       0  CODE        2
                text44                         001C87  000027  001CAE      390E       0  CODE        2
                text51                         001CAE  000028  001CD6      395C       0  CODE        2
                text26                         001CD6  000028  001CFE      39AC       0  CODE        2
                text57                         001CFE  00002A  001D28      39FC       0  CODE        2
                text56                         001D28  00002B  001D53      3A50       0  CODE        2
                maintext                       001D53  00002B  001D7E      3AA6       0  CODE        2
                text52                         001D7E  00002C  001DAA      3AFC       0  CODE        2
                text45                         001DAA  00002D  001DD7      3B54       0  CODE        2
                text24                         001DD7  00002F  001E06      3BAE       0  CODE        2
                text46                         001E06  000035  001E3B      3C0C       0  CODE        2
                text23                         001E3B  000046  001E81      3C76       0  CODE        2
                text40                         001E81  000048  001EC9      3D02       0  CODE        2
                text38                         001EC9  00004A  001F13      3D92       0  CODE        2
                text53                         001F13  00004D  001F60      3E26       0  CODE        2
                text54                         001F60  00004E  001FAE      3EC0       0  CODE        2
                text55                         001FAE  000052  002000      3F5C       0  CODE        2
                config                         008007  000002  008009     1000E       0  CONFIG      2


UNUSED ADDRESS RANGES

        Name                Unused          Largest block    Delta
        BANK10           00520-0052F              10           1
        BANK2            0016F-0016F               1           1
        BANK3            001E3-001EF               D           1
        BANK4            00260-0026F              10           1
        BANK5            002E0-002EF              10           1
        BANK6            00360-0036F              10           1
        BANK7            003A0-003EF              50           1
        BANK8            00420-0046F              50           1
        BANK9            004A0-004EF              50           1
        BIGRAM           02000-023EF             3F0           1
        CODE             00002-00002               1           2
                         01818-01A05             1EE
        CONST            00002-00002               1           2
                         01818-01A05             100
        EEDATA           0F000-0F0FF             100           2
        ENTRY            00002-00002               1           2
                         01818-01A05             100
        IDLOC            08000-08003               4           2
        RAM              0016F-0016F               1           1
                         001E3-001EF               D
                         00260-0026F              10
                         002E0-002EF              10
                         00360-0036F              10
                         003A0-003EF              50
                         00420-0046F              50
                         004A0-004EF              50
                         00520-0052F              10
        SFR0             00000-0001F              20           1
        SFR1             00080-0009F              20           1
        SFR10            00500-0051F              20           1
        SFR11            00580-0059F              20           1
        SFR12            00600-0061F              20           1
        SFR13            00680-006EF              70           1
        SFR14            00700-0076F              70           1
        SFR15            00780-007EF              70           1
        SFR16            00800-0086F              70           1
        SFR17            00880-008EF              70           1
        SFR18            00900-0096F              70           1
        SFR19            00980-009EF              70           1
        SFR2             00100-0011F              20           1
        SFR20            00A00-00A6F              70           1
        SFR21            00A80-00AEF              70           1
        SFR22            00B00-00B6F              70           1
        SFR23            00B80-00BEF              70           1
        SFR24            00C00-00C6F              70           1
        SFR25            00C80-00CEF              70           1
        SFR26            00D00-00D6F              70           1
        SFR27            00D80-00DEF              70           1
        SFR28            00E00-00E6F              70           1
        SFR29            00E80-00EEF              70           1
        SFR3             00180-0019F              20           1
        SFR30            00F00-00F6F              70           1
        SFR31            00F80-00FEF              70           1
        SFR4             00200-0021F              20           1
        SFR5             00280-0029F              20           1
        SFR6             00300-0031F              20           1
        SFR7             00380-0039F              20           1
        SFR8             00400-0041F              20           1
        SFR9             00480-0049F              20           1
        STACK            02220-0232F             110           1
        STRCODE          00002-00002               1           2
                         01818-01A05             1EE
        STRING           00002-00002               1           2
                         01818-01A05             100

                                  Symbol Table

?___awdiv                                        cstackBANK0  0002B
?___awmod                                        cstackBANK0  00020
?___ftmul                                        cstackBANK0  00030
?___ftpack                                       cstackBANK0  00020
?___fttol                                        cstackBANK0  00040
?___lbtoft                                       cstackBANK0  00028
?___lwdiv                                        cstackBANK0  00020
?___lwmod                                        cstackBANK0  00028
?___wmul                                         cstackBANK0  00020
?__doprnt                                        cstackBANK0  0002E
?_abs                                            cstackBANK0  00027
?_atoi                                           cstackBANK0  00026
?_concat                                         cstackBANK0  00020
?_printf                                         cstackBANK0  00041
?_sprintf                                        cstackBANK0  00041
?_strncmp                                        cstackBANK0  00020
DATAEE_ReadByte@bAdd                             cstackBANK0  00020
DATAEE_WriteByte@GIEBitValue                     cstackBANK0  00022
DATAEE_WriteByte@bAdd                            cstackBANK0  00021
DATAEE_WriteByte@bData                           cstackBANK0  00020
EUSART_Read@readValue                            cstackBANK0  00021
EUSART_Write@txData                              cstackBANK0  00021
I2C1_ISR@i2c_10bit_address_restart               bssBANK2     00159
I2C1_ISR@i2c_address                             bssCOMMON    0007C
I2C1_ISR@i2c_bytes_left                          bssBANK2     0015A
I2C1_ISR@pi2c_buf_ptr                            bssBANK2     0013D
I2C1_MasterRead@address                          cstackBANK0  0002B
I2C1_MasterRead@length                           cstackBANK0  0002A
I2C1_MasterRead@pdata                            cstackBANK0  00028
I2C1_MasterRead@pflag                            cstackBANK0  0002D
I2C1_MasterRead@trBlock                          bssBANK3     001D2
I2C1_MasterReadTRBBuild@address                  cstackBANK0  00023
I2C1_MasterReadTRBBuild@length                   cstackBANK0  00022
I2C1_MasterReadTRBBuild@pdata                    cstackBANK0  00020
I2C1_MasterReadTRBBuild@ptrb                     cstackBANK0  00027
I2C1_MasterTRBInsert@count                       cstackBANK0  00023
I2C1_MasterTRBInsert@pflag                       cstackBANK0  00021
I2C1_MasterTRBInsert@ptrb_list                   cstackBANK0  00020
I2C1_MasterWrite@address                         cstackBANK0  00028
I2C1_MasterWrite@length                          cstackBANK0  00027
I2C1_MasterWrite@pdata                           cstackBANK0  0002D
I2C1_MasterWrite@pflag                           cstackBANK0  0002A
I2C1_MasterWrite@trBlock                         bssBANK3     001D7
I2C1_MasterWriteTRBBuild@address                 cstackBANK0  00022
I2C1_MasterWriteTRBBuild@length                  cstackBANK0  00021
I2C1_MasterWriteTRBBuild@pdata                   cstackBANK0  00020
I2C1_MasterWriteTRBBuild@ptrb                    cstackBANK0  00026
I2C1_Stop@completion_code                        cstackCOMMON 00072
PROTOCOL_EXT@char_buf                            cstackBANK0  0005B
PROTOCOL_Initialize@device_id                    cstackBANK0  00021
PROTOCOL_Initialize@inv_handler                  cstackBANK0  00028
PROTOCOL_Initialize@scaler                       cstackBANK0  0002A
PROTOCOL_Initialize@set_handler                  cstackBANK0  00027
PROTOCOL_Initialize@start_handler                cstackBANK0  00023
PROTOCOL_Initialize@stop_handler                 cstackBANK0  00025
PROTOCOL_Loop@c                                  cstackBANK2  0016D
PROTOCOL_Loop@device_address                     cstackBANK2  0016E
PROTOCOL_Print_TLV@dev_addr                      cstackBANK0  00052
PROTOCOL_Print_TLV@length                        cstackBANK0  0004D
PROTOCOL_Print_TLV@pbuffer                       cstackBANK0  0004E
PROTOCOL_Print_TLV@type                          cstackBANK0  0004C
PROTOCOL_Print_TLV@v                             cstackBANK0  00053
PROTOCOL_SET@value_                              cstackBANK0  00021
PROTOCOL_Set_Extension_Handler@extension_handler cstackBANK0  00020
PROTOCOL_Write_Device_Address@device_id_i2c      cstackBANK0  00024
_ANSELA                                          (abs)        0018C
_ANSELB                                          (abs)        0018D
_ANSELC                                          (abs)        0018E
_APFCON0                                         (abs)        0011D
_APFCON1                                         (abs)        0011E
_BACKPLANE_SLAVE_ADDRESS                         dataBANK2    00168
_BAUDCON                                         (abs)        0019F
_CIRCUMFERENCE                                   stringtext   0100B
_DATAEE_ReadByte                                 text67       01A55
_DATAEE_WriteByte                                text63       01C41
_EEADRH                                          (abs)        00192
_EEADRL                                          (abs)        00191
_EECON1bits                                      (abs)        00195
_EECON2                                          (abs)        00196
_EEDATH                                          (abs)        00194
_EEDATL                                          (abs)        00193
_EUSART_Initialize                               text8        01B54
_EUSART_Read                                     text64       01C1E
_EUSART_Receive_ISR                              text74       01B6F
_EUSART_Transmit_ISR                             text73       01BC3
_EUSART_Write                                    text44       01C87
_I2C1_BusCollisionISR                            text72       00003
_I2C1_FunctionComplete                           text71       01AAB
_I2C1_ISR                                        text69       0083F
_I2C1_Initialize                                 text7        01BA7
_I2C1_MasterRead                                 text51       01CAE
_I2C1_MasterReadTRBBuild                         text52       01D7E
_I2C1_MasterTRBInsert                            text59       012E4
_I2C1_MasterWrite                                text57       01CFE
_I2C1_MasterWriteTRBBuild                        text58       01C64
_I2C1_Stop                                       text70       01BE1
_INTCONbits                                      (abs)        0000B
_INTERRUPT_InterruptManager                      intentry     00004
_LATA                                            (abs)        0010C
_LATB                                            (abs)        0010D
_LATC                                            (abs)        0010E
_LATCbits                                        (abs)        0010E
_MAX_Y                                           stringtext   0100A
_OPTION_REG                                      (abs)        00095
_OPTION_REGbits                                  (abs)        00095
_OSCCON                                          (abs)        00099
_OSCILLATOR_Initialize                           text6        00800
_OSCTUNE                                         (abs)        00098
_PIE1bits                                        (abs)        00091
_PIE2bits                                        (abs)        00092
_PIN_MANAGER_Initialize                          text5        01BFF
_PIR1bits                                        (abs)        00011
_PIR2bits                                        (abs)        00012
_PLLR                                            (abs)        004D6
_PROTOCOL_EXT                                    text35       01AE0
_PROTOCOL_Extension_Handler                      bssBANK2     0012F
_PROTOCOL_Initialize                             text65       0123C
_PROTOCOL_Inv_Handler                            bssBANK2     0012D
_PROTOCOL_Loop                                   text10       00628
_PROTOCOL_Loop_Func                              bssBANK2     00131
_PROTOCOL_Print_TLV                              text20       00D85
_PROTOCOL_Read_Device_Address                    text34       01A09
_PROTOCOL_SAV                                    text33       01A34
_PROTOCOL_SET                                    text32       01A23
_PROTOCOL_STA                                    text30       01A6F
_PROTOCOL_STP                                    text29       01A62
_PROTOCOL_Set_Extension_Handler                  text9        01A2B
_PROTOCOL_Set_Handler                            bssBANK2     00133
_PROTOCOL_Start_Handler                          bssBANK2     00137
_PROTOCOL_Stop_Handler                           bssBANK2     00135
_PROTOCOL_Write_Device_Address                   text28       01A9B
_RCREG                                           (abs)        00199
_RCSTA                                           (abs)        0019D
_RCSTAbits                                       (abs)        0019D
_SPBRGH                                          (abs)        0019C
_SPBRGL                                          (abs)        0019B
_SSP1ADD                                         (abs)        00212
_SSP1BUF                                         (abs)        00211
_SSP1CON1                                        (abs)        00215
_SSP1CON1bits                                    (abs)        00215
_SSP1CON2bits                                    (abs)        00216
_SSP1CON3                                        (abs)        00217
_SSP1STAT                                        (abs)        00214
_SYSTEM_Initialize                               text2        01ACE
_TMR0                                            (abs)        00015
_TMR0IF                                          (abs)        0005A
_TMR0_HasOverflowOccured                         text27       01A10
_TMR0_Initialize                                 text4        01A3E
_TRISA                                           (abs)        0008C
_TRISB                                           (abs)        0008D
_TRISC                                           (abs)        0008E
_TXREG                                           (abs)        0019A
_TXSTA                                           (abs)        0019E
_WDTCON                                          (abs)        00097
_WDT_Initialize                                  text3        01A14
_WHEEL_RADIUS                                    stringtext   0100E
_WPUA                                            (abs)        0020C
_WPUB                                            (abs)        0020D
_WPUC                                            (abs)        0020E
__CFG_BOREN$ON                                   (abs)        00000
__CFG_BORV$LO                                    (abs)        00000
__CFG_CLKOUTEN$OFF                               (abs)        00000
__CFG_CP$OFF                                     (abs)        00000
__CFG_CPD$OFF                                    (abs)        00000
__CFG_FCMEN$ON                                   (abs)        00000
__CFG_FOSC$INTOSC                                (abs)        00000
__CFG_IESO$ON                                    (abs)        00000
__CFG_LVP$ON                                     (abs)        00000
__CFG_MCLRE$ON                                   (abs)        00000
__CFG_PLLEN$ON                                   (abs)        00000
__CFG_PWRTE$OFF                                  (abs)        00000
__CFG_STVREN$ON                                  (abs)        00000
__CFG_WDTE$OFF                                   (abs)        00000
__CFG_WRT$OFF                                    (abs)        00000
__Habs1                                          abs1         00000
__Hbank0                                         bank0        00000
__Hbank1                                         bank1        00000
__Hbank10                                        bank10       00000
__Hbank11                                        bank11       00000
__Hbank12                                        bank12       00000
__Hbank13                                        bank13       00000
__Hbank14                                        bank14       00000
__Hbank15                                        bank15       00000
__Hbank16                                        bank16       00000
__Hbank17                                        bank17       00000
__Hbank18                                        bank18       00000
__Hbank19                                        bank19       00000
__Hbank2                                         bank2        00000
__Hbank20                                        bank20       00000
__Hbank21                                        bank21       00000
__Hbank22                                        bank22       00000
__Hbank23                                        bank23       00000
__Hbank24                                        bank24       00000
__Hbank25                                        bank25       00000
__Hbank26                                        bank26       00000
__Hbank27                                        bank27       00000
__Hbank28                                        bank28       00000
__Hbank29                                        bank29       00000
__Hbank3                                         bank3        00000
__Hbank30                                        bank30       00000
__Hbank31                                        bank31       00000
__Hbank4                                         bank4        00000
__Hbank5                                         bank5        00000
__Hbank6                                         bank6        00000
__Hbank7                                         bank7        00000
__Hbank8                                         bank8        00000
__Hbank9                                         bank9        00000
__Hbigram                                        bigram       00000
__HbssBANK2                                      bssBANK2     00000
__HbssBANK3                                      bssBANK3     00000
__HbssBANK4                                      bssBANK4     00000
__HbssBANK5                                      bssBANK5     00000
__HbssBANK6                                      bssBANK6     00000
__HbssCOMMON                                     bssCOMMON    00000
__Hcinit                                         cinit        0009A
__Hclrtext                                       clrtext      00000
__Hcode                                          code         00000
__Hcommon                                        common       00000
__Hconfig                                        config       08009
__HcstackBANK0                                   cstackBANK0  00000
__HcstackBANK1                                   cstackBANK1  00000
__HcstackBANK2                                   cstackBANK2  00000
__HcstackCOMMON                                  cstackCOMMON 00000
__HdataBANK2                                     dataBANK2    00000
__Heeprom_data                                   eeprom_data  00000
__Hend_init                                      end_init     0003E
__Hfunctab                                       functab      00000
__HidataBANK2                                    idataBANK2   00000
__Hidloc                                         idloc        00000
__Hinit                                          init         0003C
__Hintentry                                      intentry     0003C
__Hmaintext                                      maintext     00000
__Hpowerup                                       powerup      00000
__Hram                                           ram          00000
__Hreset_vec                                     reset_vec    00002
__Hsfr0                                          sfr0         00000
__Hsfr1                                          sfr1         00000
__Hsfr10                                         sfr10        00000
__Hsfr11                                         sfr11        00000
__Hsfr12                                         sfr12        00000
__Hsfr13                                         sfr13        00000
__Hsfr14                                         sfr14        00000
__Hsfr15                                         sfr15        00000
__Hsfr16                                         sfr16        00000
__Hsfr17                                         sfr17        00000
__Hsfr18                                         sfr18        00000
__Hsfr19                                         sfr19        00000
__Hsfr2                                          sfr2         00000
__Hsfr20                                         sfr20        00000
__Hsfr21                                         sfr21        00000
__Hsfr22                                         sfr22        00000
__Hsfr23                                         sfr23        00000
__Hsfr24                                         sfr24        00000
__Hsfr25                                         sfr25        00000
__Hsfr26                                         sfr26        00000
__Hsfr27                                         sfr27        00000
__Hsfr28                                         sfr28        00000
__Hsfr29                                         sfr29        00000
__Hsfr3                                          sfr3         00000
__Hsfr30                                         sfr30        00000
__Hsfr31                                         sfr31        00000
__Hsfr4                                          sfr4         00000
__Hsfr5                                          sfr5         00000
__Hsfr6                                          sfr6         00000
__Hsfr7                                          sfr7         00000
__Hsfr8                                          sfr8         00000
__Hsfr9                                          sfr9         00000
__Hspace_0                                       (abs)        08009
__Hspace_1                                       (abs)        00360
__Hspace_2                                       (abs)        00000
__Hspace_3                                       (abs)        00000
__Hstack                                         stack        00000
__Hstrings                                       strings      00000
__Hstringtext                                    stringtext   00000
__Htext                                          text         00000
__Labs1                                          abs1         00000
__Lbank0                                         bank0        00000
__Lbank1                                         bank1        00000
__Lbank10                                        bank10       00000
__Lbank11                                        bank11       00000
__Lbank12                                        bank12       00000
__Lbank13                                        bank13       00000
__Lbank14                                        bank14       00000
__Lbank15                                        bank15       00000
__Lbank16                                        bank16       00000
__Lbank17                                        bank17       00000
__Lbank18                                        bank18       00000
__Lbank19                                        bank19       00000
__Lbank2                                         bank2        00000
__Lbank20                                        bank20       00000
__Lbank21                                        bank21       00000
__Lbank22                                        bank22       00000
__Lbank23                                        bank23       00000
__Lbank24                                        bank24       00000
__Lbank25                                        bank25       00000
__Lbank26                                        bank26       00000
__Lbank27                                        bank27       00000
__Lbank28                                        bank28       00000
__Lbank29                                        bank29       00000
__Lbank3                                         bank3        00000
__Lbank30                                        bank30       00000
__Lbank31                                        bank31       00000
__Lbank4                                         bank4        00000
__Lbank5                                         bank5        00000
__Lbank6                                         bank6        00000
__Lbank7                                         bank7        00000
__Lbank8                                         bank8        00000
__Lbank9                                         bank9        00000
__Lbigram                                        bigram       00000
__LbssBANK2                                      bssBANK2     00000
__LbssBANK3                                      bssBANK3     00000
__LbssBANK4                                      bssBANK4     00000
__LbssBANK5                                      bssBANK5     00000
__LbssBANK6                                      bssBANK6     00000
__LbssCOMMON                                     bssCOMMON    00000
__Lcinit                                         cinit        0003E
__Lclrtext                                       clrtext      00000
__Lcode                                          code         00000
__Lcommon                                        common       00000
__Lconfig                                        config       08007
__LcstackBANK0                                   cstackBANK0  00000
__LcstackBANK1                                   cstackBANK1  00000
__LcstackBANK2                                   cstackBANK2  00000
__LcstackCOMMON                                  cstackCOMMON 00000
__LdataBANK2                                     dataBANK2    00000
__Leeprom_data                                   eeprom_data  00000
__Lend_init                                      end_init     0003C
__Lfunctab                                       functab      00000
__LidataBANK2                                    idataBANK2   00000
__Lidloc                                         idloc        00000
__Linit                                          init         0003C
__Lintentry                                      intentry     00004
__Lmaintext                                      maintext     00000
__Lpowerup                                       powerup      00000
__Lram                                           ram          00000
__Lreset_vec                                     reset_vec    00000
__Lsfr0                                          sfr0         00000
__Lsfr1                                          sfr1         00000
__Lsfr10                                         sfr10        00000
__Lsfr11                                         sfr11        00000
__Lsfr12                                         sfr12        00000
__Lsfr13                                         sfr13        00000
__Lsfr14                                         sfr14        00000
__Lsfr15                                         sfr15        00000
__Lsfr16                                         sfr16        00000
__Lsfr17                                         sfr17        00000
__Lsfr18                                         sfr18        00000
__Lsfr19                                         sfr19        00000
__Lsfr2                                          sfr2         00000
__Lsfr20                                         sfr20        00000
__Lsfr21                                         sfr21        00000
__Lsfr22                                         sfr22        00000
__Lsfr23                                         sfr23        00000
__Lsfr24                                         sfr24        00000
__Lsfr25                                         sfr25        00000
__Lsfr26                                         sfr26        00000
__Lsfr27                                         sfr27        00000
__Lsfr28                                         sfr28        00000
__Lsfr29                                         sfr29        00000
__Lsfr3                                          sfr3         00000
__Lsfr30                                         sfr30        00000
__Lsfr31                                         sfr31        00000
__Lsfr4                                          sfr4         00000
__Lsfr5                                          sfr5         00000
__Lsfr6                                          sfr6         00000
__Lsfr7                                          sfr7         00000
__Lsfr8                                          sfr8         00000
__Lsfr9                                          sfr9         00000
__Lspace_0                                       (abs)        00000
__Lspace_1                                       (abs)        00000
__Lspace_2                                       (abs)        00000
__Lspace_3                                       (abs)        00000
__Lstack                                         stack        00000
__Lstrings                                       strings      00000
__Lstringtext                                    stringtext   00000
__Ltext                                          text         00000
__S0                                             (abs)        08009
__S1                                             (abs)        00360
__S2                                             (abs)        00000
__S3                                             (abs)        00000
___awdiv                                         text55       01FAE
___awdiv@counter                                 cstackBANK0  00030
___awdiv@dividend                                cstackBANK0  0002D
___awdiv@divisor                                 cstackBANK0  0002B
___awdiv@quotient                                cstackBANK0  00032
___awdiv@sign                                    cstackBANK0  00031
___awmod                                         text23       01E3B
___awmod@counter                                 cstackBANK0  00025
___awmod@dividend                                cstackBANK0  00022
___awmod@divisor                                 cstackBANK0  00020
___awmod@sign                                    cstackBANK0  00026
___ftmul                                         text18       015C3
___ftmul@cntr                                    cstackBANK0  0003E
___ftmul@exp                                     cstackBANK0  0003A
___ftmul@f1                                      cstackBANK0  00030
___ftmul@f2                                      cstackBANK0  00033
___ftmul@f3_as_product                           cstackBANK0  0003B
___ftmul@sign                                    cstackBANK0  0003F
___ftpack                                        text19       013EC
___ftpack@arg                                    cstackBANK0  00020
___ftpack@exp                                    cstackBANK0  00023
___ftpack@sign                                   cstackBANK0  00024
___fttol                                         text17       0153C
___fttol@exp1                                    cstackBANK0  0004D
___fttol@f1                                      cstackBANK0  00040
___fttol@lval                                    cstackBANK0  00049
___fttol@sign1                                   cstackBANK0  00048
___int_sp                                        stack        00000
___latbits                                       (abs)        00002
___lbtoft                                        text16       01B39
___lbtoft@c                                      cstackBANK0  0002F
___lwdiv                                         text46       01E06
___lwdiv@counter                                 cstackBANK0  00027
___lwdiv@dividend                                cstackBANK0  00022
___lwdiv@divisor                                 cstackBANK0  00020
___lwdiv@quotient                                cstackBANK0  00025
___lwmod                                         text45       01DAA
___lwmod@counter                                 cstackBANK0  0002D
___lwmod@dividend                                cstackBANK0  0002A
___lwmod@divisor                                 cstackBANK0  00028
___sp                                            stack        00000
___wmul                                          text62       01B8B
___wmul@multiplicand                             cstackBANK0  00022
___wmul@multiplier                               cstackBANK0  00020
___wmul@product                                  cstackBANK0  00024
__doprnt                                         text42       0009A
__doprnt@ap                                      cstackBANK0  00030
__doprnt@c                                       cstackBANK0  0003F
__doprnt@cp                                      cstackBANK0  0003A
__doprnt@f                                       cstackBANK0  0002E
__doprnt@flag                                    cstackBANK0  0003C
__doprnt@len                                     cstackBANK0  00038
__doprnt@pb                                      cstackBANK0  00040
__doprnt@prec                                    cstackBANK0  00035
__doprnt@val                                     cstackBANK0  00036
__doprnt@width                                   cstackBANK0  0003D
__end_of_CIRCUMFERENCE                           stringtext   0100E
__end_of_DATAEE_ReadByte                         text67       01A62
__end_of_DATAEE_WriteByte                        text63       01C64
__end_of_EUSART_Initialize                       text8        01B6F
__end_of_EUSART_Read                             text64       01C41
__end_of_EUSART_Receive_ISR                      text74       01B8B
__end_of_EUSART_Transmit_ISR                     text73       01BE1
__end_of_EUSART_Write                            text44       01CAE
__end_of_I2C1_BusCollisionISR                    text72       00004
__end_of_I2C1_FunctionComplete                   text71       01ABC
__end_of_I2C1_ISR                                text69       00990
__end_of_I2C1_Initialize                         text7        01BC3
__end_of_I2C1_MasterRead                         text51       01CD6
__end_of_I2C1_MasterReadTRBBuild                 text52       01DAA
__end_of_I2C1_MasterTRBInsert                    text59       0133B
__end_of_I2C1_MasterWrite                        text57       01D28
__end_of_I2C1_MasterWriteTRBBuild                text58       01C87
__end_of_I2C1_Stop                               text70       01BFF
__end_of_INTERRUPT_InterruptManager              intentry     0003C
__end_of_MAX_Y                                   stringtext   0100B
__end_of_OSCILLATOR_Initialize                   text6        00807
__end_of_PIN_MANAGER_Initialize                  text5        01C1E
__end_of_PROTOCOL_EXT                            text35       01AF3
__end_of_PROTOCOL_Initialize                     text65       0128F
__end_of_PROTOCOL_Loop                           text10       007BE
__end_of_PROTOCOL_Print_TLV                      text20       01000
__end_of_PROTOCOL_Read_Device_Address            text34       01A0C
__end_of_PROTOCOL_SAV                            text33       01A3E
__end_of_PROTOCOL_SET                            text32       01A2B
__end_of_PROTOCOL_STA                            text30       01A7D
__end_of_PROTOCOL_STP                            text29       01A6F
__end_of_PROTOCOL_Set_Extension_Handler          text9        01A34
__end_of_PROTOCOL_Write_Device_Address           text28       01AAB
__end_of_SYSTEM_Initialize                       text2        01AE0
__end_of_TMR0_HasOverflowOccured                 text27       01A14
__end_of_TMR0_Initialize                         text4        01A49
__end_of_WDT_Initialize                          text3        01A18
__end_of_WHEEL_RADIUS                            stringtext   01011
__end_of___awdiv                                 text55       02000
__end_of___awmod                                 text23       01E81
__end_of___ftmul                                 text18       01677
__end_of___ftpack                                text19       01451
__end_of___fttol                                 text17       015C3
__end_of___lbtoft                                text16       01B54
__end_of___lwdiv                                 text46       01E3B
__end_of___lwmod                                 text45       01DD7
__end_of___wmul                                  text62       01BA7
__end_of__doprnt                                 text42       00388
__end_of__initialization                         cinit        00096
__end_of_abs                                     text22       01A9B
__end_of_add_dev                                 text54       01FAE
__end_of_atoi                                    text60       014C2
__end_of_check_plg                               text48       01B08
__end_of_command_handler                         text36       00D85
__end_of_concat                                  text21       01ACE
__end_of_del_dev                                 text53       01F60
__end_of_detected                                text24       01E06
__end_of_dev_map_iterator                        text47       013EC
__end_of_dpowers                                 stringtext   0100A
__end_of_edge_meter                              text14       00628
__end_of_exec_remote_cmd                         text25       00B82
__end_of_fetch                                   text12       01392
__end_of_i2c1_read                               text50       012E4
__end_of_i2c1_write                              text26       01CFE
__end_of_i2c1_write_no_data                      text56       01D53
__end_of_init                                    text1        0153C
__end_of_inv_handler                             text11       0172E
__end_of_isdigit                                 text61       01A8C
__end_of_main                                    maintext     01D7E
__end_of_print_dev_map                           text40       01EC9
__end_of_printf                                  text41       01B1E
__end_of_put_cmd                                 text38       01F13
__end_of_putch                                   text43       01A1D
__end_of_scan_dev                                text49       0083F
__end_of_sen                                     text13       01800
__end_of_sprintf                                 text15       0123C
__end_of_start_handler                           text31       01A10
__end_of_stop_handler                            text66       01A09
__end_of_strcpy                                  text39       01B39
__end_of_strncmp                                 text37       00800
__initialization                                 cinit        0003E
__pbssBANK2                                      bssBANK2     00120
__pbssBANK3                                      bssBANK3     001A0
__pbssBANK4                                      bssBANK4     00220
__pbssBANK5                                      bssBANK5     002A0
__pbssBANK6                                      bssBANK6     00320
__pbssBIGRAM                                     (abs)        02330
__pbssCOMMON                                     bssCOMMON    00078
__pcstackBANK0                                   cstackBANK0  00020
__pcstackBANK1                                   cstackBANK1  000A0
__pcstackBANK2                                   cstackBANK2  0016A
__pcstackCOMMON                                  cstackCOMMON 00070
__pdataBANK2                                     dataBANK2    00164
__pidataBANK2                                    idataBANK2   01A1D
__pintentry                                      intentry     00004
__pmaintext                                      maintext     01D53
__pstringtext                                    stringtext   01000
__pswtext1                                       swtext1      01800
__ptext1                                         text1        014C2
__ptext10                                        text10       00628
__ptext11                                        text11       01677
__ptext12                                        text12       0133B
__ptext13                                        text13       0172E
__ptext14                                        text14       00388
__ptext15                                        text15       0121F
__ptext16                                        text16       01B39
__ptext17                                        text17       0153C
__ptext18                                        text18       015C3
__ptext19                                        text19       013EC
__ptext2                                         text2        01ACE
__ptext20                                        text20       00D85
__ptext21                                        text21       01ABC
__ptext22                                        text22       01A8C
__ptext23                                        text23       01E3B
__ptext24                                        text24       01DD7
__ptext25                                        text25       00990
__ptext26                                        text26       01CD6
__ptext27                                        text27       01A10
__ptext28                                        text28       01A9B
__ptext29                                        text29       01A62
__ptext3                                         text3        01A14
__ptext30                                        text30       01A6F
__ptext31                                        text31       01A0C
__ptext32                                        text32       01A23
__ptext33                                        text33       01A34
__ptext34                                        text34       01A09
__ptext35                                        text35       01AE0
__ptext36                                        text36       00B82
__ptext37                                        text37       007BE
__ptext38                                        text38       01EC9
__ptext39                                        text39       01B1E
__ptext4                                         text4        01A3E
__ptext40                                        text40       01E81
__ptext41                                        text41       01B08
__ptext42                                        text42       0009A
__ptext43                                        text43       01A18
__ptext44                                        text44       01C87
__ptext45                                        text45       01DAA
__ptext46                                        text46       01E06
__ptext47                                        text47       01392
__ptext48                                        text48       01AF3
__ptext49                                        text49       00807
__ptext5                                         text5        01BFF
__ptext50                                        text50       0128F
__ptext51                                        text51       01CAE
__ptext52                                        text52       01D7E
__ptext53                                        text53       01F13
__ptext54                                        text54       01F60
__ptext55                                        text55       01FAE
__ptext56                                        text56       01D28
__ptext57                                        text57       01CFE
__ptext58                                        text58       01C64
__ptext59                                        text59       012E4
__ptext6                                         text6        00800
__ptext60                                        text60       01451
__ptext61                                        text61       01A7D
__ptext62                                        text62       01B8B
__ptext63                                        text63       01C41
__ptext64                                        text64       01C1E
__ptext65                                        text65       0123C
__ptext66                                        text66       01A06
__ptext67                                        text67       01A55
__ptext69                                        text69       0083F
__ptext7                                         text7        01BA7
__ptext70                                        text70       01BE1
__ptext71                                        text71       01AAB
__ptext72                                        text72       00003
__ptext73                                        text73       01BC3
__ptext74                                        text74       01B6F
__ptext8                                         text8        01B54
__ptext9                                         text9        01A2B
__size_of_DATAEE_ReadByte                        (abs)        00000
__size_of_DATAEE_WriteByte                       (abs)        00000
__size_of_EUSART_Initialize                      (abs)        00000
__size_of_EUSART_Read                            (abs)        00000
__size_of_EUSART_Receive_ISR                     (abs)        00000
__size_of_EUSART_Transmit_ISR                    (abs)        00000
__size_of_EUSART_Write                           (abs)        00000
__size_of_I2C1_BusCollisionISR                   (abs)        00000
__size_of_I2C1_FunctionComplete                  (abs)        00000
__size_of_I2C1_ISR                               (abs)        00000
__size_of_I2C1_Initialize                        (abs)        00000
__size_of_I2C1_MasterRead                        (abs)        00000
__size_of_I2C1_MasterReadTRBBuild                (abs)        00000
__size_of_I2C1_MasterTRBInsert                   (abs)        00000
__size_of_I2C1_MasterWrite                       (abs)        00000
__size_of_I2C1_MasterWriteTRBBuild               (abs)        00000
__size_of_I2C1_Stop                              (abs)        00000
__size_of_INTERRUPT_InterruptManager             (abs)        00000
__size_of_OSCILLATOR_Initialize                  (abs)        00000
__size_of_PIN_MANAGER_Initialize                 (abs)        00000
__size_of_PROTOCOL_EXT                           (abs)        00000
__size_of_PROTOCOL_Initialize                    (abs)        00000
__size_of_PROTOCOL_Loop                          (abs)        00000
__size_of_PROTOCOL_Print_TLV                     (abs)        00000
__size_of_PROTOCOL_Read_Device_Address           (abs)        00000
__size_of_PROTOCOL_SAV                           (abs)        00000
__size_of_PROTOCOL_SET                           (abs)        00000
__size_of_PROTOCOL_STA                           (abs)        00000
__size_of_PROTOCOL_STP                           (abs)        00000
__size_of_PROTOCOL_Set_Extension_Handler         (abs)        00000
__size_of_PROTOCOL_Write_Device_Address          (abs)        00000
__size_of_SYSTEM_Initialize                      (abs)        00000
__size_of_TMR0_HasOverflowOccured                (abs)        00000
__size_of_TMR0_Initialize                        (abs)        00000
__size_of_WDT_Initialize                         (abs)        00000
__size_of___awdiv                                (abs)        00000
__size_of___awmod                                (abs)        00000
__size_of___ftmul                                (abs)        00000
__size_of___ftpack                               (abs)        00000
__size_of___fttol                                (abs)        00000
__size_of___lbtoft                               (abs)        00000
__size_of___lwdiv                                (abs)        00000
__size_of___lwmod                                (abs)        00000
__size_of___wmul                                 (abs)        00000
__size_of__doprnt                                (abs)        00000
__size_of_abs                                    (abs)        00000
__size_of_add_dev                                (abs)        00000
__size_of_atoi                                   (abs)        00000
__size_of_check_plg                              (abs)        00000
__size_of_command_handler                        (abs)        00000
__size_of_concat                                 (abs)        00000
__size_of_del_dev                                (abs)        00000
__size_of_detected                               (abs)        00000
__size_of_dev_map_iterator                       (abs)        00000
__size_of_edge_meter                             (abs)        00000
__size_of_exec_remote_cmd                        (abs)        00000
[...]
      Params:         0      10       0       0       0       0       0       0       0       0       0       0       0       0
      Locals:         0       0       0       0       0       0       0       0       0       0       0       0       0       0
      Temps:          0       2       0       0       0       0       0       0       0       0       0       0       0       0
      Totals:         0      12       0       0       0       0       0       0       0       0       0       0       0       0
Total ram usage:       12 bytes
 Hardware stack levels used:    1
 Hardware stack levels required when called:    4
 This function calls:
		Absolute function
		_DATAEE_ReadByte
		_stop_handler
 This function is called by:
		_main
 This function uses a non-reentrant model


 *************** function _stop_handler *****************
 Defined at:
		line 66 in file "main.c"
 Parameters:    Size  Location     Type
		None
 Auto vars:     Size  Location     Type
		None
 Return value:  Size  Location     Type
                  1    wreg      void 
 Registers used:
		status,2
 Tracked objects:
		On entry : 
		On exit  : 
		Unchanged: 
 Data sizes:     COMMON   BANK0   BANK1   BANK2   BANK3   BANK4   BANK5   BANK6   BANK7   BANK8   BANK9  BANK10  BANK11  BANK12
      Params:         0       0       0       0       0       0       0       0       0       0       0       0       0       0
      Locals:         0       0       0       0       0       0       0       0       0       0       0       0       0       0
      Temps:          0       0       0       0       0       0       0       0       0       0       0       0       0       0
      Totals:         0       0       0       0       0       0       0       0       0       0       0       0       0       0
Total ram usage:        0 bytes
 Hardware stack levels used:    1
 Hardware stack levels required when called:    3
 This function calls:
		Nothing
 This function is called by:
		_main
		_PROTOCOL_STP
		_PROTOCOL_Initialize
 This function uses a non-reentrant model


 *************** function _DATAEE_ReadByte *****************
 Defined at:
		line 204 in file "mcc_generated_files/memory.c"
 Parameters:    Size  Location     Type
  bAdd            1    wreg     unsigned char 
 Auto vars:     Size  Location     Type
  bAdd            1    0[BANK0 ] unsigned char 
 Return value:  Size  Location     Type
                  1    wreg      unsigned char 
 Registers used:
		wreg
 Tracked objects:
		On entry : 
		On exit  : 
		Unchanged: 
 Data sizes:     COMMON   BANK0   BANK1   BANK2   BANK3   BANK4   BANK5   BANK6   BANK7   BANK8   BANK9  BANK10  BANK11  BANK12
      Params:         0       0       0       0       0       0       0       0       0       0       0       0       0       0
      Locals:         0       1       0       0       0       0       0       0       0       0       0       0       0       0
      Temps:          0       0       0       0       0       0       0       0       0       0       0       0       0       0
      Totals:         0       1       0       0       0       0       0       0       0       0       0       0       0       0
Total ram usage:        1 bytes
 Hardware stack levels used:    1
 Hardware stack levels required when called:    3
 This function calls:
		Nothing
 This function is called by:
		_init
		_PROTOCOL_Initialize
 This function uses a non-reentrant model


 *************** function _INTERRUPT_InterruptManager *****************
 Defined at:
		line 51 in file "mcc_generated_files/interrupt_manager.c"
 Parameters:    Size  Location     Type
		None
 Auto vars:     Size  Location     Type
		None
 Return value:  Size  Location     Type
                  1    wreg      void 
 Registers used:
		wreg, fsr0l, fsr0h, fsr1l, fsr1h, status,2, status,0, pclath, cstack
 Tracked objects:
		On entry : 
		On exit  : 
		Unchanged: 
 Data sizes:     COMMON   BANK0   BANK1   BANK2   BANK3   BANK4   BANK5   BANK6   BANK7   BANK8   BANK9  BANK10  BANK11  BANK12
      Params:         0       0       0       0       0       0       0       0       0       0       0       0       0       0
      Locals:         0       0       0       0       0       0       0       0       0       0       0       0       0       0
      Temps:          1       0       0       0       0       0       0       0       0       0       0       0       0       0
      Totals:         1       0       0       0       0       0       0       0       0       0       0       0       0       0
Total ram usage:        1 bytes
 Hardware stack levels used:    1
 Hardware stack levels required when called:    2
 This function calls:
		_EUSART_Receive_ISR
		_EUSART_Transmit_ISR
		_I2C1_BusCollisionISR
		_I2C1_ISR
 This function is called by:
		Interrupt level 1
 This function uses a non-reentrant model


 *************** function _I2C1_ISR *****************
 Defined at:
		line 233 in file "mcc_generated_files/i2c1.c"
 Parameters:    Size  Location     Type
		None
 Auto vars:     Size  Location     Type
		None
 Return value:  Size  Location     Type
                  1    wreg      void 
 Registers used:
		wreg, fsr0l, fsr0h, fsr1l, fsr1h, status,2, status,0, pclath, cstack
 Tracked objects:
		On entry : 
		On exit  : 
		Unchanged: 
 Data sizes:     COMMON   BANK0   BANK1   BANK2   BANK3   BANK4   BANK5   BANK6   BANK7   BANK8   BANK9  BANK10  BANK11  BANK12
      Params:         0       0       0       0       0       0       0       0       0       0       0       0       0       0
      Locals:         0       0       0       0       0       0       0       0       0       0       0       0       0       0
      Temps:          4       0       0       0       0       0       0       0       0       0       0       0       0       0
      Totals:         4       0       0       0       0       0       0       0       0       0       0       0       0       0
Total ram usage:        4 bytes
 Hardware stack levels used:    1
 Hardware stack levels required when called:    1
 This function calls:
		_I2C1_FunctionComplete
		_I2C1_Stop
 This function is called by:
		_INTERRUPT_InterruptManager
 This function uses a non-reentrant model


 *************** function _I2C1_Stop *****************
 Defined at:
		line 581 in file "mcc_generated_files/i2c1.c"
 Parameters:    Size  Location     Type
  completion_c    1    wreg     enum E2972
 Auto vars:     Size  Location     Type
  completion_c    1    2[COMMON] enum E2972
 Return value:  Size  Location     Type
                  1    wreg      void 
 Registers used:
		wreg, fsr1l, fsr1h, status,2, status,0
 Tracked objects:
		On entry : 
		On exit  : 
		Unchanged: 
 Data sizes:     COMMON   BANK0   BANK1   BANK2   BANK3   BANK4   BANK5   BANK6   BANK7   BANK8   BANK9  BANK10  BANK11  BANK12
      Params:         0       0       0       0       0       0       0       0       0       0       0       0       0       0
      Locals:         1       0       0       0       0       0       0       0       0       0       0       0       0       0
      Temps:          2       0       0       0       0       0       0       0       0       0       0       0       0       0
      Totals:         3       0       0       0       0       0       0       0       0       0       0       0       0       0
Total ram usage:        3 bytes
 Hardware stack levels used:    1
 This function calls:
		Nothing
 This function is called by:
		_I2C1_ISR
 This function uses a non-reentrant model


 *************** function _I2C1_FunctionComplete *****************
 Defined at:
		line 563 in file "mcc_generated_files/i2c1.c"
 Parameters:    Size  Location     Type
		None
 Auto vars:     Size  Location     Type
		None
 Return value:  Size  Location     Type
                  1    wreg      void 
 Registers used:
		wreg, status,2, status,0
 Tracked objects:
		On entry : 
		On exit  : 
		Unchanged: 
 Data sizes:     COMMON   BANK0   BANK1   BANK2   BANK3   BANK4   BANK5   BANK6   BANK7   BANK8   BANK9  BANK10  BANK11  BANK12
      Params:         0       0       0       0       0       0       0       0       0       0       0       0       0       0
      Locals:         0       0       0       0       0       0       0       0       0       0       0       0       0       0
      Temps:          1       0       0       0       0       0       0       0       0       0       0       0       0       0
      Totals:         1       0       0       0       0       0       0       0       0       0       0       0       0       0
Total ram usage:        1 bytes
 Hardware stack levels used:    1
 This function calls:
		Nothing
 This function is called by:
		_I2C1_ISR
 This function uses a non-reentrant model


 *************** function _I2C1_BusCollisionISR *****************
 Defined at:
		line 728 in file "mcc_generated_files/i2c1.c"
 Parameters:    Size  Location     Type
		None
 Auto vars:     Size  Location     Type
		None
 Return value:  Size  Location     Type
                  1    wreg      void 
 Registers used:
		None
 Tracked objects:
		On entry : 
		On exit  : 
		Unchanged: 
 Data sizes:     COMMON   BANK0   BANK1   BANK2   BANK3   BANK4   BANK5   BANK6   BANK7   BANK8   BANK9  BANK10  BANK11  BANK12
      Params:         0       0       0       0       0       0       0       0       0       0       0       0       0       0
      Locals:         0       0       0       0       0       0       0       0       0       0       0       0       0       0
      Temps:          0       0       0       0       0       0       0       0       0       0       0       0       0       0
      Totals:         0       0       0       0       0       0       0       0       0       0       0       0       0       0
Total ram usage:        0 bytes
 Hardware stack levels used:    1
 This function calls:
		Nothing
 This function is called by:
		_INTERRUPT_InterruptManager
 This function uses a non-reentrant model


 *************** function _EUSART_Transmit_ISR *****************
 Defined at:
		line 165 in file "mcc_generated_files/eusart.c"
 Parameters:    Size  Location     Type
		None
 Auto vars:     Size  Location     Type
		None
 Return value:  Size  Location     Type
                  1    wreg      void 
 Registers used:
		wreg, fsr1l, fsr1h, status,2, status,0
 Tracked objects:
		On entry : 
		On exit  : 
		Unchanged: 
 Data sizes:     COMMON   BANK0   BANK1   BANK2   BANK3   BANK4   BANK5   BANK6   BANK7   BANK8   BANK9  BANK10  BANK11  BANK12
      Params:         0       0       0       0       0       0       0       0       0       0       0       0       0       0
      Locals:         0       0       0       0       0       0       0       0       0       0       0       0       0       0
      Temps:          1       0       0       0       0       0       0       0       0       0       0       0       0       0
      Totals:         1       0       0       0       0       0       0       0       0       0       0       0       0       0
Total ram usage:        1 bytes
 Hardware stack levels used:    1
 This function calls:
		Nothing
 This function is called by:
		_INTERRUPT_InterruptManager
 This function uses a non-reentrant model


 *************** function _EUSART_Receive_ISR *****************
 Defined at:
		line 184 in file "mcc_generated_files/eusart.c"
 Parameters:    Size  Location     Type
		None
 Auto vars:     Size  Location     Type
		None
 Return value:  Size  Location     Type
                  1    wreg      void 
 Registers used:
		wreg, fsr1l, fsr1h, status,2, status,0
 Tracked objects:
		On entry : 
		On exit  : 
		Unchanged: 
 Data sizes:     COMMON   BANK0   BANK1   BANK2   BANK3   BANK4   BANK5   BANK6   BANK7   BANK8   BANK9  BANK10  BANK11  BANK12
      Params:         0       0       0       0       0       0       0       0       0       0       0       0       0       0
      Locals:         0       0       0       0       0       0       0       0       0       0       0       0       0       0
      Temps:          1       0       0       0       0       0       0       0       0       0       0       0       0       0
      Totals:         1       0       0       0       0       0       0       0       0       0       0       0       0       0
Total ram usage:        1 bytes
 Hardware stack levels used:    1
 This function calls:
		Nothing
 This function is called by:
		_INTERRUPT_InterruptManager
 This function uses a non-reentrant model



MODULE INFORMATION

Module		Function		Class		Link	Load	Size
C:\Program Files (x86)\Microchip\xc8\v1.41\sources\common\lwdiv.c
		___lwdiv       		CODE           	1E06	0000	54

C:\Program Files (x86)\Microchip\xc8\v1.41\sources\common\lwdiv.c estimated size: 54

C:\Program Files (x86)\Microchip\xc8\v1.41\sources\common\awdiv.c
		___awdiv       		CODE           	1FAE	0000	83

C:\Program Files (x86)\Microchip\xc8\v1.41\sources\common\awdiv.c estimated size: 83

C:\Program Files (x86)\Microchip\xc8\v1.41\sources\common\doprnt.c
		__doprnt       		CODE           	009A	0000	751

C:\Program Files (x86)\Microchip\xc8\v1.41\sources\common\doprnt.c estimated size: 751

C:\Program Files (x86)\Microchip\xc8\v1.41\sources\common\fttol.c
		___fttol       		CODE           	153C	0000	136

C:\Program Files (x86)\Microchip\xc8\v1.41\sources\common\fttol.c estimated size: 136

C:\Program Files (x86)\Microchip\xc8\v1.41\sources\common\Umul16.c
		___wmul        		CODE           	1B8B	0000	29

C:\Program Files (x86)\Microchip\xc8\v1.41\sources\common\Umul16.c estimated size: 29

C:\Program Files (x86)\Microchip\xc8\v1.41\sources\common\isdigit.c
		_isdigit       		CODE           	1A7D	0000	16

C:\Program Files (x86)\Microchip\xc8\v1.41\sources\common\isdigit.c estimated size: 16

mcc_generated_files/interrupt_manager.c
		_INTERRUPT_InterruptManager		CODE           	0004	0000	57

mcc_generated_files/interrupt_manager.c estimated size: 57

mcc_generated_files/tmr0.c
		_TMR0_HasOverflowOccured		CODE           	1A10	0000	5
		_TMR0_Initialize		CODE           	1A3E	0000	12

mcc_generated_files/tmr0.c estimated size: 17

mcc_generated_files/i2c1.c
		_I2C1_BusCollisionISR		CODE           	0003	0000	2
		_I2C1_MasterRead		CODE           	1CAE	0000	41
		_I2C1_FunctionComplete		CODE           	1AAB	0000	18
		_I2C1_MasterWriteTRBBuild		CODE           	1C64	0000	36
		_I2C1_ISR      		CODE           	083F	0000	338
		_I2C1_MasterWrite		CODE           	1CFE	0000	43
		_I2C1_Initialize		CODE           	1BA7	0000	29
		_I2C1_Stop     		CODE           	1BE1	0000	31
		_I2C1_MasterReadTRBBuild		CODE           	1D7E	0000	45
		_I2C1_MasterTRBInsert		CODE           	12E4	0000	88

mcc_generated_files/i2c1.c estimated size: 671

mcc_generated_files/pin_manager.c
		_PIN_MANAGER_Initialize		CODE           	1BFF	0000	32

mcc_generated_files/pin_manager.c estimated size: 32

C:\Program Files (x86)\Microchip\xc8\v1.41\sources\common\sprintf.c
		_sprintf       		CODE           	121F	0000	30

C:\Program Files (x86)\Microchip\xc8\v1.41\sources\common\sprintf.c estimated size: 30

C:\Program Files (x86)\Microchip\xc8\v1.41\sources\common\float.c
		___ftpack      		CODE           	13EC	0000	102

C:\Program Files (x86)\Microchip\xc8\v1.41\sources\common\float.c estimated size: 102

C:\Program Files (x86)\Microchip\xc8\v1.41\sources\common\printf.c
		_printf        		CODE           	1B08	0000	23

C:\Program Files (x86)\Microchip\xc8\v1.41\sources\common\printf.c estimated size: 23

protocol.c
		_PROTOCOL_Read_Device_Address		CODE           	1A09	0000	4
		_PROTOCOL_STA  		CODE           	1A6F	0000	15
		_concat        		CODE           	1ABC	0000	19
		_PROTOCOL_SAV  		CODE           	1A34	0000	11
		_PROTOCOL_SET  		CODE           	1A23	0000	9
		_PROTOCOL_STP  		CODE           	1A62	0000	14
		_PROTOCOL_EXT  		CODE           	1AE0	0000	20
		_PROTOCOL_Loop 		CODE           	0628	0000	407
		_PROTOCOL_Set_Extension_Handler		CODE           	1A2B	0000	10
		_PROTOCOL_Initialize		CODE           	123C	0000	84
		_PROTOCOL_Write_Device_Address		CODE           	1A9B	0000	17
		_PROTOCOL_Print_TLV		CODE           	0D85	0000	636

protocol.c estimated size: 1246

shared
		_CIRCUMFERENCE 		STRCODE        	100B	0000	4
		_dpowers       		STRCODE        	1000	0000	11
		__initialization		CODE           	003E	0000	89
		_MAX_Y         		STRCODE        	100A	0000	2
		_WHEEL_RADIUS  		STRCODE        	100E	0000	4

shared estimated size: 110

C:\Program Files (x86)\Microchip\xc8\v1.41\sources\common\lwmod.c
		___lwmod       		CODE           	1DAA	0000	46

C:\Program Files (x86)\Microchip\xc8\v1.41\sources\common\lwmod.c estimated size: 46

C:\Program Files (x86)\Microchip\xc8\v1.41\sources\common\atoi.c
		_atoi          		CODE           	1451	0000	114

C:\Program Files (x86)\Microchip\xc8\v1.41\sources\common\atoi.c estimated size: 114

C:\Program Files (x86)\Microchip\xc8\v1.41\sources\common\awmod.c
		___awmod       		CODE           	1E3B	0000	71

C:\Program Files (x86)\Microchip\xc8\v1.41\sources\common\awmod.c estimated size: 71

mcc_generated_files/mcc.c
		_WDT_Initialize		CODE           	1A14	0000	5
		_OSCILLATOR_Initialize		CODE           	0800	0000	8
		_SYSTEM_Initialize		CODE           	1ACE	0000	19

mcc_generated_files/mcc.c estimated size: 32

C:\Program Files (x86)\Microchip\xc8\v1.41\sources\common\abs.c
		_abs           		CODE           	1A8C	0000	16

C:\Program Files (x86)\Microchip\xc8\v1.41\sources\common\abs.c estimated size: 16

C:\Program Files (x86)\Microchip\xc8\v1.41\sources\common\strcpy.c
		_strcpy        		CODE           	1B1E	0000	28

C:\Program Files (x86)\Microchip\xc8\v1.41\sources\common\strcpy.c estimated size: 28

C:\Program Files (x86)\Microchip\xc8\v1.41\sources\common\lbtoft.c
		___lbtoft      		CODE           	1B39	0000	28

C:\Program Files (x86)\Microchip\xc8\v1.41\sources\common\lbtoft.c estimated size: 28

mcc_generated_files/memory.c
		_DATAEE_WriteByte		CODE           	1C41	0000	36
		_DATAEE_ReadByte		CODE           	1A55	0000	14

mcc_generated_files/memory.c estimated size: 50

C:\Program Files (x86)\Microchip\xc8\v1.41\sources\common\strncmp.c
		_strncmp       		CODE           	07BE	0000	67

C:\Program Files (x86)\Microchip\xc8\v1.41\sources\common\strncmp.c estimated size: 67

i2c1_util.c
		_i2c1_write    		CODE           	1CD6	0000	41
		_i2c1_read     		CODE           	128F	0000	86
		_i2c1_write_no_data		CODE           	1D28	0000	44

i2c1_util.c estimated size: 171

mcc_generated_files/eusart.c
		_putch         		CODE           	1A18	0000	6
		_EUSART_Read   		CODE           	1C1E	0000	36
		_EUSART_Write  		CODE           	1C87	0000	40
		_EUSART_Transmit_ISR		CODE           	1BC3	0000	31
		_EUSART_Initialize		CODE           	1B54	0000	28
		_EUSART_Receive_ISR		CODE           	1B6F	0000	29

mcc_generated_files/eusart.c estimated size: 170

C:\Program Files (x86)\Microchip\xc8\v1.41\sources\common\ftmul.c
		___ftmul       		CODE           	15C3	0000	181

C:\Program Files (x86)\Microchip\xc8\v1.41\sources\common\ftmul.c estimated size: 181

main.c
		_init          		CODE           	14C2	0000	123
		_start_handler 		CODE           	1A0C	0000	5
		_stop_handler  		CODE           	1A06	0000	4
		_exec_remote_cmd		CODE           	0990	0000	499
		_sen           		CODE           	172E	0000	211
		_del_dev       		CODE           	1F13	0000	78
		_put_cmd       		CODE           	1EC9	0000	75
		_print_dev_map 		CODE           	1E81	0000	73
		_scan_dev      		CODE           	0807	0000	57
		_main          		CODE           	1D53	0000	44
		_check_plg     		CODE           	1AF3	0000	22
		_detected      		CODE           	1DD7	0000	48
		_command_handler		CODE           	0B82	0000	516
		_fetch         		CODE           	133B	0000	88
		_edge_meter    		CODE           	0388	0000	673
		_inv_handler   		CODE           	1677	0000	184
		_add_dev       		CODE           	1F60	0000	79
		_dev_map_iterator		CODE           	1392	0000	91

main.c estimated size: 2870

