Microchip MPLAB XC8 Compiler V1.41 ()

Linker command line:

-W-3 --edf=C:\Program Files (x86)\Microchip\xc8\v1.41\dat\en_msgs.txt -cs \
  -h+dist/default/production\i2c_slave_temp_sensirion.X.production.sym \
  --cmf=dist/default/production\i2c_slave_temp_sensirion.X.production.cmf \
  -z -Q16F1829 -oC:\Users\shiny\AppData\Local\Temp\scbc.2 \
  -Mdist/default/production/i2c_slave_temp_sensirion.X.production.map -E1 \
  -ver=XC8 -ASTACK=02120h-023efh -pstack=STACK -ACODE=00h-07FFhx4 \
  -ASTRCODE=00h-01FFFh -ASTRING=00h-0FFhx32 -ACONST=00h-0FFhx32 \
  -AENTRY=00h-0FFhx32 -ACOMMON=070h-07Fh -ABANK0=020h-06Fh \
  -ABANK1=0A0h-0EFh -ABANK2=0120h-016Fh -ABANK3=01A0h-01EFh \
  -ABANK4=0220h-026Fh -ABANK5=02A0h-02EFh -ABANK6=0320h-036Fh \
  -ABANK7=03A0h-03EFh -ABANK8=0420h-046Fh -ABANK9=04A0h-04EFh \
  -ABANK10=0520h-056Fh -ABANK11=05A0h-05EFh -ABANK12=0620h-064Fh \
  -ABIGRAM=02000h-023EFh \
  -ARAM=020h-06Fh,0A0h-0EFh,0120h-016Fh,01A0h-01EFh,0220h-026Fh,02A0h-02EFh,0320h-036Fh,03A0h-03EFh,0420h-046Fh,04A0h-04EFh,0520h-056Fh,05A0h-05EFh,0620h-064Fh \
  -AABS1=020h-07Fh,0A0h-0EFh,0120h-016Fh,01A0h-01EFh,0220h-026Fh,02A0h-02EFh,0320h-036Fh,03A0h-03EFh,0420h-046Fh,04A0h-04EFh,0520h-056Fh,05A0h-05EFh,0620h-064Fh \
  -ASFR0=00h-01Fh -ASFR1=080h-09Fh -ASFR2=0100h-011Fh -ASFR3=0180h-019Fh \
  -ASFR4=0200h-021Fh -ASFR5=0280h-029Fh -ASFR6=0300h-031Fh \
  -ASFR7=0380h-039Fh -ASFR8=0400h-041Fh -ASFR9=0480h-049Fh \
  -ASFR10=0500h-051Fh -ASFR11=0580h-059Fh -ASFR12=0600h-061Fh \
  -ASFR13=0680h-06EFh -ASFR14=0700h-076Fh -ASFR15=0780h-07EFh \
  -ASFR16=0800h-086Fh -ASFR17=0880h-08EFh -ASFR18=0900h-096Fh \
  -ASFR19=0980h-09EFh -ASFR20=0A00h-0A6Fh -ASFR21=0A80h-0AEFh \
  -ASFR22=0B00h-0B6Fh -ASFR23=0B80h-0BEFh -ASFR24=0C00h-0C6Fh \
  -ASFR25=0C80h-0CEFh -ASFR26=0D00h-0D6Fh -ASFR27=0D80h-0DEFh \
  -ASFR28=0E00h-0E6Fh -ASFR29=0E80h-0EEFh -ASFR30=0F00h-0F6Fh \
  -ASFR31=0F80h-0FEFh -preset_vec=00h,intentry=04h,init,end_init \
  -ppowerup=CODE -pcinit=CODE -pfunctab=CODE -ACONFIG=08007h-08008h \
  -pconfig=CONFIG -DCONFIG=2 -AIDLOC=08000h-08003h -pidloc=IDLOC -DIDLOC=2 \
  -AEEDATA=00h-0FFh/0F000h -peeprom_data=EEDATA -DEEDATA=2 -DCODE=2 \
  -DSTRCODE=2 -DSTRING=2 -DCONST=2 -DENTRY=2 -k \
  C:\Users\shiny\AppData\Local\Temp\scbc.obj \
  dist/default/production\i2c_slave_temp_sensirion.X.production.obj 

Object code version is 3.11

Machine type is 16F1829



                Name                               Link     Load   Length Selector   Space Scale
C:\Users\shiny\AppData\Local\Temp\scbc.obj
                end_init                             48       48        2        8       0
                reset_vec                             0        0        2        0       0
                config                             8007     8007        2    1000E       0
dist/default/production\i2c_slave_temp_sensirion.X.production.obj
                cinit                                4A       4A       37        8       0
                intentry                              4        4       44        8       0
                text63                              AFB      AFB       1B     15F6       0
                text62                              B16      B16       1B     162C       0
                text61                              A14      A14        4     1428       0
                text60                              9FF      9FF        3     13FE       0
                text59                              E45      E45       43     1C8A       0
                text58                              A02      A02        3     1404       0
                text57                              A18      A18        4     1430       0
                text56                              A59      A59        A     14B2       0
                text55                              A05      A05        3     140A       0
                text54                              9FD      9FD        1     13FA       0
                text53                              B4D      B4D       1D     169A       0
                text52                              A47      A47        9     148E       0
                text51                              A39      A39        7     1472       0
                text50                              A1C      A1C        4     1438       0
                text49                              A08      A08        3     1410       0
                swtext2                             818      818        A     1000       0
                text48                              533      533       CB        8       0
                text47                              C51      C51       27     18A2       0
                text46                              9FE      9FE        1     13FC       0
                text45                              A9E      A9E       12     153C       0
                text44                              AC8      AC8       19     1590       0
                swtext1                             800      800       18     1000       0
                text43                              3E4      3E4      14F        8       0
                text41                              AE1      AE1       1A     15C2       0
                text40                              A0B      A0B        3     1416       0
                text39                              BC7      BC7       21     178E       0
                text38                              AB0      AB0       18     1560       0
                text37                              A28      A28        5     1450       0
                text36                              B6A      B6A       1E     16D4       0
                text35                              A63      A63        D     14C6       0
                text34                              ECF      ECF       51     1D9E       0
                text33                              B88      B88       1F     1710       0
                text32                                2        2        1        0       0
                text31                              C0A      C0A       23     1814       0
                text30                              A50      A50        9     14A0       0
                text29                              A40      A40        7     1480       0
                text28                              A20      A20        4     1440       0
                text27                              A0E      A0E        3     141C       0
                text26                              A8E      A8E       10     151C       0
                text25                              A24      A24        4     1448       0
                text24                              B31      B31       1C     1662       0
                text23                              A70      A70        F     14E0       0
                text22                              78B      78B       71      F16       0
                text21                              BE8      BE8       22     17D0       0
                text20                              DCE      DCE       35     1B9C       0
                text19                              D43      D43       2D     1A86       0
                text18                              C2D      C2D       24     185A       0
                text17                              A2D      A2D        6     145A       0
                text16                               81       81      1D5        8       0
                text15                              F20      F20       5E     1E40       0
                text14                              F7E      F7E       82     1EFC       0
                text13                              D9E      D9E       30     1B3C       0
                text12                              C9F      C9F       28     193E       0
                text11                              E88      E88       47     1D10       0
                text10                              CC7      CC7       28     198E       0
                text9                               D17      D17       2C     1A2E       0
                text8                               BA7      BA7       20     174E       0
                text7                               CEF      CEF       28     19DE       0
                text6                               C78      C78       27     18F0       0
                text5                               5FE      5FE       C8        8       0
                text4                               E03      E03       42     1C06       0
                text3                               256      256      18E        8       0
                text2                               A7F      A7F        F     14FE       0
                text1                               7FC      7FC        4      F16       0
                maintext                            D70      D70       2E     1AE0       0
                cstackBANK0                          20       20       40       20       1
                cstackCOMMON                         70       70        A       70       1
                cstackBANK2                         162      162        2      120       1
                clrtext                             A33      A33        6     1466       0
                bssBANK3                            1A0      1A0       30      1A0       1
                bssBANK2                            120      120       40      120       1
                dataBANK1                            ED       ED        3       A0       1
                bssBANK1                             A0       A0       47       A0       1
                bssBANK0                             60       60        F       20       1
                dataCOMMON                           7D       7D        1       70       1
                bssCOMMON                            7A       7A        3       70       1
                nvBANK2                             160      160        2      120       1
                nvBANK1                              E7       E7        6       A0       1
                stringtext                          6C6      6C6       C5      D8C       0
                idataBANK1                          A11      A11        3     1422       0
                idataCOMMON                           3        3        1        6       0

TOTAL           Name                               Link     Load   Length     Space
        CLASS   STACK          

        CLASS   CODE           
                end_init                             48       48        2         0
                cinit                                4A       4A       37         0
                intentry                              4        4       44         0
                reset_vec                             0        0        2         0
                text63                              AFB      AFB       1B         0
                text62                              B16      B16       1B         0
                text61                              A14      A14        4         0
                text60                              9FF      9FF        3         0
                text59                              E45      E45       43         0
                text58                              A02      A02        3         0
                text57                              A18      A18        4         0
                text56                              A59      A59        A         0
                text55                              A05      A05        3         0
                text54                              9FD      9FD        1         0
                text53                              B4D      B4D       1D         0
                text52                              A47      A47        9         0
                text51                              A39      A39        7         0
                text50                              A1C      A1C        4         0
                text49                              A08      A08        3         0
                text48                              533      533       CB         0
                text47                              C51      C51       27         0
                text46                              9FE      9FE        1         0
                text45                              A9E      A9E       12         0
                text44                              AC8      AC8       19         0
                text43                              3E4      3E4      14F         0
                text41                              AE1      AE1       1A         0
                text40                              A0B      A0B        3         0
                text39                              BC7      BC7       21         0
                text38                              AB0      AB0       18         0
                text37                              A28      A28        5         0
                text36                              B6A      B6A       1E         0
                text35                              A63      A63        D         0
                text34                              ECF      ECF       51         0
                text33                              B88      B88       1F         0
                text32                                2        2        1         0
                text31                              C0A      C0A       23         0
                text30                              A50      A50        9         0
                text29                              A40      A40        7         0
                text28                              A20      A20        4         0
                text27                              A0E      A0E        3         0
                text26                              A8E      A8E       10         0
                text25                              A24      A24        4         0
                text24                              B31      B31       1C         0
                text23                              A70      A70        F         0
                text22                              78B      78B       71         0
                text21                              BE8      BE8       22         0
                text20                              DCE      DCE       35         0
                text19                              D43      D43       2D         0
                text18                              C2D      C2D       24         0
                text17                              A2D      A2D        6         0
                text16                               81       81      1D5         0
                text15                              F20      F20       5E         0
                text14                              F7E      F7E       82         0
                text13                              D9E      D9E       30         0
                text12                              C9F      C9F       28         0
                text11                              E88      E88       47         0
                text10                              CC7      CC7       28         0
                text9                               D17      D17       2C         0
                text8                               BA7      BA7       20         0
                text7                               CEF      CEF       28         0
                text6                               C78      C78       27         0
                text5                               5FE      5FE       C8         0
                text4                               E03      E03       42         0
                text3                               256      256      18E         0
                text2                               A7F      A7F        F         0
                text1                               7FC      7FC        4         0
                maintext                            D70      D70       2E         0
                clrtext                             A33      A33        6         0
                idataBANK1                          A11      A11        3         0
                idataCOMMON                           3        3        1         0

        CLASS   STRCODE        
                stringtext                          6C6      6C6       C5         0

        CLASS   STRING         

        CLASS   CONST          
                swtext2                             818      818        A         0
                swtext1                             800      800       18         0

        CLASS   ENTRY          

        CLASS   COMMON         
                cstackCOMMON                         70       70        A         1
                dataCOMMON                           7D       7D        1         1
                bssCOMMON                            7A       7A        3         1

        CLASS   BANK0          
                cstackBANK0                          20       20       40         1
                bssBANK0                             60       60        F         1

        CLASS   BANK1          
                dataBANK1                            ED       ED        3         1
                bssBANK1                             A0       A0       47         1
                nvBANK1                              E7       E7        6         1

        CLASS   BANK2          
                cstackBANK2                         162      162        2         1
                bssBANK2                            120      120       40         1
                nvBANK2                             160      160        2         1

        CLASS   BANK3          
                bssBANK3                            1A0      1A0       30         1

        CLASS   BANK4          

        CLASS   BANK5          

        CLASS   BANK6          

        CLASS   BANK7          

        CLASS   BANK8          

        CLASS   BANK9          

        CLASS   BANK10         

        CLASS   BANK11         

        CLASS   BANK12         

        CLASS   BIGRAM         

        CLASS   RAM            

        CLASS   ABS1           
                abs_s1                               7E       7E        2         1

        CLASS   SFR0           

        CLASS   SFR1           

        CLASS   SFR2           

        CLASS   SFR3           

        CLASS   SFR4           

        CLASS   SFR5           

        CLASS   SFR6           

        CLASS   SFR7           

        CLASS   SFR8           

        CLASS   SFR9           

        CLASS   SFR10          

        CLASS   SFR11          

        CLASS   SFR12          

        CLASS   SFR13          

        CLASS   SFR14          

        CLASS   SFR15          

        CLASS   SFR16          

        CLASS   SFR17          

        CLASS   SFR18          

        CLASS   SFR19          

        CLASS   SFR20          

        CLASS   SFR21          

        CLASS   SFR22          

        CLASS   SFR23          

        CLASS   SFR24          

        CLASS   SFR25          

        CLASS   SFR26          

        CLASS   SFR27          

        CLASS   SFR28          

        CLASS   SFR29          

        CLASS   SFR30          

        CLASS   SFR31          

        CLASS   CONFIG         
                config                             8007     8007        2         0

        CLASS   IDLOC          

        CLASS   EEDATA         

        CLASS   BANK31         

        CLASS   BANK30         

        CLASS   BANK29         

        CLASS   BANK28         

        CLASS   BANK27         

        CLASS   BANK26         

        CLASS   BANK25         

        CLASS   BANK24         

        CLASS   BANK23         

        CLASS   BANK22         

        CLASS   BANK21         

        CLASS   BANK20         

        CLASS   BANK19         

        CLASS   BANK18         

        CLASS   BANK17         

        CLASS   BANK16         

        CLASS   BANK15         

        CLASS   BANK14         

        CLASS   BANK13         



SEGMENTS        Name                           Load    Length   Top    Selector   Space  Class     Delta

                reset_vec                      000000  000003  000003         0       0  CODE        2
                idataCOMMON                    000003  000001  000004         6       0  CODE        2
                intentry                       000004  0006C2  0006C6         8       0  CODE        2
                cstackBANK0                    000020  00004F  00006F        20       1  BANK0       1
                cstackCOMMON                   000070  00000E  00007E        70       1  COMMON      1
                bssBANK1                       0000A0  000050  0000F0        A0       1  BANK1       1
                bssBANK2                       000120  000044  000164       120       1  BANK2       1
                bssBANK3                       0001A0  000030  0001D0       1A0       1  BANK3       1
                stringtext                     0006C6  0000C5  00078B       D8C       0  STRCODE     2
                text22                         00078B  000075  000800       F16       0  CODE        2
                swtext1                        000800  000022  000822      1000       0  CONST       2
                text54                         0009FD  000001  0009FE      13FA       0  CODE        2
                text46                         0009FE  000001  0009FF      13FC       0  CODE        2
                text60                         0009FF  000003  000A02      13FE       0  CODE        2
                text58                         000A02  000003  000A05      1404       0  CODE        2
                text55                         000A05  000003  000A08      140A       0  CODE        2
                text49                         000A08  000003  000A0B      1410       0  CODE        2
                text40                         000A0B  000003  000A0E      1416       0  CODE        2
                text27                         000A0E  000003  000A11      141C       0  CODE        2
                idataBANK1                     000A11  000003  000A14      1422       0  CODE        2
                text61                         000A14  000004  000A18      1428       0  CODE        2
                text57                         000A18  000004  000A1C      1430       0  CODE        2
                text50                         000A1C  000004  000A20      1438       0  CODE        2
                text28                         000A20  000004  000A24      1440       0  CODE        2
                text25                         000A24  000004  000A28      1448       0  CODE        2
                text37                         000A28  000005  000A2D      1450       0  CODE        2
                text17                         000A2D  000006  000A33      145A       0  CODE        2
                clrtext                        000A33  000006  000A39      1466       0  CODE        2
                text51                         000A39  000007  000A40      1472       0  CODE        2
                text29                         000A40  000007  000A47      1480       0  CODE        2
                text52                         000A47  000009  000A50      148E       0  CODE        2
                text30                         000A50  000009  000A59      14A0       0  CODE        2
                text56                         000A59  00000A  000A63      14B2       0  CODE        2
                text35                         000A63  00000D  000A70      14C6       0  CODE        2
                text23                         000A70  00000F  000A7F      14E0       0  CODE        2
                text2                          000A7F  00000F  000A8E      14FE       0  CODE        2
                text26                         000A8E  000010  000A9E      151C       0  CODE        2
                text45                         000A9E  000012  000AB0      153C       0  CODE        2
                text38                         000AB0  000018  000AC8      1560       0  CODE        2
                text44                         000AC8  000019  000AE1      1590       0  CODE        2
                text41                         000AE1  00001A  000AFB      15C2       0  CODE        2
                text63                         000AFB  00001B  000B16      15F6       0  CODE        2
                text62                         000B16  00001B  000B31      162C       0  CODE        2
                text24                         000B31  00001C  000B4D      1662       0  CODE        2
                text53                         000B4D  00001D  000B6A      169A       0  CODE        2
                text36                         000B6A  00001E  000B88      16D4       0  CODE        2
                text33                         000B88  00001F  000BA7      1710       0  CODE        2
                text8                          000BA7  000020  000BC7      174E       0  CODE        2
                text39                         000BC7  000021  000BE8      178E       0  CODE        2
                text21                         000BE8  000022  000C0A      17D0       0  CODE        2
                text31                         000C0A  000023  000C2D      1814       0  CODE        2
                text18                         000C2D  000024  000C51      185A       0  CODE        2
                text47                         000C51  000027  000C78      18A2       0  CODE        2
                text6                          000C78  000027  000C9F      18F0       0  CODE        2
                text12                         000C9F  000028  000CC7      193E       0  CODE        2
                text10                         000CC7  000028  000CEF      198E       0  CODE        2
                text7                          000CEF  000028  000D17      19DE       0  CODE        2
                text9                          000D17  00002C  000D43      1A2E       0  CODE        2
                text19                         000D43  00002D  000D70      1A86       0  CODE        2
                maintext                       000D70  00002E  000D9E      1AE0       0  CODE        2
                text13                         000D9E  000030  000DCE      1B3C       0  CODE        2
                text20                         000DCE  000035  000E03      1B9C       0  CODE        2
                text4                          000E03  000042  000E45      1C06       0  CODE        2
                text59                         000E45  000043  000E88      1C8A       0  CODE        2
                text11                         000E88  000047  000ECF      1D10       0  CODE        2
                text34                         000ECF  000051  000F20      1D9E       0  CODE        2
                text15                         000F20  00005E  000F7E      1E40       0  CODE        2
                text14                         000F7E  000082  001000      1EFC       0  CODE        2
                config                         008007  000002  008009     1000E       0  CONFIG      2


UNUSED ADDRESS RANGES

        Name                Unused          Largest block    Delta
        BANK0            0006F-0006F               1           1
        BANK10           00520-0056F              50           1
        BANK11           005A0-005EF              50           1
        BANK12           00620-0064F              30           1
        BANK2            00164-0016F               C           1
        BANK3            001D0-001EF              20           1
        BANK4            00220-0026F              50           1
        BANK5            002A0-002EF              50           1
        BANK6            00320-0036F              50           1
        BANK7            003A0-003EF              50           1
        BANK8            00420-0046F              50           1
        BANK9            004A0-004EF              50           1
        BIGRAM           02000-023EF             3F0           1
        CODE             00822-009FC             1DB           2
                         01000-01FFF             800
        CONST            00822-009FC              DE           2
                         01000-01FFF             100
        EEDATA           0F000-0F0FF             100           2
        ENTRY            00822-009FC              DE           2
                         01000-01FFF             100
        IDLOC            08000-08003               4           2
        RAM              0006F-0006F               1           1
                         00164-0016F               C
                         001D0-001EF              20
                         00220-0026F              50
                         002A0-002EF              50
                         00320-0036F              50
                         003A0-003EF              50
                         00420-0046F              50
                         004A0-004EF              50
                         00520-0056F              50
                         005A0-005EF              50
                         00620-0064F              30
        SFR0             00000-0001F              20           1
        SFR1             00080-0009F              20           1
        SFR10            00500-0051F              20           1
        SFR11            00580-0059F              20           1
        SFR12            00600-0061F              20           1
        SFR13            00680-006EF              70           1
        SFR14            00700-0076F              70           1
        SFR15            00780-007EF              70           1
        SFR16            00800-0086F              70           1
        SFR17            00880-008EF              70           1
        SFR18            00900-0096F              70           1
        SFR19            00980-009EF              70           1
        SFR2             00100-0011F              20           1
        SFR20            00A00-00A6F              70           1
        SFR21            00A80-00AEF              70           1
        SFR22            00B00-00B6F              70           1
        SFR23            00B80-00BEF              70           1
        SFR24            00C00-00C6F              70           1
        SFR25            00C80-00CEF              70           1
        SFR26            00D00-00D6F              70           1
        SFR27            00D80-00DEF              70           1
        SFR28            00E00-00E6F              70           1
        SFR29            00E80-00EEF              70           1
        SFR3             00180-0019F              20           1
        SFR30            00F00-00F6F              70           1
        SFR31            00F80-00FEF              70           1
        SFR4             00200-0021F              20           1
        SFR5             00280-0029F              20           1
        SFR6             00300-0031F              20           1
        SFR7             00380-0039F              20           1
        SFR8             00400-0041F              20           1
        SFR9             00480-0049F              20           1
        STACK            02120-023EF             2D0           1
        STRCODE          00822-009FC             1DB           2
                         01000-01FFF            1000
        STRING           00822-009FC              DE           2
                         01000-01FFF             100

                                  Symbol Table

?_PROTOCOL_I2C_SEN                          cstackCOMMON 00070
?___aldiv                                   cstackBANK0  0002D
?___lmul                                    cstackBANK0  00021
?___lwdiv                                   cstackBANK0  00021
?___lwmod                                   cstackBANK0  00029
?___wmul                                    cstackBANK0  00021
?_atoi                                      cstackBANK0  00027
?_printf                                    cstackBANK0  0002F
?_strncmp                                   cstackBANK0  00021
DATAEE_ReadByte@bAdd                        cstackBANK0  00021
DATAEE_WriteByte@GIEBitValue                cstackBANK0  00023
DATAEE_WriteByte@bAdd                       cstackBANK0  00022
DATAEE_WriteByte@bData                      cstackBANK0  00021
EUSART_Read@readValue                       cstackBANK0  00022
EUSART_Write@txData                         cstackBANK0  00022
I2C1_ISR@i2c_data                           cstackCOMMON 00079
I2C1_StatusCallback@ext_buf                 bssBANK3     001A0
I2C1_StatusCallback@ext_cnt                 bssBANK1     000CA
I2C1_StatusCallback@ext_len                 bssBANK1     000CB
I2C1_StatusCallback@i2c_bus_state           cstackCOMMON 00077
I2C1_StatusCallback@next                    bssBANK0     0006C
I2C1_StatusCallback@pdata                   cstackCOMMON 00075
I2C1_StatusCallback@slaveWriteType          bssBANK1     000CC
I2C2_ISR@i2c_10bit_address_restart          bssBANK1     000C5
I2C2_ISR@i2c_address                        bssBANK0     0006D
I2C2_ISR@i2c_bytes_left                     bssBANK1     000C6
I2C2_ISR@pi2c_buf_ptr                       bssBANK1     000C7
I2C2_MasterRead@address                     cstackBANK0  00029
I2C2_MasterRead@length                      cstackBANK0  00028
I2C2_MasterRead@pdata                       cstackBANK0  0002E
I2C2_MasterRead@pflag                       cstackBANK0  0002B
I2C2_MasterRead@trBlock                     bssBANK1     000D3
I2C2_MasterReadTRBBuild@address             cstackBANK0  00023
I2C2_MasterReadTRBBuild@length              cstackBANK0  00022
I2C2_MasterReadTRBBuild@pdata               cstackBANK0  00021
I2C2_MasterReadTRBBuild@ptrb                cstackBANK0  00027
I2C2_MasterTRBInsert@count                  cstackBANK0  00024
I2C2_MasterTRBInsert@pflag                  cstackBANK0  00022
I2C2_MasterTRBInsert@ptrb_list              cstackBANK0  00021
I2C2_MasterWrite@address                    cstackBANK0  00029
I2C2_MasterWrite@length                     cstackBANK0  00028
I2C2_MasterWrite@pdata                      cstackBANK0  0002E
I2C2_MasterWrite@pflag                      cstackBANK0  0002B
I2C2_MasterWrite@trBlock                    bssBANK1     000D7
I2C2_MasterWriteTRBBuild@address            cstackBANK0  00023
I2C2_MasterWriteTRBBuild@length             cstackBANK0  00022
I2C2_MasterWriteTRBBuild@pdata              cstackBANK0  00021
I2C2_MasterWriteTRBBuild@ptrb               cstackBANK0  00027
I2C2_Stop@completion_code                   cstackCOMMON 00071
PROTOCOL_EXT@char_buf                       cstackBANK0  00021
PROTOCOL_I2C_SEN@pdata                      cstackCOMMON 00072
PROTOCOL_I2C_Send_int8_t@length             cstackBANK0  00046
PROTOCOL_I2C_Send_int8_t@pbuffer            cstackBANK0  00043
PROTOCOL_I2C_Set_TLV@length                 cstackBANK0  00021
PROTOCOL_I2C_Set_TLV@pbuffer                cstackBANK0  00022
PROTOCOL_I2C_Set_TLV@status                 cstackBANK0  00026
PROTOCOL_I2C_Set_TLV@type                   cstackBANK0  00025
PROTOCOL_Initialize@device_id               cstackBANK0  00022
PROTOCOL_Initialize@inv_handler             cstackBANK0  00027
PROTOCOL_Initialize@scaler                  cstackBANK0  00029
PROTOCOL_Initialize@set_handler             cstackBANK0  00026
PROTOCOL_Initialize@start_handler           cstackBANK0  00024
PROTOCOL_Initialize@stop_handler            cstackBANK0  00025
PROTOCOL_Loop@c                             cstackBANK2  00162
PROTOCOL_Loop@device_address                cstackBANK2  00163
PROTOCOL_SET@value_                         cstackBANK0  00022
PROTOCOL_Send_int8_t@pbuf                   bssBANK1     000E5
PROTOCOL_Send_uint8_t@pbuf                  bssBANK1     000E6
PROTOCOL_Write_Device_Address@device_id_i2c cstackBANK0  00025
_ANSELA                                     (abs)        0018C
_ANSELB                                     (abs)        0018D
_ANSELC                                     (abs)        0018E
_APFCON0                                    (abs)        0011D
_APFCON1                                    (abs)        0011E
_BACKPLANE_SLAVE_ADDRESS                    dataBANK1    000EE
_BAUDCON                                    (abs)        0019F
_DATAEE_ReadByte                            text35       00A63
_DATAEE_WriteByte                           text31       00C0A
_EEADRH                                     (abs)        00192
_EEADRL                                     (abs)        00191
_EECON1bits                                 (abs)        00195
_EECON2                                     (abs)        00196
_EEDATH                                     (abs)        00194
_EEDATL                                     (abs)        00193
_EUSART_Initialize                          text41       00AE1
_EUSART_Read                                text33       00B88
_EUSART_Receive_ISR                         text63       00AFB
_EUSART_Transmit_ISR                        text62       00B16
_EUSART_Write                               text18       00C2D
_I2C1_ISR                                   text47       00C51
_I2C1_Initialize                            text39       00BC7
_I2C1_StatusCallback                        text48       00533
_I2C2_BusCollisionISR                       text46       009FE
_I2C2_FunctionComplete                      text45       00A9E
_I2C2_ISR                                   text43       003E4
_I2C2_Initialize                            text38       00AB0
_I2C2_MasterRead                            text10       00CC7
_I2C2_MasterReadTRBBuild                    text12       00C9F
_I2C2_MasterTRBInsert                       text11       00E88
_I2C2_MasterWrite                           text7        00CEF
_I2C2_MasterWriteTRBBuild                   text8        00BA7
_I2C2_Stop                                  text44       00AC8
_I2C_slaveWriteData                         dataCOMMON   0007D
_INTCONbits                                 (abs)        0000B
_INTERRUPT_InterruptManager                 intentry     00004
_LATA                                       (abs)        0010C
_LATB                                       (abs)        0010D
_LATC                                       (abs)        0010E
_LATCbits                                   (abs)        0010E
_OPTION_REG                                 (abs)        00095
_OPTION_REGbits                             (abs)        00095
_OSCCON                                     (abs)        00099
_OSCILLATOR_Initialize                      text37       00A28
_OSCTUNE                                    (abs)        00098
_PIE1bits                                   (abs)        00091
_PIE4bits                                   (abs)        00094
_PIN_MANAGER_Initialize                     text36       00B6A
_PIR1bits                                   (abs)        00011
_PIR4bits                                   (abs)        00014
_PROTOCOL_Backplane_Slave_Enabled           text61       00A14
_PROTOCOL_EXT                               text32       00002
_PROTOCOL_Extension_Handler                 bssBANK1     000B4
_PROTOCOL_I2C_GET                           text60       009FF
_PROTOCOL_I2C_SEN                           text59       00E45
_PROTOCOL_I2C_Send_int8_t                   text15       00F20
_PROTOCOL_I2C_Set_TLV                       text21       00BE8
_PROTOCOL_I2C_WHO                           text58       00A02
_PROTOCOL_INV                               text57       00A18
_PROTOCOL_Initialize                        text34       00ECF
_PROTOCOL_Inv_Handler                       bssBANK1     000B2
_PROTOCOL_Loop                              text3        00256
_PROTOCOL_Loop_Func                         bssBANK1     000B6
_PROTOCOL_RST                               text56       00A59
_PROTOCOL_Read_Device_Address               text40       00A0B
_PROTOCOL_Read_Lock                         text55       00A05
_PROTOCOL_SAV                               text30       00A50
_PROTOCOL_SET                               text29       00A40
_PROTOCOL_STA                               text28       00A20
_PROTOCOL_STP                               text27       00A0E
_PROTOCOL_Set_Handler                       nvBANK1      000E7
_PROTOCOL_Start_Handler                     nvBANK1      000EB
_PROTOCOL_Stop_Handler                      nvBANK1      000E9
_PROTOCOL_Write_Device_Address              text26       00A8E
_RCREG                                      (abs)        00199
_RCSTA                                      (abs)        0019D
_RCSTAbits                                  (abs)        0019D
_RESOLUTION                                 stringtext   006D0
_SPBRGH                                     (abs)        0019C
_SPBRGL                                     (abs)        0019B
_SSP1ADD                                    (abs)        00212
_SSP1BUF                                    (abs)        00211
_SSP1CON1                                   (abs)        00215
_SSP1CON1bits                               (abs)        00215
_SSP1CON2                                   (abs)        00216
_SSP1CON2bits                               (abs)        00216
_SSP1CON3                                   (abs)        00217
_SSP1MSK                                    (abs)        00213
_SSP1STAT                                   (abs)        00214
_SSP1STATbits                               (abs)        00214
_SSP2ADD                                    (abs)        0021A
_SSP2BUF                                    (abs)        00219
_SSP2CON1                                   (abs)        0021D
_SSP2CON1bits                               (abs)        0021D
_SSP2CON2bits                               (abs)        0021E
_SSP2CON3                                   (abs)        0021F
_SSP2STAT                                   (abs)        0021C
_TMR0                                       (abs)        00015
_TMR0IF                                     (abs)        0005A
_TMR0_HasOverflowOccured                    text25       00A24
_TMR0_Initialize                            text2        00A7F
_TRISA                                      (abs)        0008C
_TRISB                                      (abs)        0008D
_TRISC                                      (abs)        0008E
_TXREG                                      (abs)        0019A
_TXSTA                                      (abs)        0019E
_WDTCON                                     (abs)        00097
_WDT_Initialize                             text1        007FC
_WPUA                                       (abs)        0020C
_WPUB                                       (abs)        0020D
_WPUC                                       (abs)        0020E
__CFG_BOREN$ON                              (abs)        00000
__CFG_BORV$LO                               (abs)        00000
__CFG_CLKOUTEN$OFF                          (abs)        00000
__CFG_CP$OFF                                (abs)        00000
__CFG_CPD$OFF                               (abs)        00000
__CFG_FCMEN$ON                              (abs)        00000
__CFG_FOSC$INTOSC                           (abs)        00000
__CFG_IESO$ON                               (abs)        00000
__CFG_LVP$ON                                (abs)        00000
__CFG_MCLRE$ON                              (abs)        00000
__CFG_PLLEN$ON                              (abs)        00000
__CFG_PWRTE$OFF                             (abs)        00000
__CFG_STVREN$ON                             (abs)        00000
__CFG_WDTE$OFF                              (abs)        00000
__CFG_WRT$OFF                               (abs)        00000
__Habs1                                     abs1         00000
__Hbank0                                    bank0        00000
__Hbank1                                    bank1        00000
__Hbank10                                   bank10       00000
__Hbank11                                   bank11       00000
__Hbank12                                   bank12       00000
__Hbank13                                   bank13       00000
__Hbank14                                   bank14       00000
__Hbank15                                   bank15       00000
__Hbank16                                   bank16       00000
__Hbank17                                   bank17       00000
__Hbank18                                   bank18       00000
__Hbank19                                   bank19       00000
__Hbank2                                    bank2        00000
__Hbank20                                   bank20       00000
__Hbank21                                   bank21       00000
__Hbank22                                   bank22       00000
__Hbank23                                   bank23       00000
__Hbank24                                   bank24       00000
__Hbank25                                   bank25       00000
__Hbank26                                   bank26       00000
__Hbank27                                   bank27       00000
__Hbank28                                   bank28       00000
__Hbank29                                   bank29       00000
__Hbank3                                    bank3        00000
__Hbank30                                   bank30       00000
__Hbank31                                   bank31       00000
__Hbank4                                    bank4        00000
__Hbank5                                    bank5        00000
__Hbank6                                    bank6        00000
__Hbank7                                    bank7        00000
__Hbank8                                    bank8        00000
__Hbank9                                    bank9        00000
__Hbigram                                   bigram       00000
__HbssBANK0                                 bssBANK0     00000
__HbssBANK1                                 bssBANK1     00000
__HbssBANK2                                 bssBANK2     00000
__HbssBANK3                                 bssBANK3     00000
__HbssCOMMON                                bssCOMMON    00000
__Hcinit                                    cinit        00081
__Hclrtext                                  clrtext      00000
__Hcode                                     code         00000
__Hcommon                                   common       00000
__Hconfig                                   config       08009
__HcstackBANK0                              cstackBANK0  00000
__HcstackBANK2                              cstackBANK2  00000
__HcstackCOMMON                             cstackCOMMON 00000
__HdataBANK1                                dataBANK1    00000
__HdataCOMMON                               dataCOMMON   00000
__Heeprom_data                              eeprom_data  00000
__Hend_init                                 end_init     0004A
__Hfunctab                                  functab      00000
__HidataBANK1                               idataBANK1   00000
__HidataCOMMON                              idataCOMMON  00000
__Hidloc                                    idloc        00000
__Hinit                                     init         00048
__Hintentry                                 intentry     00048
__Hmaintext                                 maintext     00000
__HnvBANK1                                  nvBANK1      00000
__HnvBANK2                                  nvBANK2      00000
__Hpowerup                                  powerup      00000
__Hram                                      ram          00000
__Hreset_vec                                reset_vec    00002
__Hsfr0                                     sfr0         00000
__Hsfr1                                     sfr1         00000
__Hsfr10                                    sfr10        00000
__Hsfr11                                    sfr11        00000
__Hsfr12                                    sfr12        00000
__Hsfr13                                    sfr13        00000
__Hsfr14                                    sfr14        00000
__Hsfr15                                    sfr15        00000
__Hsfr16                                    sfr16        00000
__Hsfr17                                    sfr17        00000
__Hsfr18                                    sfr18        00000
__Hsfr19                                    sfr19        00000
__Hsfr2                                     sfr2         00000
__Hsfr20                                    sfr20        00000
__Hsfr21                                    sfr21        00000
__Hsfr22                                    sfr22        00000
__Hsfr23                                    sfr23        00000
__Hsfr24                                    sfr24        00000
__Hsfr25                                    sfr25        00000
__Hsfr26                                    sfr26        00000
__Hsfr27                                    sfr27        00000
__Hsfr28                                    sfr28        00000
__Hsfr29                                    sfr29        00000
__Hsfr3                                     sfr3         00000
__Hsfr30                                    sfr30        00000
__Hsfr31                                    sfr31        00000
__Hsfr4                                     sfr4         00000
__Hsfr5                                     sfr5         00000
__Hsfr6                                     sfr6         00000
__Hsfr7                                     sfr7         00000
__Hsfr8                                     sfr8         00000
__Hsfr9                                     sfr9         00000
__Hspace_0                                  (abs)        08009
__Hspace_1                                  (abs)        001D0
__Hspace_2                                  (abs)        00000
__Hspace_3                                  (abs)        00000
__Hstack                                    stack        00000
__Hstrings                                  strings      00000
__Hstringtext                               stringtext   00000
__Htext                                     text         00000
__Labs1                                     abs1         00000
__Lbank0                                    bank0        00000
__Lbank1                                    bank1        00000
__Lbank10                                   bank10       00000
__Lbank11                                   bank11       00000
__Lbank12                                   bank12       00000
__Lbank13                                   bank13       00000
__Lbank14                                   bank14       00000
__Lbank15                                   bank15       00000
__Lbank16                                   bank16       00000
__Lbank17                                   bank17       00000
__Lbank18                                   bank18       00000
__Lbank19                                   bank19       00000
__Lbank2                                    bank2        00000
__Lbank20                                   bank20       00000
__Lbank21                                   bank21       00000
__Lbank22                                   bank22       00000
__Lbank23                                   bank23       00000
__Lbank24                                   bank24       00000
__Lbank25                                   bank25       00000
__Lbank26                                   bank26       00000
__Lbank27                                   bank27       00000
__Lbank28                                   bank28       00000
__Lbank29                                   bank29       00000
__Lbank3                                    bank3        00000
__Lbank30                                   bank30       00000
__Lbank31                                   bank31       00000
__Lbank4                                    bank4        00000
__Lbank5                                    bank5        00000
__Lbank6                                    bank6        00000
__Lbank7                                    bank7        00000
__Lbank8                                    bank8        00000
__Lbank9                                    bank9        00000
__Lbigram                                   bigram       00000
__LbssBANK0                                 bssBANK0     00000
__LbssBANK1                                 bssBANK1     00000
__LbssBANK2                                 bssBANK2     00000
__LbssBANK3                                 bssBANK3     00000
__LbssCOMMON                                bssCOMMON    00000
__Lcinit                                    cinit        0004A
__Lclrtext                                  clrtext      00000
__Lcode                                     code         00000
__Lcommon                                   common       00000
__Lconfig                                   config       08007
__LcstackBANK0                              cstackBANK0  00000
__LcstackBANK2                              cstackBANK2  00000
__LcstackCOMMON                             cstackCOMMON 00000
__LdataBANK1                                dataBANK1    00000
__LdataCOMMON                               dataCOMMON   00000
__Leeprom_data                              eeprom_data  00000
__Lend_init                                 end_init     00048
__Lfunctab                                  functab      00000
__LidataBANK1                               idataBANK1   00000
__LidataCOMMON                              idataCOMMON  00000
__Lidloc                                    idloc        00000
__Linit                                     init         00048
__Lintentry                                 intentry     00004
__Lmaintext                                 maintext     00000
__LnvBANK1                                  nvBANK1      00000
__LnvBANK2                                  nvBANK2      00000
__Lpowerup                                  powerup      00000
__Lram                                      ram          00000
__Lreset_vec                                reset_vec    00000
__Lsfr0                                     sfr0         00000
__Lsfr1                                     sfr1         00000
__Lsfr10                                    sfr10        00000
__Lsfr11                                    sfr11        00000
__Lsfr12                                    sfr12        00000
__Lsfr13                                    sfr13        00000
__Lsfr14                                    sfr14        00000
__Lsfr15                                    sfr15        00000
__Lsfr16                                    sfr16        00000
__Lsfr17                                    sfr17        00000
__Lsfr18                                    sfr18        00000
__Lsfr19                                    sfr19        00000
__Lsfr2                                     sfr2         00000
__Lsfr20                                    sfr20        00000
__Lsfr21                                    sfr21        00000
__Lsfr22                                    sfr22        00000
__Lsfr23                                    sfr23        00000
__Lsfr24                                    sfr24        00000
__Lsfr25                                    sfr25        00000
__Lsfr26                                    sfr26        00000
__Lsfr27                                    sfr27        00000
__Lsfr28                                    sfr28        00000
__Lsfr29                                    sfr29        00000
__Lsfr3                                     sfr3         00000
__Lsfr30                                    sfr30        00000
__Lsfr31                                    sfr31        00000
__Lsfr4                                     sfr4         00000
__Lsfr5                                     sfr5         00000
__Lsfr6                                     sfr6         00000
__Lsfr7                                     sfr7         00000
__Lsfr8                                     sfr8         00000
__Lsfr9                                     sfr9         00000
__Lspace_0                                  (abs)        00000
__Lspace_1                                  (abs)        00000
__Lspace_2                                  (abs)        00000
__Lspace_3                                  (abs)        00000
__Lstack                                    stack        00000
__Lstrings                                  strings      00000
__Lstringtext                               stringtext   00000
__Ltext                                     text         00000
__S0                                        (abs)        08009
__S1                                        (abs)        001D0
__S2                                        (abs)        00000
__S3                                        (abs)        00000
___aldiv                                    text14       00F7E
___aldiv@counter                            cstackBANK0  00036
___aldiv@dividend                           cstackBANK0  00031
___aldiv@divisor                            cstackBANK0  0002D
___aldiv@quotient                           cstackBANK0  00038
___aldiv@sign                               cstackBANK0  00037
___int_sp                                   stack        00000
___latbits                                  (abs)        00002
___lmul                                     text13       00D9E
___lmul@multiplicand                        cstackBANK0  00025
___lmul@multiplier                          cstackBANK0  00021
___lmul@product                             cstackBANK0  00029
___lwdiv                                    text20       00DCE
___lwdiv@counter                            cstackBANK0  00026
___lwdiv@dividend                           cstackBANK0  00023
___lwdiv@divisor                            cstackBANK0  00021
___lwdiv@quotient                           cstackBANK0  00027
___lwmod                                    text19       00D43
___lwmod@counter                            cstackBANK0  0002E
___lwmod@dividend                           cstackBANK0  0002B
___lwmod@divisor                            cstackBANK0  00029
___sp                                       stack        00000
___wmul                                     text24       00B31
___wmul@multiplicand                        cstackBANK0  00023
___wmul@multiplier                          cstackBANK0  00021
___wmul@product                             cstackBANK0  00025
__end_of_DATAEE_ReadByte                    text35       00A70
__end_of_DATAEE_WriteByte                   text31       00C2D
__end_of_EUSART_Initialize                  text41       00AFB
__end_of_EUSART_Read                        text33       00BA7
__end_of_EUSART_Receive_ISR                 text63       00B16
__end_of_EUSART_Transmit_ISR                text62       00B31
__end_of_EUSART_Write                       text18       00C51
__end_of_I2C1_ISR                           text47       00C78
__end_of_I2C1_Initialize                    text39       00BE8
__end_of_I2C1_StatusCallback                text48       005FE
__end_of_I2C2_BusCollisionISR               text46       009FF
__end_of_I2C2_FunctionComplete              text45       00AB0
__end_of_I2C2_ISR                           text43       00533
__end_of_I2C2_Initialize                    text38       00AC8
__end_of_I2C2_MasterRead                    text10       00CEF
__end_of_I2C2_MasterReadTRBBuild            text12       00CC7
__end_of_I2C2_MasterTRBInsert               text11       00ECF
__end_of_I2C2_MasterWrite                   text7        00D17
__end_of_I2C2_MasterWriteTRBBuild           text8        00BC7
__end_of_I2C2_Stop                          text44       00AE1
__end_of_INTERRUPT_InterruptManager         intentry     00048
__end_of_OSCILLATOR_Initialize              text37       00A2D
__end_of_PIN_MANAGER_Initialize             text36       00B88
__end_of_PROTOCOL_Backplane_Slave_Enabled   text61       00A18
__end_of_PROTOCOL_EXT                       text32       00003
__end_of_PROTOCOL_I2C_GET                   text60       00A02
__end_of_PROTOCOL_I2C_SEN                   text59       00E88
__end_of_PROTOCOL_I2C_Send_int8_t           text15       00F7E
__end_of_PROTOCOL_I2C_Set_TLV               text21       00C0A
__end_of_PROTOCOL_I2C_WHO                   text58       00A05
__end_of_PROTOCOL_INV                       text57       00A1C
__end_of_PROTOCOL_Initialize                text34       00F20
__end_of_PROTOCOL_Loop                      text3        003E4
__end_of_PROTOCOL_RST                       text56       00A63
__end_of_PROTOCOL_Read_Device_Address       text40       00A0E
__end_of_PROTOCOL_Read_Lock                 text55       00A08
__end_of_PROTOCOL_SAV                       text30       00A59
__end_of_PROTOCOL_SET                       text29       00A47
__end_of_PROTOCOL_STA                       text28       00A24
__end_of_PROTOCOL_STP                       text27       00A11
__end_of_PROTOCOL_Write_Device_Address      text26       00A9E
__end_of_RESOLUTION                         stringtext   006D2
__end_of_TMR0_HasOverflowOccured            text25       00A28
__end_of_TMR0_Initialize                    text2        00A8E
__end_of_WDT_Initialize                     text1        00800
__end_of___aldiv                            text14       01000
__end_of___lmul                             text13       00DCE
__end_of___lwdiv                            text20       00E03
__end_of___lwmod                            text19       00D70
__end_of___wmul                             text24       00B4D
__end_of__initialization                    cinit        0007D
__end_of_atoi                               text22       007FC
__end_of_dpowers                            stringtext   006D0
__end_of_i2c2_read_no_reg_addr              text9        00D43
__end_of_i2c2_write                         text6        00C9F
__end_of_inv_handler                        text5        006C6
__end_of_isdigit                            text23       00A7F
__end_of_main                               maintext     00D9E
__end_of_printf                             text16       00256
__end_of_putch                              text17       00A33
__end_of_strncmp                            text4        00E45
__end_ofi1_DATAEE_WriteByte                 text53       00B6A
__end_ofi1_PROTOCOL_EXT                     text54       009FE
__end_ofi1_PROTOCOL_SAV                     text52       00A50
__end_ofi1_PROTOCOL_SET                     text51       00A40
__end_ofi1_PROTOCOL_STA                     text50       00A20
__end_ofi1_PROTOCOL_STP                     text49       00A0B
__initialization                            cinit        0004A
__pbssBANK0                                 bssBANK0     00060
__pbssBANK1                                 bssBANK1     000A0
__pbssBANK2                                 bssBANK2     00120
__pbssBANK3                                 bssBANK3     001A0
__pbssCOMMON                                bssCOMMON    0007A
__pcstackBANK0                              cstackBANK0  00020
__pcstackBANK2                              cstackBANK2  00162
__pcstackCOMMON                             cstackCOMMON 00070
__pdataBANK1                                dataBANK1    000ED
__pdataCOMMON                               dataCOMMON   0007D
__pidataBANK1                               idataBANK1   00A11
__pidataCOMMON                              idataCOMMON  00003
__pintentry                                 intentry     00004
__pmaintext                                 maintext     00D70
__pnvBANK1                                  nvBANK1      000E7
__pnvBANK2                                  nvBANK2      00160
__pstringtext                               stringtext   006C6
__pswtext1                                  swtext1      00800
__pswtext2                                  swtext2      00818
__ptext1                                    text1        007FC
__ptext10                                   text10       00CC7
__ptext11                                   text11       00E88
__ptext12                                   text12       00C9F
__ptext13                                   text13       00D9E
__ptext14                                   text14       00F7E
__ptext15                                   text15       00F20
__ptext16                                   text16       00081
__ptext17                                   text17       00A2D
__ptext18                                   text18       00C2D
__ptext19                                   text19       00D43
__ptext2                                    text2        00A7F
__ptext20                                   text20       00DCE
__ptext21                                   text21       00BE8
__ptext22                                   text22       0078B
__ptext23                                   text23       00A70
__ptext24                                   text24       00B31
__ptext25                                   text25       00A24
__ptext26                                   text26       00A8E
__ptext27                                   text27       00A0E
__ptext28                                   text28       00A20
__ptext29                                   text29       00A40
__ptext3                                    text3        00256
__ptext30                                   text30       00A50
__ptext31                                   text31       00C0A
__ptext32                                   text32       00002
__ptext33                                   text33       00B88
__ptext34                                   text34       00ECF
__ptext35                                   text35       00A63
__ptext36                                   text36       00B6A
__ptext37                                   text37       00A28
__ptext38                                   text38       00AB0
__ptext39                                   text39       00BC7
__ptext4                                    text4        00E03
__ptext40                                   text40       00A0B
__ptext41                                   text41       00AE1
__ptext43                                   text43       003E4
__ptext44                                   text44       00AC8
__ptext45                                   text45       00A9E
__ptext46                                   text46       009FE
__ptext47                                   text47       00C51
__ptext48                                   text48       00533
__ptext49                                   text49       00A08
__ptext5                                    text5        005FE
__ptext50                                   text50       00A1C
__ptext51                                   text51       00A39
__ptext52                                   text52       00A47
__ptext53                                   text53       00B4D
__ptext54                                   text54       009FD
__ptext55                                   text55       00A05
__ptext56                                   text56       00A59
__ptext57                                   text57       00A18
__ptext58                                   text58       00A02
__ptext59                                   text59       00E45
__ptext6                                    text6        00C78
__ptext60                                   text60       009FF
__ptext61                                   text61       00A14
__ptext62                                   text62       00B16
__ptext63                                   text63       00AFB
__ptext7                                    text7        00CEF
__ptext8                                    text8        00BA7
__ptext9                                    text9        00D17
__size_of_DATAEE_ReadByte                   (abs)        00000
__size_of_DATAEE_WriteByte                  (abs)        00000
__size_of_EUSART_Initialize                 (abs)        00000
__size_of_EUSART_Read                       (abs)        00000
__size_of_EUSART_Receive_ISR                (abs)        00000
__size_of_EUSART_Transmit_ISR               (abs)        00000
__size_of_EUSART_Write                      (abs)        00000
__size_of_I2C1_ISR                          (abs)        00000
__size_of_I2C1_Initialize                   (abs)        00000
__size_of_I2C1_StatusCallback               (abs)        00000
__size_of_I2C2_BusCollisionISR              (abs)        00000
__size_of_I2C2_FunctionComplete             (abs)        00000
__size_of_I2C2_ISR                          (abs)        00000
__size_of_I2C2_Initialize                   (abs)        00000
__size_of_I2C2_MasterRead                   (abs)        00000
__size_of_I2C2_MasterReadTRBBuild           (abs)        00000
__size_of_I2C2_MasterTRBInsert              (abs)        00000
__size_of_I2C2_MasterWrite                  (abs)        00000
__size_of_I2C2_MasterWriteTRBBuild          (abs)        00000
__size_of_I2C2_Stop                         (abs)        00000
__size_of_INTERRUPT_InterruptManager        (abs)        00000
__size_of_OSCILLATOR_Initialize             (abs)        00000
__size_of_PIN_MANAGER_Initialize            (abs)        00000
__size_of_PROTOCOL_Backplane_Slave_Enabled  (abs)        00000
__size_of_PROTOCOL_EXT                      (abs)        00000
__size_of_PROTOCOL_I2C_GET                  (abs)        00000
__size_of_PROTOCOL_I2C_SEN                  (abs)        00000
__size_of_PROTOCOL_I2C_Send_int8_t          (abs)        00000
__size_of_PROTOCOL_I2C_Set_TLV              (abs)        00000
__size_of_PROTOCOL_I2C_WHO                  (abs)        00000
__size_of_PROTOCOL_INV                      (abs)        00000
__size_of_PROTOCOL_Initialize               (abs)        00000
__size_of_PROTOCOL_Loop                     (abs)        00000
__size_of_PROTOCOL_RST                      (abs)        00000
__size_of_PROTOCOL_Read_Device_Address      (abs)        00000
__size_of_PROTOCOL_Read_Lock                (abs)        00000
__size_of_PROTOCOL_SAV                      (abs)        00000
__size_of_PROTOCOL_SET                      (abs)        00000
__size_of_PROTOCOL_STA                      (abs)        00000
__size_of_PROTOCOL_STP                      (abs)        00000
__size_of_PROTOCOL_Write_Device_Address     (abs)        00000
__size_of_TMR0_HasOverflowOccured           (abs)        00000
__size_of_TMR0_Initialize                   (abs)        00000
__size_of_WDT_Initialize                    (abs)        00000
__size_of___aldiv                           (abs)        00000
__size_of___lmul                            (abs)        00000
__size_of___lwdiv                           (abs)        00000
__size_of___lwmod                           (abs)        00000
__size_of___wmul                            (abs)        00000
__size_of_atoi                              (abs)        00000
__size_of_i2c2_read_no_reg_addr             (abs)        00000
__size_of_i2c2_write                        (abs)        00000
__size_of_inv_handler                       (abs)        00000
__size_of_isdigit                           (abs)        00000
__size_of_main                              (abs)        00000
__size_of_printf                            (abs)        00000
__size_of_putch                             (abs)        00000
__size_of_strncmp                           (abs)        00000
__size_ofi1_DATAEE_WriteByte                (abs)        00000
__size_ofi1_PROTOCOL_EXT                    (abs)        00000
__size_ofi1_PROTOCOL_SAV                    (abs)        00000
__size_ofi1_PROTOCOL_SET                    (abs)        00000
__size_ofi1_PROTOCOL_STA                    (abs)        00000
__size_ofi1_PROTOCOL_STP                    (abs)        00000
_atoi                                       text22       0078B
_backplane_slave_enabled                    bssBANK1     000BA
_buf                                        bssBANK2     00120
_cnt                                        bssBANK1     000C2
_device_id_                                 nvBANK2      00160
_dpowers                                    stringtext   006C6
_eusartRxBuffer                             bssBANK1     000A0
_eusartRxCount                              bssBANK0     00067
_eusartRxHead                               bssBANK0     00069
_eusartRxTail                               bssBANK0     00068
_eusartTxBuffer                             bssBANK1     000A8
_eusartTxBufferRemaining                    bssCOMMON    0007A
_eusartTxHead                               bssCOMMON    0007C
_eusartTxTail                               bssCOMMON    0007B
_i                                          bssBANK0     00065
_i2c2_object                                bssBANK0     00060
_i2c2_read_no_reg_addr                      text9        00D17
_i2c2_state                                 bssBANK1     000C9
_i2c2_tr_queue                              bssBANK1     000DE
_i2c2_trb_count                             bssBANK1     000C8
_i2c2_write                                 text6        00C78
_inv_handler                                text5        005FE
_invoked                                    bssBANK1     000BF
_isdigit                                    text23       00A70
_isdigit$1477                               cstackBANK0  00021
_locked                                     bssBANK1     000C1
_main                                       maintext     00D70
_p_i2c2_current                             bssBANK0     0006A
_p_i2c2_trb_current                         bssBANK0     0006B
_printf                                     text16       00081
_putch                                      text17       00A2D
_readbuf                                    bssBANK1     000CD
_running                                    bssBANK1     000C0
_sec_cnt                                    bssBANK1     000BE
_sendbuf                                    bssBANK2     00150
_slave_address                              bssBANK1     000C3
_strncmp                                    text4        00E03
_timer0ReloadVal                            bssBANK1     000C4
_tmr_cnt                                    bssBANK1     000BD
_tmr_overflow                               bssBANK1     000BC
_tmr_scaler                                 dataBANK1    000ED
_type_no_data                               dataBANK1    000EF
_value                                      bssBANK0     00066
atoi@a                                      cstackBANK0  0002C
atoi@s                                      cstackBANK0  0002E
atoi@sign                                   cstackBANK0  0002B
btemp                                       (abs)        0007E
clear_ram0                                  clrtext      00A33
end_of_initialization                       cinit        0007D
i1DATAEE_WriteByte@GIEBitValue              cstackCOMMON 00072
i1DATAEE_WriteByte@bAdd                     cstackCOMMON 00071
i1DATAEE_WriteByte@bData                    cstackCOMMON 00070
i1PROTOCOL_SET@value_                       cstackCOMMON 00071
i1_DATAEE_WriteByte                         text53       00B4D
i1_PROTOCOL_EXT                             text54       009FD
i1_PROTOCOL_SAV                             text52       00A47
i1_PROTOCOL_SET                             text51       00A39
i1_PROTOCOL_STA                             text50       00A1C
i1_PROTOCOL_STP                             text49       00A08
i2c2_read_no_reg_addr@dev_addr              cstackBANK0  0002F
i2c2_read_no_reg_addr@len                   cstackBANK0  00032
i2c2_read_no_reg_addr@pbuf                  cstackBANK0  00031
i2c2_read_no_reg_addr@read_status           cstackBANK0  00036
i2c2_read_no_reg_addr@status                cstackBANK0  00037
i2c2_read_no_reg_addr@timeout               cstackBANK0  00035
i2c2_write@buf                              cstackBANK0  00035
i2c2_write@data                             cstackBANK0  00032
i2c2_write@dev_addr                         cstackBANK0  0002F
i2c2_write@reg_addr                         cstackBANK0  00031
i2c2_write@status                           cstackBANK0  00038
i2c2_write@write_status                     cstackBANK0  00037
int$flags                                   (abs)        0007E
intlevel0                                   functab      00000
intlevel1                                   functab      00000
intlevel2                                   functab      00000
intlevel3                                   functab      00000
intlevel4                                   functab      00000
intlevel5                                   functab      00000
inv_handler@data                            cstackBANK0  0005B
inv_handler@measure                         cstackBANK0  0004D
inv_handler@s_rh                            cstackBANK0  00057
inv_handler@s_t                             cstackBANK0  00053
inv_handler@status                          cstackBANK0  0004C
isdigit@c                                   cstackBANK0  00022
printf@ap                                   cstackBANK0  0003A
printf@c                                    cstackBANK0  00042
printf@cp                                   cstackBANK0  00038
printf@f                                    cstackBANK0  0002F
printf@flag                                 cstackBANK0  0003F
printf@len                                  cstackBANK0  0003D
printf@prec                                 cstackBANK0  00037
printf@val                                  cstackBANK0  0003B
printf@width                                cstackBANK0  00040
putch@txData                                cstackBANK0  00023
reset_vec                                   reset_vec    00000
stackhi                                     (abs)        023EF
stacklo                                     (abs)        02120
start                                       init         00048
start_initialization                        cinit        0004A
strncmp@len                                 cstackBANK0  00024
strncmp@s1                                  cstackBANK0  00021
strncmp@s2                                  cstackBANK0  00023
wtemp0                                      (abs)        0007E


FUNCTION INFORMATION:

 *************** function _main *****************
 Defined at:
		line 37 in file "main.c"
 Parameters:    Size  Location     Type
		None
 Auto vars:     Size  Location     Type
		None
 Return value:  Size  Location     Type
                  1    wreg      void 
 Registers used:
		wreg, fsr0l, fsr0h, fsr1l, fsr1h, status,2, status,0, pclath, cstack
 Tracked objects:
		On entry : 
		On exit  : 
		Unchanged: 
 Data sizes:     COMMON   BANK0   BANK1   BANK2   BANK3   BANK4   BANK5   BANK6   BANK7   BANK8   BANK9  BANK10  BANK11  BANK12
      Params:         0       0       0       0       0       0       0       0       0       0       0       0       0       0
      Locals:         0       0       0       0       0       0       0       0       0       0       0       0       0       0
[...]
Total ram usage:        1 bytes
 Hardware stack levels used:    1
 Hardware stack levels required when called:    1
 This function calls:
		i1_DATAEE_WriteByte
 This function is called by:
		_I2C1_StatusCallback
 This function uses a non-reentrant model


 *************** function i1_DATAEE_WriteByte *****************
 Defined at:
		line 180 in file "mcc_generated_files/memory.c"
 Parameters:    Size  Location     Type
  bAdd            1    wreg     unsigned char 
  bData           1    0[COMMON] unsigned char 
 Auto vars:     Size  Location     Type
  bAdd            1    1[COMMON] unsigned char 
  DATAEE_Write    1    2[COMMON] unsigned char 
 Return value:  Size  Location     Type
                  1    wreg      void 
 Registers used:
		wreg, status,2, status,0
 Tracked objects:
		On entry : 
		On exit  : 
		Unchanged: 
 Data sizes:     COMMON   BANK0   BANK1   BANK2   BANK3   BANK4   BANK5   BANK6   BANK7   BANK8   BANK9  BANK10  BANK11  BANK12
      Params:         1       0       0       0       0       0       0       0       0       0       0       0       0       0
      Locals:         2       0       0       0       0       0       0       0       0       0       0       0       0       0
      Temps:          0       0       0       0       0       0       0       0       0       0       0       0       0       0
      Totals:         3       0       0       0       0       0       0       0       0       0       0       0       0       0
Total ram usage:        3 bytes
 Hardware stack levels used:    1
 This function calls:
		Nothing
 This function is called by:
		i1_PROTOCOL_SAV
 This function uses a non-reentrant model


 *************** function i1_PROTOCOL_EXT *****************
 Defined at:
		line 116 in file "protocol.c"
 Parameters:    Size  Location     Type
  char_buf        1    wreg     PTR unsigned char 
		 -> buf(48), I2C1_StatusCallback@ext_buf(48), 
 Auto vars:     Size  Location     Type
  char_buf        1  (no storage) PTR unsigned char 
		 -> buf(48), I2C1_StatusCallback@ext_buf(48), 
 Return value:  Size  Location     Type
                  1    wreg      void 
 Registers used:
		wreg, status,2, status,0
 Tracked objects:
		On entry : 
		On exit  : 
		Unchanged: 
 Data sizes:     COMMON   BANK0   BANK1   BANK2   BANK3   BANK4   BANK5   BANK6   BANK7   BANK8   BANK9  BANK10  BANK11  BANK12
      Params:         0       0       0       0       0       0       0       0       0       0       0       0       0       0
      Locals:         0       0       0       0       0       0       0       0       0       0       0       0       0       0
      Temps:          0       0       0       0       0       0       0       0       0       0       0       0       0       0
      Totals:         0       0       0       0       0       0       0       0       0       0       0       0       0       0
Total ram usage:        0 bytes
 Hardware stack levels used:    1
 This function calls:
		Nothing
 This function is called by:
		_I2C1_StatusCallback
 This function uses a non-reentrant model


 *************** function _PROTOCOL_Read_Lock *****************
 Defined at:
		line 124 in file "protocol.c"
 Parameters:    Size  Location     Type
		None
 Auto vars:     Size  Location     Type
		None
 Return value:  Size  Location     Type
                  1    wreg      unsigned char 
 Registers used:
		wreg
 Tracked objects:
		On entry : 
		On exit  : 
		Unchanged: 
 Data sizes:     COMMON   BANK0   BANK1   BANK2   BANK3   BANK4   BANK5   BANK6   BANK7   BANK8   BANK9  BANK10  BANK11  BANK12
      Params:         0       0       0       0       0       0       0       0       0       0       0       0       0       0
      Locals:         0       0       0       0       0       0       0       0       0       0       0       0       0       0
      Temps:          0       0       0       0       0       0       0       0       0       0       0       0       0       0
      Totals:         0       0       0       0       0       0       0       0       0       0       0       0       0       0
Total ram usage:        0 bytes
 Hardware stack levels used:    1
 This function calls:
		Nothing
 This function is called by:
		_I2C1_StatusCallback
 This function uses a non-reentrant model


 *************** function _PROTOCOL_RST *****************
 Defined at:
		line 280 in file "protocol.c"
 Parameters:    Size  Location     Type
		None
 Auto vars:     Size  Location     Type
		None
 Return value:  Size  Location     Type
                  1    wreg      void 
 Registers used:
		wreg, status,2, status,0
 Tracked objects:
		On entry : 
		On exit  : 
		Unchanged: 
 Data sizes:     COMMON   BANK0   BANK1   BANK2   BANK3   BANK4   BANK5   BANK6   BANK7   BANK8   BANK9  BANK10  BANK11  BANK12
      Params:         0       0       0       0       0       0       0       0       0       0       0       0       0       0
      Locals:         0       0       0       0       0       0       0       0       0       0       0       0       0       0
      Temps:          1       0       0       0       0       0       0       0       0       0       0       0       0       0
      Totals:         1       0       0       0       0       0       0       0       0       0       0       0       0       0
Total ram usage:        1 bytes
 Hardware stack levels used:    1
 This function calls:
		Nothing
 This function is called by:
		_I2C1_StatusCallback
 This function uses a non-reentrant model


 *************** function _PROTOCOL_INV *****************
 Defined at:
		line 103 in file "protocol.c"
 Parameters:    Size  Location     Type
		None
 Auto vars:     Size  Location     Type
		None
 Return value:  Size  Location     Type
                  1    wreg      void 
 Registers used:
		None
 Tracked objects:
		On entry : 
		On exit  : 
		Unchanged: 
 Data sizes:     COMMON   BANK0   BANK1   BANK2   BANK3   BANK4   BANK5   BANK6   BANK7   BANK8   BANK9  BANK10  BANK11  BANK12
      Params:         0       0       0       0       0       0       0       0       0       0       0       0       0       0
      Locals:         0       0       0       0       0       0       0       0       0       0       0       0       0       0
      Temps:          0       0       0       0       0       0       0       0       0       0       0       0       0       0
      Totals:         0       0       0       0       0       0       0       0       0       0       0       0       0       0
Total ram usage:        0 bytes
 Hardware stack levels used:    1
 This function calls:
		Nothing
 This function is called by:
		_I2C1_StatusCallback
 This function uses a non-reentrant model


 *************** function _PROTOCOL_I2C_WHO *****************
 Defined at:
		line 200 in file "protocol.c"
 Parameters:    Size  Location     Type
		None
 Auto vars:     Size  Location     Type
		None
 Return value:  Size  Location     Type
                  1    wreg      unsigned char 
 Registers used:
		wreg
 Tracked objects:
		On entry : 
		On exit  : 
		Unchanged: 
 Data sizes:     COMMON   BANK0   BANK1   BANK2   BANK3   BANK4   BANK5   BANK6   BANK7   BANK8   BANK9  BANK10  BANK11  BANK12
      Params:         0       0       0       0       0       0       0       0       0       0       0       0       0       0
      Locals:         0       0       0       0       0       0       0       0       0       0       0       0       0       0
      Temps:          0       0       0       0       0       0       0       0       0       0       0       0       0       0
      Totals:         0       0       0       0       0       0       0       0       0       0       0       0       0       0
Total ram usage:        0 bytes
 Hardware stack levels used:    1
 This function calls:
		Nothing
 This function is called by:
		_I2C1_StatusCallback
 This function uses a non-reentrant model


 *************** function _PROTOCOL_I2C_SEN *****************
 Defined at:
		line 399 in file "protocol.c"
 Parameters:    Size  Location     Type
		None
 Auto vars:     Size  Location     Type
  pdata           2    2[COMMON] PTR unsigned char 
		 -> type_no_data(1), PROTOCOL_Send_uint8_t@pbuf(1), sendbuf(16), readbuf.length(1), 
		 -> readbuf.type(1), readbuf(6), 
 Return value:  Size  Location     Type
                  2   52[None  ] PTR unsigned char 
 Registers used:
		wreg, fsr0l, fsr0h, status,2, status,0
 Tracked objects:
		On entry : 
		On exit  : 
		Unchanged: 
 Data sizes:     COMMON   BANK0   BANK1   BANK2   BANK3   BANK4   BANK5   BANK6   BANK7   BANK8   BANK9  BANK10  BANK11  BANK12
      Params:         0       0       0       0       0       0       0       0       0       0       0       0       0       0
      Locals:         2       0       0       0       0       0       0       0       0       0       0       0       0       0
      Temps:          2       0       0       0       0       0       0       0       0       0       0       0       0       0
      Totals:         4       0       0       0       0       0       0       0       0       0       0       0       0       0
Total ram usage:        4 bytes
 Hardware stack levels used:    1
 This function calls:
		Nothing
 This function is called by:
		_I2C1_StatusCallback
 This function uses a non-reentrant model


 *************** function _PROTOCOL_I2C_GET *****************
 Defined at:
		line 204 in file "protocol.c"
 Parameters:    Size  Location     Type
		None
 Auto vars:     Size  Location     Type
		None
 Return value:  Size  Location     Type
                  1    wreg      unsigned char 
 Registers used:
		wreg
 Tracked objects:
		On entry : 
		On exit  : 
		Unchanged: 
 Data sizes:     COMMON   BANK0   BANK1   BANK2   BANK3   BANK4   BANK5   BANK6   BANK7   BANK8   BANK9  BANK10  BANK11  BANK12
      Params:         0       0       0       0       0       0       0       0       0       0       0       0       0       0
      Locals:         0       0       0       0       0       0       0       0       0       0       0       0       0       0
      Temps:          0       0       0       0       0       0       0       0       0       0       0       0       0       0
      Totals:         0       0       0       0       0       0       0       0       0       0       0       0       0       0
Total ram usage:        0 bytes
 Hardware stack levels used:    1
 This function calls:
		Nothing
 This function is called by:
		_I2C1_StatusCallback
 This function uses a non-reentrant model


 *************** function _PROTOCOL_Backplane_Slave_Enabled *****************
 Defined at:
		line 196 in file "protocol.c"
 Parameters:    Size  Location     Type
		None
 Auto vars:     Size  Location     Type
		None
 Return value:  Size  Location     Type
                  1    wreg      void 
 Registers used:
		None
 Tracked objects:
		On entry : 
		On exit  : 
		Unchanged: 
 Data sizes:     COMMON   BANK0   BANK1   BANK2   BANK3   BANK4   BANK5   BANK6   BANK7   BANK8   BANK9  BANK10  BANK11  BANK12
      Params:         0       0       0       0       0       0       0       0       0       0       0       0       0       0
      Locals:         0       0       0       0       0       0       0       0       0       0       0       0       0       0
      Temps:          0       0       0       0       0       0       0       0       0       0       0       0       0       0
      Totals:         0       0       0       0       0       0       0       0       0       0       0       0       0       0
Total ram usage:        0 bytes
 Hardware stack levels used:    1
 This function calls:
		Nothing
 This function is called by:
		_I2C1_StatusCallback
 This function uses a non-reentrant model


 *************** function _EUSART_Transmit_ISR *****************
 Defined at:
		line 165 in file "mcc_generated_files/eusart.c"
 Parameters:    Size  Location     Type
		None
 Auto vars:     Size  Location     Type
		None
 Return value:  Size  Location     Type
                  1    wreg      void 
 Registers used:
		wreg, fsr1l, fsr1h, status,2, status,0
 Tracked objects:
		On entry : 
		On exit  : 
		Unchanged: 
 Data sizes:     COMMON   BANK0   BANK1   BANK2   BANK3   BANK4   BANK5   BANK6   BANK7   BANK8   BANK9  BANK10  BANK11  BANK12
      Params:         0       0       0       0       0       0       0       0       0       0       0       0       0       0
      Locals:         0       0       0       0       0       0       0       0       0       0       0       0       0       0
      Temps:          1       0       0       0       0       0       0       0       0       0       0       0       0       0
      Totals:         1       0       0       0       0       0       0       0       0       0       0       0       0       0
Total ram usage:        1 bytes
 Hardware stack levels used:    1
 This function calls:
		Nothing
 This function is called by:
		_INTERRUPT_InterruptManager
 This function uses a non-reentrant model


 *************** function _EUSART_Receive_ISR *****************
 Defined at:
		line 184 in file "mcc_generated_files/eusart.c"
 Parameters:    Size  Location     Type
		None
 Auto vars:     Size  Location     Type
		None
 Return value:  Size  Location     Type
                  1    wreg      void 
 Registers used:
		wreg, fsr1l, fsr1h, status,2, status,0
 Tracked objects:
		On entry : 
		On exit  : 
		Unchanged: 
 Data sizes:     COMMON   BANK0   BANK1   BANK2   BANK3   BANK4   BANK5   BANK6   BANK7   BANK8   BANK9  BANK10  BANK11  BANK12
      Params:         0       0       0       0       0       0       0       0       0       0       0       0       0       0
      Locals:         0       0       0       0       0       0       0       0       0       0       0       0       0       0
      Temps:          1       0       0       0       0       0       0       0       0       0       0       0       0       0
      Totals:         1       0       0       0       0       0       0       0       0       0       0       0       0       0
Total ram usage:        1 bytes
 Hardware stack levels used:    1
 This function calls:
		Nothing
 This function is called by:
		_INTERRUPT_InterruptManager
 This function uses a non-reentrant model



MODULE INFORMATION

Module		Function		Class		Link	Load	Size
C:\Program Files (x86)\Microchip\xc8\v1.41\sources\common\lwdiv.c
		___lwdiv       		CODE           	0DCE	0000	54

C:\Program Files (x86)\Microchip\xc8\v1.41\sources\common\lwdiv.c estimated size: 54

C:\Program Files (x86)\Microchip\xc8\v1.41\sources\common\aldiv.c
		___aldiv       		CODE           	0F7E	0000	131

C:\Program Files (x86)\Microchip\xc8\v1.41\sources\common\aldiv.c estimated size: 131

C:\Program Files (x86)\Microchip\xc8\v1.41\sources\common\doprnt.c
		_printf        		CODE           	0081	0000	470

C:\Program Files (x86)\Microchip\xc8\v1.41\sources\common\doprnt.c estimated size: 470

C:\Program Files (x86)\Microchip\xc8\v1.41\sources\common\Umul16.c
		___wmul        		CODE           	0B31	0000	29

C:\Program Files (x86)\Microchip\xc8\v1.41\sources\common\Umul16.c estimated size: 29

C:\Program Files (x86)\Microchip\xc8\v1.41\sources\common\isdigit.c
		_isdigit       		CODE           	0A70	0000	16

C:\Program Files (x86)\Microchip\xc8\v1.41\sources\common\isdigit.c estimated size: 16

mcc_generated_files/interrupt_manager.c
		_INTERRUPT_InterruptManager		CODE           	0004	0000	69

mcc_generated_files/interrupt_manager.c estimated size: 69

mcc_generated_files/tmr0.c
		_TMR0_HasOverflowOccured		CODE           	0A24	0000	5
		_TMR0_Initialize		CODE           	0A7F	0000	16

mcc_generated_files/tmr0.c estimated size: 21

mcc_generated_files/i2c1.c
		_I2C1_StatusCallback		CODE           	0533	0000	204
		_I2C1_ISR      		CODE           	0C51	0000	40
		_I2C1_Initialize		CODE           	0BC7	0000	34

mcc_generated_files/i2c1.c estimated size: 278

mcc_generated_files/pin_manager.c
		_PIN_MANAGER_Initialize		CODE           	0B6A	0000	31

mcc_generated_files/pin_manager.c estimated size: 31

C:\Program Files (x86)\Microchip\xc8\v1.41\sources\common\Umul32.c
		___lmul        		CODE           	0D9E	0000	49

C:\Program Files (x86)\Microchip\xc8\v1.41\sources\common\Umul32.c estimated size: 49

i2c2_util.c
		_i2c2_write    		CODE           	0C78	0000	40
		_i2c2_read_no_reg_addr		CODE           	0D17	0000	45

i2c2_util.c estimated size: 85

protocol.c
		_PROTOCOL_I2C_Send_int8_t		CODE           	0F20	0000	95
		_PROTOCOL_I2C_SEN		CODE           	0E45	0000	68
		_PROTOCOL_I2C_GET		CODE           	09FF	0000	4
		_PROTOCOL_I2C_WHO		CODE           	0A02	0000	4
		_PROTOCOL_Backplane_Slave_Enabled		CODE           	0A14	0000	5
		_PROTOCOL_Read_Device_Address		CODE           	0A0B	0000	4
		_PROTOCOL_STA  		CODE           	0A20	0000	5
		_PROTOCOL_SAV  		CODE           	0A50	0000	10
		_PROTOCOL_SET  		CODE           	0A40	0000	8
		_PROTOCOL_STP  		CODE           	0A0E	0000	4
		_PROTOCOL_INV  		CODE           	0A18	0000	5
		_PROTOCOL_EXT  		CODE           	0002	0000	2
		_PROTOCOL_RST  		CODE           	0A59	0000	11
		_PROTOCOL_Loop 		CODE           	0256	0000	399
		_PROTOCOL_Initialize		CODE           	0ECF	0000	82
		_PROTOCOL_Read_Lock		CODE           	0A05	0000	4
		_PROTOCOL_Write_Device_Address		CODE           	0A8E	0000	17
		_PROTOCOL_I2C_Set_TLV		CODE           	0BE8	0000	35

protocol.c estimated size: 762

shared
		i1_DATAEE_WriteByte		CODE           	0B4D	0000	30
		i1_PROTOCOL_STA		CODE           	0A1C	0000	5
		i1_PROTOCOL_SAV		CODE           	0A47	0000	10
		i1_PROTOCOL_SET		CODE           	0A39	0000	8
		i1_PROTOCOL_STP		CODE           	0A08	0000	4
		i1_PROTOCOL_EXT		CODE           	09FD	0000	2
		_dpowers       		STRCODE        	06C6	0000	11
		__initialization		CODE           	004A	0000	52
		_RESOLUTION    		STRCODE        	06D0	0000	3

shared estimated size: 125

C:\Program Files (x86)\Microchip\xc8\v1.41\sources\common\lwmod.c
		___lwmod       		CODE           	0D43	0000	46

C:\Program Files (x86)\Microchip\xc8\v1.41\sources\common\lwmod.c estimated size: 46

C:\Program Files (x86)\Microchip\xc8\v1.41\sources\common\atoi.c
		_atoi          		CODE           	078B	0000	114

C:\Program Files (x86)\Microchip\xc8\v1.41\sources\common\atoi.c estimated size: 114

mcc_generated_files/mcc.c
		_WDT_Initialize		CODE           	07FC	0000	5
		_OSCILLATOR_Initialize		CODE           	0A28	0000	6

mcc_generated_files/mcc.c estimated size: 11

mcc_generated_files/i2c2.c
		_I2C2_BusCollisionISR		CODE           	09FE	0000	2
		_I2C2_MasterRead		CODE           	0CC7	0000	41
		_I2C2_FunctionComplete		CODE           	0A9E	0000	19
		_I2C2_MasterWriteTRBBuild		CODE           	0BA7	0000	33
		_I2C2_ISR      		CODE           	03E4	0000	336
		_I2C2_MasterWrite		CODE           	0CEF	0000	41
		_I2C2_Initialize		CODE           	0AB0	0000	25
		_I2C2_Stop     		CODE           	0AC8	0000	26
		_I2C2_MasterReadTRBBuild		CODE           	0C9F	0000	41
		_I2C2_MasterTRBInsert		CODE           	0E88	0000	72

mcc_generated_files/i2c2.c estimated size: 636

mcc_generated_files/memory.c
		_DATAEE_WriteByte		CODE           	0C0A	0000	36
		_DATAEE_ReadByte		CODE           	0A63	0000	14

mcc_generated_files/memory.c estimated size: 50

C:\Program Files (x86)\Microchip\xc8\v1.41\sources\common\strncmp.c
		_strncmp       		CODE           	0E03	0000	67

C:\Program Files (x86)\Microchip\xc8\v1.41\sources\common\strncmp.c estimated size: 67

mcc_generated_files/eusart.c
		_putch         		CODE           	0A2D	0000	7
		_EUSART_Read   		CODE           	0B88	0000	32
		_EUSART_Write  		CODE           	0C2D	0000	37
		_EUSART_Transmit_ISR		CODE           	0B16	0000	28
		_EUSART_Initialize		CODE           	0AE1	0000	27
		_EUSART_Receive_ISR		CODE           	0AFB	0000	28

mcc_generated_files/eusart.c estimated size: 159

main.c
		_main          		CODE           	0D70	0000	47
		_inv_handler   		CODE           	05FE	0000	201

main.c estimated size: 248

